Component: Arm Compiler for Embedded 6.19 Tool: armlink [5e73cb00]

==============================================================================

Section Cross References

    led.o(.ARM.exidx.text.led2_init) refers to led.o(.text.led2_init) for [Anonymous Symbol]
    led.o(.ARM.exidx.text.led2_on) refers to led.o(.text.led2_on) for [Anonymous Symbol]
    led.o(.ARM.exidx.text.led2_off) refers to led.o(.text.led2_off) for [Anonymous Symbol]
    main.o(.text.main) refers to led.o(.text.led2_init) for led2_init
    main.o(.text.main) refers to usart.o(.text.usart_init) for usart_init
    main.o(.text.main) refers to led.o(.text.led2_on) for led2_on
    main.o(.text.main) refers to led.o(.text.led2_off) for led2_off
    main.o(.text.main) refers to rt_memclr.o(.text) for __aeabi_memclr
    main.o(.text.main) refers to main.o(.rodata.str1.1) for .L.str
    main.o(.text.main) refers to sprintf.o(.text) for sprintf
    main.o(.text.main) refers to usart.o(.text.usart_send_bytes) for usart_send_bytes
    main.o(.ARM.exidx.text.main) refers to main.o(.text.main) for [Anonymous Symbol]
    usart.o(.ARM.exidx.text.usart_init) refers to usart.o(.text.usart_init) for [Anonymous Symbol]
    usart.o(.ARM.exidx.text.usart_send_char) refers to usart.o(.text.usart_send_char) for [Anonymous Symbol]
    usart.o(.text.usart_send_bytes) refers to usart.o(.text.usart_send_char) for usart_send_char
    usart.o(.ARM.exidx.text.usart_send_bytes) refers to usart.o(.text.usart_send_bytes) for [Anonymous Symbol]
    usart.o(.ARM.exidx.text.usart_receive_char) refers to usart.o(.text.usart_receive_char) for [Anonymous Symbol]
    usart.o(.text.usart_receive_bytes) refers to usart.o(.text.usart_receive_char) for usart_receive_char
    usart.o(.ARM.exidx.text.usart_receive_bytes) refers to usart.o(.text.usart_receive_bytes) for [Anonymous Symbol]
    startup_stm32f411xe.o(STACK) refers (Special) to heapauxi.o(.text) for __use_two_region_memory
    startup_stm32f411xe.o(HEAP) refers (Special) to heapauxi.o(.text) for __use_two_region_memory
    startup_stm32f411xe.o(RESET) refers (Special) to heapauxi.o(.text) for __use_two_region_memory
    startup_stm32f411xe.o(RESET) refers to startup_stm32f411xe.o(STACK) for __initial_sp
    startup_stm32f411xe.o(RESET) refers to startup_stm32f411xe.o(.text) for Reset_Handler
    startup_stm32f411xe.o(.text) refers (Special) to heapauxi.o(.text) for __use_two_region_memory
    startup_stm32f411xe.o(.text) refers to system_stm32f4xx.o(.text.SystemInit) for SystemInit
    startup_stm32f411xe.o(.text) refers to __main.o(!!!main) for __main
    startup_stm32f411xe.o(.text) refers to startup_stm32f411xe.o(HEAP) for Heap_Mem
    startup_stm32f411xe.o(.text) refers to startup_stm32f411xe.o(STACK) for Stack_Mem
    system_stm32f4xx.o(.ARM.exidx.text.SystemInit) refers to system_stm32f4xx.o(.text.SystemInit) for [Anonymous Symbol]
    system_stm32f4xx.o(.text.SystemCoreClockUpdate) refers to system_stm32f4xx.o(.data.SystemCoreClock) for SystemCoreClock
    system_stm32f4xx.o(.text.SystemCoreClockUpdate) refers to system_stm32f4xx.o(.rodata.AHBPrescTable) for AHBPrescTable
    system_stm32f4xx.o(.ARM.exidx.text.SystemCoreClockUpdate) refers to system_stm32f4xx.o(.text.SystemCoreClockUpdate) for [Anonymous Symbol]
    sprintf.o(.text) refers (Special) to _printf_a.o(.ARM.Collect$$_printf_percent$$00000006) for _printf_a
    sprintf.o(.text) refers (Special) to _printf_c.o(.ARM.Collect$$_printf_percent$$00000013) for _printf_c
    sprintf.o(.text) refers (Special) to _printf_charcount.o(.text) for _printf_charcount
    sprintf.o(.text) refers (Special) to _printf_d.o(.ARM.Collect$$_printf_percent$$00000009) for _printf_d
    sprintf.o(.text) refers (Special) to _printf_e.o(.ARM.Collect$$_printf_percent$$00000004) for _printf_e
    sprintf.o(.text) refers (Special) to _printf_f.o(.ARM.Collect$$_printf_percent$$00000003) for _printf_f
    sprintf.o(.text) refers (Special) to printf1.o(x$fpl$printf1) for _printf_fp_dec
    sprintf.o(.text) refers (Special) to printf2.o(x$fpl$printf2) for _printf_fp_hex
    sprintf.o(.text) refers (Special) to _printf_g.o(.ARM.Collect$$_printf_percent$$00000005) for _printf_g
    sprintf.o(.text) refers (Special) to _printf_i.o(.ARM.Collect$$_printf_percent$$00000008) for _printf_i
    sprintf.o(.text) refers (Special) to _printf_dec.o(.text) for _printf_int_dec
    sprintf.o(.text) refers (Special) to _printf_l.o(.ARM.Collect$$_printf_percent$$00000012) for _printf_l
    sprintf.o(.text) refers (Special) to _printf_lc.o(.ARM.Collect$$_printf_percent$$00000015) for _printf_lc
    sprintf.o(.text) refers (Special) to _printf_ll.o(.ARM.Collect$$_printf_percent$$00000007) for _printf_ll
    sprintf.o(.text) refers (Special) to _printf_lld.o(.ARM.Collect$$_printf_percent$$0000000E) for _printf_lld
    sprintf.o(.text) refers (Special) to _printf_lli.o(.ARM.Collect$$_printf_percent$$0000000D) for _printf_lli
[...]
    libinit2.o(.ARM.Collect$$libinit$$00000029) refers to argv_veneer.o(.emb_text) for __ARM_argv_veneer
    rtexit2.o(.ARM.Collect$$rtexit$$00000003) refers to libshutdown.o(.ARM.Collect$$libshutdown$$00000000) for __rt_lib_shutdown
    rtexit2.o(.ARM.Collect$$rtexit$$00000004) refers to sys_exit.o(.text) for _sys_exit
    rtexit2.o(.ARM.exidx) refers to rtexit2.o(.ARM.Collect$$rtexit$$00000001) for .ARM.Collect$$rtexit$$00000001
    rtexit2.o(.ARM.exidx) refers to rtexit2.o(.ARM.Collect$$rtexit$$00000003) for .ARM.Collect$$rtexit$$00000003
    rtexit2.o(.ARM.exidx) refers to rtexit2.o(.ARM.Collect$$rtexit$$00000004) for .ARM.Collect$$rtexit$$00000004
    argv_veneer.o(.emb_text) refers to no_argv.o(.text) for __ARM_get_argv
    sys_exit.o(.text) refers (Special) to use_no_semi.o(.text) for __I$use$semihosting
    sys_exit.o(.text) refers (Special) to indicate_semi.o(.text) for __semihosting_library_function
    sys_exit_hlt.o(.text) refers (Special) to use_no_semi.o(.text) for __I$use$semihosting
    sys_exit_hlt.o(.text) refers (Special) to indicate_semi.o(.text) for __semihosting_library_function
    _get_argv_nomalloc.o(.text) refers (Special) to hrguard.o(.text) for __heap_region$guard
    _get_argv_nomalloc.o(.text) refers to defsig_rtmem_outer.o(.text) for __rt_SIGRTMEM
    _get_argv_nomalloc.o(.text) refers to sys_command.o(.text) for _sys_command_string
    libshutdown.o(.ARM.Collect$$libshutdown$$00000000) refers (Special) to libshutdown2.o(.ARM.Collect$$libshutdown$$00000002) for __rt_lib_shutdown_cpp_1
    libshutdown.o(.ARM.Collect$$libshutdown$$00000000) refers (Special) to libshutdown2.o(.ARM.Collect$$libshutdown$$00000007) for __rt_lib_shutdown_fp_trap_1
    libshutdown.o(.ARM.Collect$$libshutdown$$00000000) refers (Special) to libshutdown2.o(.ARM.Collect$$libshutdown$$0000000F) for __rt_lib_shutdown_heap_1
    libshutdown.o(.ARM.Collect$$libshutdown$$00000000) refers (Special) to libshutdown2.o(.ARM.Collect$$libshutdown$$00000010) for __rt_lib_shutdown_return
    libshutdown.o(.ARM.Collect$$libshutdown$$00000000) refers (Special) to libshutdown2.o(.ARM.Collect$$libshutdown$$0000000A) for __rt_lib_shutdown_signal_1
    libshutdown.o(.ARM.Collect$$libshutdown$$00000000) refers (Special) to libshutdown2.o(.ARM.Collect$$libshutdown$$00000004) for __rt_lib_shutdown_stdio_1
    libshutdown.o(.ARM.Collect$$libshutdown$$00000000) refers (Special) to libshutdown2.o(.ARM.Collect$$libshutdown$$0000000C) for __rt_lib_shutdown_user_alloc_1
    sys_command.o(.text) refers (Special) to use_no_semi.o(.text) for __I$use$semihosting
    sys_command.o(.text) refers (Special) to indicate_semi.o(.text) for __semihosting_library_function
    sys_command_hlt.o(.text) refers (Special) to use_no_semi.o(.text) for __I$use$semihosting
    sys_command_hlt.o(.text) refers (Special) to indicate_semi.o(.text) for __semihosting_library_function
    defsig_rtmem_outer.o(.text) refers to defsig_rtmem_inner.o(.text) for __rt_SIGRTMEM_inner
    defsig_rtmem_outer.o(.text) refers to defsig_exit.o(.text) for __sig_exit
    defsig_rtmem_formal.o(.text) refers to rt_raise.o(.text) for __rt_raise
    rt_raise.o(.text) refers to __raise.o(.text) for __raise
    rt_raise.o(.text) refers to sys_exit.o(.text) for _sys_exit
    defsig_exit.o(.text) refers to sys_exit.o(.text) for _sys_exit
    defsig_rtmem_inner.o(.text) refers to defsig_general.o(.text) for __default_signal_display
    __raise.o(.text) refers to defsig.o(CL$$defsig) for __default_signal_handler
    defsig_general.o(.text) refers to sys_wrch.o(.text) for _ttywrch
    sys_wrch.o(.text) refers (Special) to use_no_semi.o(.text) for __I$use$semihosting
    sys_wrch.o(.text) refers (Special) to indicate_semi.o(.text) for __semihosting_library_function
    sys_wrch_hlt.o(.text) refers (Special) to use_no_semi.o(.text) for __I$use$semihosting
    sys_wrch_hlt.o(.text) refers (Special) to indicate_semi.o(.text) for __semihosting_library_function
    defsig.o(CL$$defsig) refers to defsig_rtmem_inner.o(.text) for __rt_SIGRTMEM_inner
    defsig_abrt_inner.o(.text) refers to defsig_general.o(.text) for __default_signal_display
    defsig_fpe_inner.o(.text) refers to defsig_general.o(.text) for __default_signal_display
    defsig_rtred_inner.o(.text) refers to defsig_general.o(.text) for __default_signal_display
    defsig_stak_inner.o(.text) refers to defsig_general.o(.text) for __default_signal_display
    defsig_pvfn_inner.o(.text) refers to defsig_general.o(.text) for __default_signal_display
    defsig_cppl_inner.o(.text) refers to defsig_general.o(.text) for __default_signal_display
    defsig_segv_inner.o(.text) refers to defsig_general.o(.text) for __default_signal_display
    defsig_other.o(.text) refers to defsig_general.o(.text) for __default_signal_display


==============================================================================

Removing Unused input sections from the image.

    Removing led.o(.text), (0 bytes).
    Removing led.o(.ARM.exidx.text.led2_init), (8 bytes).
    Removing led.o(.ARM.exidx.text.led2_on), (8 bytes).
    Removing led.o(.ARM.exidx.text.led2_off), (8 bytes).
    Removing main.o(.text), (0 bytes).
    Removing main.o(.ARM.exidx.text.main), (8 bytes).
    Removing main.o(.ARM.use_no_argv), (4 bytes).
    Removing usart.o(.text), (0 bytes).
    Removing usart.o(.ARM.exidx.text.usart_init), (8 bytes).
    Removing usart.o(.ARM.exidx.text.usart_send_char), (8 bytes).
    Removing usart.o(.ARM.exidx.text.usart_send_bytes), (8 bytes).
    Removing usart.o(.text.usart_receive_char), (44 bytes).
    Removing usart.o(.ARM.exidx.text.usart_receive_char), (8 bytes).
    Removing usart.o(.text.usart_receive_bytes), (64 bytes).
    Removing usart.o(.ARM.exidx.text.usart_receive_bytes), (8 bytes).
    Removing system_stm32f4xx.o(.text), (0 bytes).
    Removing system_stm32f4xx.o(.ARM.exidx.text.SystemInit), (8 bytes).
    Removing system_stm32f4xx.o(.text.SystemCoreClockUpdate), (302 bytes).
    Removing system_stm32f4xx.o(.ARM.exidx.text.SystemCoreClockUpdate), (8 bytes).
    Removing system_stm32f4xx.o(.data.SystemCoreClock), (4 bytes).
    Removing system_stm32f4xx.o(.rodata.AHBPrescTable), (16 bytes).
    Removing system_stm32f4xx.o(.rodata.APBPrescTable), (8 bytes).

22 unused section(s) (total 530 bytes) removed from the image.

==============================================================================

Image Symbol Table

    Local Symbols

    Symbol Name                              Value     Ov Type        Size  Object(Section)

    ../clib/angel/boardlib.s                 0x00000000   Number         0  boardinit1.o ABSOLUTE
    ../clib/angel/boardlib.s                 0x00000000   Number         0  boardinit2.o ABSOLUTE
    ../clib/angel/boardlib.s                 0x00000000   Number         0  boardinit3.o ABSOLUTE
    ../clib/angel/boardlib.s                 0x00000000   Number         0  boardshut.o ABSOLUTE
    ../clib/angel/handlers.s                 0x00000000   Number         0  __scatter_zi.o ABSOLUTE
    ../clib/angel/kernel.s                   0x00000000   Number         0  __rtentry.o ABSOLUTE
    ../clib/angel/kernel.s                   0x00000000   Number         0  __rtentry2.o ABSOLUTE
    ../clib/angel/kernel.s                   0x00000000   Number         0  __rtentry4.o ABSOLUTE
    ../clib/angel/kernel.s                   0x00000000   Number         0  rtexit.o ABSOLUTE
    ../clib/angel/kernel.s                   0x00000000   Number         0  rtexit2.o ABSOLUTE
    ../clib/angel/rt.s                       0x00000000   Number         0  rt_ctype_table.o ABSOLUTE
    ../clib/angel/rt.s                       0x00000000   Number         0  rt_locale.o ABSOLUTE
    ../clib/angel/rt.s                       0x00000000   Number         0  rt_locale_intlibspace.o ABSOLUTE
    ../clib/angel/rt.s                       0x00000000   Number         0  rt_raise.o ABSOLUTE
    ../clib/angel/scatter.s                  0x00000000   Number         0  __scatter.o ABSOLUTE
    ../clib/angel/startup.s                  0x00000000   Number         0  __main.o ABSOLUTE
    ../clib/angel/sys.s                      0x00000000   Number         0  sys_stackheap_outer.o ABSOLUTE
    ../clib/angel/sys.s                      0x00000000   Number         0  libspace.o ABSOLUTE
    ../clib/angel/sys.s                      0x00000000   Number         0  use_no_semi.o ABSOLUTE
    ../clib/angel/sys.s                      0x00000000   Number         0  indicate_semi.o ABSOLUTE
    ../clib/angel/sysapp.c                   0x00000000   Number         0  sys_exit.o ABSOLUTE
    ../clib/angel/sysapp.c                   0x00000000   Number         0  sys_exit_hlt.o ABSOLUTE
    ../clib/angel/sysapp.c                   0x00000000   Number         0  sys_command.o ABSOLUTE
    ../clib/angel/sysapp.c                   0x00000000   Number         0  sys_command_hlt.o ABSOLUTE
    ../clib/angel/sysapp.c                   0x00000000   Number         0  sys_wrch.o ABSOLUTE
    ../clib/angel/sysapp.c                   0x00000000   Number         0  sys_wrch_hlt.o ABSOLUTE
    ../clib/armsys.c                         0x00000000   Number         0  argv_veneer.o ABSOLUTE
    ../clib/armsys.c                         0x00000000   Number         0  argv_veneer.o ABSOLUTE
    ../clib/armsys.c                         0x00000000   Number         0  _get_argv_nomalloc.o ABSOLUTE
    ../clib/armsys.c                         0x00000000   Number         0  no_argv.o ABSOLUTE
    ../clib/bigflt.c                         0x00000000   Number         0  bigflt0.o ABSOLUTE
    ../clib/btod.s                           0x00000000   Number         0  btod.o ABSOLUTE
    ../clib/btod_accurate.c                  0x00000000   Number         0  btod_accurate.o ABSOLUTE
    ../clib/btod_accurate.c                  0x00000000   Number         0  btod_accurate_common.o ABSOLUTE
    ../clib/heapalloc.c                      0x00000000   Number         0  hrguard.o ABSOLUTE
    ../clib/heapaux.c                        0x00000000   Number         0  heapauxi.o ABSOLUTE
    ../clib/libinit.s                        0x00000000   Number         0  libinit.o ABSOLUTE
    ../clib/libinit.s                        0x00000000   Number         0  libinit2.o ABSOLUTE
    ../clib/libinit.s                        0x00000000   Number         0  libshutdown.o ABSOLUTE
    ../clib/libinit.s                        0x00000000   Number         0  libshutdown2.o ABSOLUTE
    ../clib/locale.c                         0x00000000   Number         0  _c16rtomb.o ABSOLUTE
    ../clib/locale.s                         0x00000000   Number         0  lc_numeric_c.o ABSOLUTE
    ../clib/locale.s                         0x00000000   Number         0  lc_ctype_c.o ABSOLUTE
    ../clib/longlong.s                       0x00000000   Number         0  lludiv10.o ABSOLUTE
    ../clib/longlong.s                       0x00000000   Number         0  llushr.o ABSOLUTE
    ../clib/memcpset.s                       0x00000000   Number         0  rt_memclr.o ABSOLUTE
    ../clib/memcpset.s                       0x00000000   Number         0  rt_memclr_w.o ABSOLUTE
    ../clib/memcpset.s                       0x00000000   Number         0  strcmpv7em.o ABSOLUTE
    ../clib/misc.s                           0x00000000   Number         0  printf_stubs.o ABSOLUTE
    ../clib/printf.c                         0x00000000   Number         0  sprintf.o ABSOLUTE
    ../clib/printf.c                         0x00000000   Number         0  __printf.o ABSOLUTE
    ../clib/printf.c                         0x00000000   Number         0  _printf_pad.o ABSOLUTE
    ../clib/printf.c                         0x00000000   Number         0  _printf_truncate.o ABSOLUTE
    ../clib/printf.c                         0x00000000   Number         0  _printf_str.o ABSOLUTE
    ../clib/printf.c                         0x00000000   Number         0  _printf_dec.o ABSOLUTE
    ../clib/printf.c                         0x00000000   Number         0  _printf_charcount.o ABSOLUTE
    ../clib/printf.c                         0x00000000   Number         0  _printf_char_common.o ABSOLUTE
    ../clib/printf.c                         0x00000000   Number         0  _sputc.o ABSOLUTE
    ../clib/printf.c                         0x00000000   Number         0  _printf_wctomb.o ABSOLUTE
    ../clib/printf.c                         0x00000000   Number         0  _printf_longlong_dec.o ABSOLUTE
    ../clib/printf.c                         0x00000000   Number         0  _printf_oct_ll.o ABSOLUTE
    ../clib/printf.c                         0x00000000   Number         0  _printf_oct_int.o ABSOLUTE
    ../clib/printf.c                         0x00000000   Number         0  _printf_oct_int_ll.o ABSOLUTE
    ../clib/printf.c                         0x00000000   Number         0  _printf_hex_ll.o ABSOLUTE
    ../clib/printf.c                         0x00000000   Number         0  _printf_hex_int.o ABSOLUTE
    ../clib/printf.c                         0x00000000   Number         0  _printf_hex_int_ll.o ABSOLUTE
    ../clib/printf.c                         0x00000000   Number         0  _printf_hex_ptr.o ABSOLUTE
    ../clib/printf.c                         0x00000000   Number         0  _printf_hex_int_ptr.o ABSOLUTE
    ../clib/printf.c                         0x00000000   Number         0  _printf_hex_ll_ptr.o ABSOLUTE
    ../clib/printf.c                         0x00000000   Number         0  _printf_hex_int_ll_ptr.o ABSOLUTE
    ../clib/printf.c                         0x00000000   Number         0  __printf_flags.o ABSOLUTE
    ../clib/printf.c                         0x00000000   Number         0  __printf_ss.o ABSOLUTE
    ../clib/printf.c                         0x00000000   Number         0  __printf_flags_ss.o ABSOLUTE
    ../clib/printf.c                         0x00000000   Number         0  __printf_wp.o ABSOLUTE
    ../clib/printf.c                         0x00000000   Number         0  __printf_flags_wp.o ABSOLUTE
    ../clib/printf.c                         0x00000000   Number         0  __printf_ss_wp.o ABSOLUTE
    ../clib/printf.c                         0x00000000   Number         0  __printf_flags_ss_wp.o ABSOLUTE
    ../clib/printf.c                         0x00000000   Number         0  _printf_intcommon.o ABSOLUTE
    ../clib/printf.c                         0x00000000   Number         0  _printf_fp_dec.o ABSOLUTE
    ../clib/printf.c                         0x00000000   Number         0  _printf_fp_dec_accurate.o ABSOLUTE
    ../clib/printf.c                         0x00000000   Number         0  _printf_fp_hex.o ABSOLUTE
    ../clib/printf.c                         0x00000000   Number         0  __printf_nopercent.o ABSOLUTE
    ../clib/printf.c                         0x00000000   Number         0  _printf_char.o ABSOLUTE
    ../clib/printf.c                         0x00000000   Number         0  _printf_wchar.o ABSOLUTE
    ../clib/printf.c                         0x00000000   Number         0  _printf_fp_infnan.o ABSOLUTE
    ../clib/printf_percent.s                 0x00000000   Number         0  _printf_c.o ABSOLUTE
    ../clib/printf_percent.s                 0x00000000   Number         0  _printf_s.o ABSOLUTE
    ../clib/printf_percent.s                 0x00000000   Number         0  _printf_n.o ABSOLUTE
    ../clib/printf_percent.s                 0x00000000   Number         0  _printf_x.o ABSOLUTE
    ../clib/printf_percent.s                 0x00000000   Number         0  _printf_p.o ABSOLUTE
    ../clib/printf_percent.s                 0x00000000   Number         0  _printf_o.o ABSOLUTE
    ../clib/printf_percent.s                 0x00000000   Number         0  _printf_i.o ABSOLUTE
    ../clib/printf_percent.s                 0x00000000   Number         0  _printf_d.o ABSOLUTE
    ../clib/printf_percent.s                 0x00000000   Number         0  _printf_u.o ABSOLUTE
    ../clib/printf_percent.s                 0x00000000   Number         0  _printf_f.o ABSOLUTE
    ../clib/printf_percent.s                 0x00000000   Number         0  _printf_e.o ABSOLUTE
    ../clib/printf_percent.s                 0x00000000   Number         0  _printf_g.o ABSOLUTE
    ../clib/printf_percent.s                 0x00000000   Number         0  _printf_a.o ABSOLUTE
    ../clib/printf_percent.s                 0x00000000   Number         0  _printf_percent.o ABSOLUTE
    ../clib/printf_percent.s                 0x00000000   Number         0  _printf_lli.o ABSOLUTE
    ../clib/printf_percent.s                 0x00000000   Number         0  _printf_lld.o ABSOLUTE
    ../clib/printf_percent.s                 0x00000000   Number         0  _printf_llu.o ABSOLUTE
    ../clib/printf_percent.s                 0x00000000   Number         0  _printf_ll.o ABSOLUTE
    ../clib/printf_percent.s                 0x00000000   Number         0  _printf_l.o ABSOLUTE
    ../clib/printf_percent.s                 0x00000000   Number         0  _printf_lc.o ABSOLUTE
    ../clib/printf_percent.s                 0x00000000   Number         0  _printf_ls.o ABSOLUTE
    ../clib/printf_percent.s                 0x00000000   Number         0  _printf_llo.o ABSOLUTE
    ../clib/printf_percent.s                 0x00000000   Number         0  _printf_llx.o ABSOLUTE
    ../clib/printf_percent.s                 0x00000000   Number         0  _printf_percent_end.o ABSOLUTE
    ../clib/signal.c                         0x00000000   Number         0  defsig_rtmem_outer.o ABSOLUTE
    ../clib/signal.c                         0x00000000   Number         0  defsig_rtmem_formal.o ABSOLUTE
    ../clib/signal.c                         0x00000000   Number         0  defsig_exit.o ABSOLUTE
    ../clib/signal.c                         0x00000000   Number         0  defsig_rtmem_inner.o ABSOLUTE
    ../clib/signal.c                         0x00000000   Number         0  __raise.o ABSOLUTE
    ../clib/signal.c                         0x00000000   Number         0  defsig_general.o ABSOLUTE
    ../clib/signal.c                         0x00000000   Number         0  defsig_abrt_inner.o ABSOLUTE
    ../clib/signal.c                         0x00000000   Number         0  defsig_fpe_inner.o ABSOLUTE
    ../clib/signal.c                         0x00000000   Number         0  defsig_rtred_inner.o ABSOLUTE
    ../clib/signal.c                         0x00000000   Number         0  defsig_stak_inner.o ABSOLUTE
    ../clib/signal.c                         0x00000000   Number         0  defsig_pvfn_inner.o ABSOLUTE
    ../clib/signal.c                         0x00000000   Number         0  defsig_cppl_inner.o ABSOLUTE
    ../clib/signal.c                         0x00000000   Number         0  defsig_segv_inner.o ABSOLUTE
    ../clib/signal.c                         0x00000000   Number         0  defsig_other.o ABSOLUTE
    ../clib/signal.s                         0x00000000   Number         0  defsig.o ABSOLUTE
    ../clib/stdlib.c                         0x00000000   Number         0  exit.o ABSOLUTE
    ../fplib/fpinit.s                        0x00000000   Number         0  fpinit.o ABSOLUTE
    ../fplib/istatus.s                       0x00000000   Number         0  istatus.o ABSOLUTE
    ../fplib/printf1.s                       0x00000000   Number         0  printf1.o ABSOLUTE
    ../fplib/printf2.s                       0x00000000   Number         0  printf2.o ABSOLUTE
    ../fplib/printf2a.s                      0x00000000   Number         0  printf2a.o ABSOLUTE
    ../fplib/printf2b.s                      0x00000000   Number         0  printf2b.o ABSOLUTE
    ../fplib/usenofp.s                       0x00000000   Number         0  usenofp.o ABSOLUTE
    ../mathlib/fpclassify.c                  0x00000000   Number         0  fpclassify.o ABSOLUTE
    RTE/Device/STM32F411RETx/startup_stm32f411xe.s 0x00000000   Number         0  startup_stm32f411xe.o ABSOLUTE
    dc.s                                     0x00000000   Number         0  dc.o ABSOLUTE
    led.c                                    0x00000000   Number         0  led.o ABSOLUTE
    main.c                                   0x00000000   Number         0  main.o ABSOLUTE
    system_stm32f4xx.c                       0x00000000   Number         0  system_stm32f4xx.o ABSOLUTE
    usart.c                                  0x00000000   Number         0  usart.o ABSOLUTE
    RESET                                    0x08008000   Section      408  startup_stm32f411xe.o(RESET)
    !!!main                                  0x08008198   Section        8  __main.o(!!!main)
    !!!scatter                               0x080081a0   Section       52  __scatter.o(!!!scatter)
    !!handler_zi                             0x080081d4   Section       28  __scatter_zi.o(!!handler_zi)
    .ARM.Collect$$_printf_percent$$00000000  0x080081f0   Section        0  _printf_percent.o(.ARM.Collect$$_printf_percent$$00000000)
    .ARM.Collect$$_printf_percent$$00000001  0x080081f0   Section        6  _printf_n.o(.ARM.Collect$$_printf_percent$$00000001)
    .ARM.Collect$$_printf_percent$$00000002  0x080081f6   Section        6  _printf_p.o(.ARM.Collect$$_printf_percent$$00000002)
    .ARM.Collect$$_printf_percent$$00000003  0x080081fc   Section        6  _printf_f.o(.ARM.Collect$$_printf_percent$$00000003)
    .ARM.Collect$$_printf_percent$$00000004  0x08008202   Section        6  _printf_e.o(.ARM.Collect$$_printf_percent$$00000004)
    .ARM.Collect$$_printf_percent$$00000005  0x08008208   Section        6  _printf_g.o(.ARM.Collect$$_printf_percent$$00000005)
    .ARM.Collect$$_printf_percent$$00000006  0x0800820e   Section        6  _printf_a.o(.ARM.Collect$$_printf_percent$$00000006)
    .ARM.Collect$$_printf_percent$$00000007  0x08008214   Section       10  _printf_ll.o(.ARM.Collect$$_printf_percent$$00000007)
    .ARM.Collect$$_printf_percent$$00000008  0x0800821e   Section        6  _printf_i.o(.ARM.Collect$$_printf_percent$$00000008)
    .ARM.Collect$$_printf_percent$$00000009  0x08008224   Section        6  _printf_d.o(.ARM.Collect$$_printf_percent$$00000009)
    .ARM.Collect$$_printf_percent$$0000000A  0x0800822a   Section        6  _printf_u.o(.ARM.Collect$$_printf_percent$$0000000A)
    .ARM.Collect$$_printf_percent$$0000000B  0x08008230   Section        6  _printf_o.o(.ARM.Collect$$_printf_percent$$0000000B)
    .ARM.Collect$$_printf_percent$$0000000C  0x08008236   Section        6  _printf_x.o(.ARM.Collect$$_printf_percent$$0000000C)
    .ARM.Collect$$_printf_percent$$0000000D  0x0800823c   Section        6  _printf_lli.o(.ARM.Collect$$_printf_percent$$0000000D)
    .ARM.Collect$$_printf_percent$$0000000E  0x08008242   Section        6  _printf_lld.o(.ARM.Collect$$_printf_percent$$0000000E)
    .ARM.Collect$$_printf_percent$$0000000F  0x08008248   Section        6  _printf_llu.o(.ARM.Collect$$_printf_percent$$0000000F)
    .ARM.Collect$$_printf_percent$$00000010  0x0800824e   Section        6  _printf_llo.o(.ARM.Collect$$_printf_percent$$00000010)
    .ARM.Collect$$_printf_percent$$00000011  0x08008254   Section        6  _printf_llx.o(.ARM.Collect$$_printf_percent$$00000011)
    .ARM.Collect$$_printf_percent$$00000012  0x0800825a   Section       10  _printf_l.o(.ARM.Collect$$_printf_percent$$00000012)
    .ARM.Collect$$_printf_percent$$00000013  0x08008264   Section        6  _printf_c.o(.ARM.Collect$$_printf_percent$$00000013)
    .ARM.Collect$$_printf_percent$$00000014  0x0800826a   Section        6  _printf_s.o(.ARM.Collect$$_printf_percent$$00000014)
    .ARM.Collect$$_printf_percent$$00000015  0x08008270   Section        6  _printf_lc.o(.ARM.Collect$$_printf_percent$$00000015)
    .ARM.Collect$$_printf_percent$$00000016  0x08008276   Section        6  _printf_ls.o(.ARM.Collect$$_printf_percent$$00000016)
    .ARM.Collect$$_printf_percent$$00000017  0x0800827c   Section        4  _printf_percent_end.o(.ARM.Collect$$_printf_percent$$00000017)
    .ARM.Collect$$libinit$$00000000          0x08008280   Section        2  libinit.o(.ARM.Collect$$libinit$$00000000)
    .ARM.Collect$$libinit$$00000001          0x08008282   Section        4  libinit2.o(.ARM.Collect$$libinit$$00000001)
    .ARM.Collect$$libinit$$00000004          0x08008286   Section        0  libinit2.o(.ARM.Collect$$libinit$$00000004)
    .ARM.Collect$$libinit$$00000006          0x08008286   Section        0  libinit2.o(.ARM.Collect$$libinit$$00000006)
    .ARM.Collect$$libinit$$0000000C          0x08008286   Section        0  libinit2.o(.ARM.Collect$$libinit$$0000000C)
    .ARM.Collect$$libinit$$0000000E          0x08008286   Section        0  libinit2.o(.ARM.Collect$$libinit$$0000000E)
    .ARM.Collect$$libinit$$00000010          0x08008286   Section        0  libinit2.o(.ARM.Collect$$libinit$$00000010)
    .ARM.Collect$$libinit$$00000011          0x08008286   Section        6  libinit2.o(.ARM.Collect$$libinit$$00000011)
    .ARM.Collect$$libinit$$00000013          0x0800828c   Section        0  libinit2.o(.ARM.Collect$$libinit$$00000013)
    .ARM.Collect$$libinit$$00000014          0x0800828c   Section       12  libinit2.o(.ARM.Collect$$libinit$$00000014)
    .ARM.Collect$$libinit$$00000015          0x08008298   Section        0  libinit2.o(.ARM.Collect$$libinit$$00000015)
    .ARM.Collect$$libinit$$00000017          0x08008298   Section        0  libinit2.o(.ARM.Collect$$libinit$$00000017)
    .ARM.Collect$$libinit$$00000018          0x08008298   Section       10  libinit2.o(.ARM.Collect$$libinit$$00000018)
    .ARM.Collect$$libinit$$00000019          0x080082a2   Section        0  libinit2.o(.ARM.Collect$$libinit$$00000019)
    .ARM.Collect$$libinit$$0000001B          0x080082a2   Section        0  libinit2.o(.ARM.Collect$$libinit$$0000001B)
    .ARM.Collect$$libinit$$0000001D          0x080082a2   Section        0  libinit2.o(.ARM.Collect$$libinit$$0000001D)
    .ARM.Collect$$libinit$$0000001F          0x080082a2   Section        0  libinit2.o(.ARM.Collect$$libinit$$0000001F)
    .ARM.Collect$$libinit$$00000021          0x080082a2   Section        0  libinit2.o(.ARM.Collect$$libinit$$00000021)
    .ARM.Collect$$libinit$$00000023          0x080082a2   Section        0  libinit2.o(.ARM.Collect$$libinit$$00000023)
    .ARM.Collect$$libinit$$00000025          0x080082a2   Section        0  libinit2.o(.ARM.Collect$$libinit$$00000025)
    .ARM.Collect$$libinit$$00000027          0x080082a2   Section        0  libinit2.o(.ARM.Collect$$libinit$$00000027)
    .ARM.Collect$$libinit$$0000002E          0x080082a2   Section        0  libinit2.o(.ARM.Collect$$libinit$$0000002E)
    .ARM.Collect$$libinit$$00000030          0x080082a2   Section        0  libinit2.o(.ARM.Collect$$libinit$$00000030)
    .ARM.Collect$$libinit$$00000032          0x080082a2   Section        0  libinit2.o(.ARM.Collect$$libinit$$00000032)
    .ARM.Collect$$libinit$$00000034          0x080082a2   Section        0  libinit2.o(.ARM.Collect$$libinit$$00000034)
    .ARM.Collect$$libinit$$00000035          0x080082a2   Section        2  libinit2.o(.ARM.Collect$$libinit$$00000035)
    .ARM.Collect$$libshutdown$$00000000      0x080082a4   Section        2  libshutdown.o(.ARM.Collect$$libshutdown$$00000000)
    .ARM.Collect$$libshutdown$$00000002      0x080082a6   Section        0  libshutdown2.o(.ARM.Collect$$libshutdown$$00000002)
    .ARM.Collect$$libshutdown$$00000004      0x080082a6   Section        0  libshutdown2.o(.ARM.Collect$$libshutdown$$00000004)
    .ARM.Collect$$libshutdown$$00000007      0x080082a6   Section        0  libshutdown2.o(.ARM.Collect$$libshutdown$$00000007)
    .ARM.Collect$$libshutdown$$0000000A      0x080082a6   Section        0  libshutdown2.o(.ARM.Collect$$libshutdown$$0000000A)
    .ARM.Collect$$libshutdown$$0000000C      0x080082a6   Section        0  libshutdown2.o(.ARM.Collect$$libshutdown$$0000000C)
    .ARM.Collect$$libshutdown$$0000000F      0x080082a6   Section        0  libshutdown2.o(.ARM.Collect$$libshutdown$$0000000F)
    .ARM.Collect$$libshutdown$$00000010      0x080082a6   Section        2  libshutdown2.o(.ARM.Collect$$libshutdown$$00000010)
    .ARM.Collect$$rtentry$$00000000          0x080082a8   Section        0  __rtentry.o(.ARM.Collect$$rtentry$$00000000)
    .ARM.Collect$$rtentry$$00000002          0x080082a8   Section        0  __rtentry2.o(.ARM.Collect$$rtentry$$00000002)
    .ARM.Collect$$rtentry$$00000004          0x080082a8   Section        6  __rtentry4.o(.ARM.Collect$$rtentry$$00000004)
    .ARM.Collect$$rtentry$$00000009          0x080082ae   Section        0  __rtentry2.o(.ARM.Collect$$rtentry$$00000009)
    .ARM.Collect$$rtentry$$0000000A          0x080082ae   Section        4  __rtentry2.o(.ARM.Collect$$rtentry$$0000000A)
    .ARM.Collect$$rtentry$$0000000C          0x080082b2   Section        0  __rtentry2.o(.ARM.Collect$$rtentry$$0000000C)
    .ARM.Collect$$rtentry$$0000000D          0x080082b2   Section        8  __rtentry2.o(.ARM.Collect$$rtentry$$0000000D)
    .ARM.Collect$$rtexit$$00000000           0x080082ba   Section        2  rtexit.o(.ARM.Collect$$rtexit$$00000000)
    .ARM.Collect$$rtexit$$00000002           0x080082bc   Section        0  rtexit2.o(.ARM.Collect$$rtexit$$00000002)
    .ARM.Collect$$rtexit$$00000003           0x080082bc   Section        4  rtexit2.o(.ARM.Collect$$rtexit$$00000003)
    .ARM.Collect$$rtexit$$00000004           0x080082c0   Section        6  rtexit2.o(.ARM.Collect$$rtexit$$00000004)
    $v0                                      0x080082c8   Number         0  startup_stm32f411xe.o(.text)
    .text                                    0x080082c8   Section       64  startup_stm32f411xe.o(.text)
    .text                                    0x08008308   Section        0  sprintf.o(.text)
    .text                                    0x08008334   Section       68  rt_memclr.o(.text)
    .text                                    0x08008378   Section        0  heapauxi.o(.text)
    .text                                    0x0800837e   Section        0  _printf_pad.o(.text)
    .text                                    0x080083cc   Section        0  _printf_truncate.o(.text)
    .text                                    0x080083f0   Section        0  _printf_str.o(.text)
    .text                                    0x08008444   Section        0  _printf_dec.o(.text)
    .text                                    0x080084bc   Section        0  _printf_charcount.o(.text)
    _printf_input_char                       0x080084e5   Thumb Code    10  _printf_char_common.o(.text)
    .text                                    0x080084e4   Section        0  _printf_char_common.o(.text)
    .text                                    0x08008514   Section        0  _sputc.o(.text)
    .text                                    0x08008520   Section        0  _printf_wctomb.o(.text)
    .text                                    0x080085dc   Section        0  _printf_longlong_dec.o(.text)
    _printf_longlong_oct_internal            0x08008659   Thumb Code     0  _printf_oct_int_ll.o(.text)
    .text                                    0x08008658   Section        0  _printf_oct_int_ll.o(.text)
    _printf_hex_common                       0x080086c9   Thumb Code     0  _printf_hex_int_ll_ptr.o(.text)
    .text                                    0x080086c8   Section        0  _printf_hex_int_ll_ptr.o(.text)
    .text                                    0x0800875c   Section        0  __printf_flags_ss_wp.o(.text)
    .text                                    0x080088e4   Section       78  rt_memclr_w.o(.text)
    .text                                    0x08008932   Section      138  lludiv10.o(.text)
    .text                                    0x080089bc   Section        0  _printf_intcommon.o(.text)
    _fp_digits                               0x08008a6f   Thumb Code   432  _printf_fp_dec.o(.text)
    .text                                    0x08008a6e   Section        0  _printf_fp_dec.o(.text)
    .text                                    0x08008e8c   Section        0  _printf_fp_hex.o(.text)
    .text                                    0x08009188   Section        0  _printf_char.o(.text)
    .text                                    0x080091b4   Section        0  _printf_wchar.o(.text)
    .text                                    0x080091e0   Section        0  _c16rtomb.o(.text)
    .text                                    0x08009228   Section       74  sys_stackheap_outer.o(.text)
    .text                                    0x08009274   Section       16  rt_ctype_table.o(.text)
    .text                                    0x08009284   Section        8  rt_locale_intlibspace.o(.text)
    .text                                    0x0800928c   Section        0  _printf_fp_infnan.o(.text)
    .text                                    0x0800930c   Section        0  bigflt0.o(.text)
    .text                                    0x080093f0   Section        0  exit.o(.text)
    .text                                    0x08009404   Section        8  libspace.o(.text)
    .text                                    0x08009410   Section      124  strcmpv7em.o(.text)
    .text                                    0x0800948c   Section        0  sys_exit.o(.text)
    .text                                    0x08009498   Section        2  use_no_semi.o(.text)
    .text                                    0x0800949a   Section        0  indicate_semi.o(.text)
    [Anonymous Symbol]                       0x0800949c   Section        0  system_stm32f4xx.o(.text.SystemInit)
    [Anonymous Symbol]                       0x080094b0   Section        0  led.o(.text.led2_init)
    [Anonymous Symbol]                       0x080094d8   Section        0  led.o(.text.led2_off)
    [Anonymous Symbol]                       0x080094e8   Section        0  led.o(.text.led2_on)
    [Anonymous Symbol]                       0x080094f8   Section        0  main.o(.text.main)
    [Anonymous Symbol]                       0x08009578   Section        0  usart.o(.text.usart_init)
    [Anonymous Symbol]                       0x0800965c   Section        0  usart.o(.text.usart_send_bytes)
    [Anonymous Symbol]                       0x0800969c   Section        0  usart.o(.text.usart_send_char)
    CL$$btod_d2e                             0x080096ca   Section       62  btod.o(CL$$btod_d2e)
    CL$$btod_d2e_denorm_low                  0x08009708   Section       70  btod.o(CL$$btod_d2e_denorm_low)
    CL$$btod_d2e_norm_op1                    0x0800974e   Section       96  btod.o(CL$$btod_d2e_norm_op1)
    CL$$btod_div_common                      0x080097b0   Section      824  btod.o(CL$$btod_div_common)
    CL$$btod_e2e                             0x08009ae8   Section      220  btod.o(CL$$btod_e2e)
    CL$$btod_ediv                            0x08009bc4   Section       42  btod.o(CL$$btod_ediv)
    CL$$btod_emul                            0x08009bee   Section       42  btod.o(CL$$btod_emul)
    CL$$btod_mult_common                     0x08009c18   Section      580  btod.o(CL$$btod_mult_common)
    i.__ARM_fpclassify                       0x08009e5c   Section        0  fpclassify.o(i.__ARM_fpclassify)
    i._is_digit                              0x08009e8c   Section        0  __printf_wp.o(i._is_digit)
    locale$$code                             0x08009e9c   Section       44  lc_numeric_c.o(locale$$code)
    locale$$code                             0x08009ec8   Section       44  lc_ctype_c.o(locale$$code)
    $v0                                      0x08009ef4   Number         0  fpinit.o(x$fpl$fpinit)
    x$fpl$fpinit                             0x08009ef4   Section       26  fpinit.o(x$fpl$fpinit)
    $v0                                      0x08009f0e   Number         0  printf1.o(x$fpl$printf1)
    x$fpl$printf1                            0x08009f0e   Section        4  printf1.o(x$fpl$printf1)
    $v0                                      0x08009f12   Number         0  printf2.o(x$fpl$printf2)
    x$fpl$printf2                            0x08009f12   Section        4  printf2.o(x$fpl$printf2)
    x$fpl$usenofp                            0x08009f16   Section        0  usenofp.o(x$fpl$usenofp)
    initial_mbstate                          0x08009f18   Data           8  _printf_wctomb.o(.constdata)
    .constdata                               0x08009f18   Section        8  _printf_wctomb.o(.constdata)
    uc_hextab                                0x08009f20   Data          20  _printf_hex_int_ll_ptr.o(.constdata)
    .constdata                               0x08009f20   Section       40  _printf_hex_int_ll_ptr.o(.constdata)
    lc_hextab                                0x08009f34   Data          20  _printf_hex_int_ll_ptr.o(.constdata)
    maptable                                 0x08009f48   Data          17  __printf_flags_ss_wp.o(.constdata)
    .constdata                               0x08009f48   Section       17  __printf_flags_ss_wp.o(.constdata)
    lc_hextab                                0x08009f59   Data          19  _printf_fp_hex.o(.constdata)
    .constdata                               0x08009f59   Section       38  _printf_fp_hex.o(.constdata)
    uc_hextab                                0x08009f6c   Data          19  _printf_fp_hex.o(.constdata)
    tenpwrs_x                                0x08009f80   Data          60  bigflt0.o(.constdata)
    .constdata                               0x08009f80   Section      148  bigflt0.o(.constdata)
    tenpwrs_i                                0x08009fbc   Data          64  bigflt0.o(.constdata)
    .L.str                                   0x0800a014   Data          23  main.o(.rodata.str1.1)
    [Anonymous Symbol]                       0x0800a014   Section        0  main.o(.rodata.str1.1)
    locale$$data                             0x0800a03c   Section       28  lc_numeric_c.o(locale$$data)
    __lcnum_c_name                           0x0800a040   Data           2  lc_numeric_c.o(locale$$data)
    __lcnum_c_start                          0x0800a048   Data           0  lc_numeric_c.o(locale$$data)
    __lcnum_c_point                          0x0800a054   Data           0  lc_numeric_c.o(locale$$data)
    __lcnum_c_thousands                      0x0800a056   Data           0  lc_numeric_c.o(locale$$data)
    __lcnum_c_grouping                       0x0800a057   Data           0  lc_numeric_c.o(locale$$data)
    __lcnum_c_end                            0x0800a058   Data           0  lc_numeric_c.o(locale$$data)
    locale$$data                             0x0800a058   Section      272  lc_ctype_c.o(locale$$data)
    __lcctype_c_name                         0x0800a05c   Data           2  lc_ctype_c.o(locale$$data)
    __lcctype_c_start                        0x0800a064   Data           0  lc_ctype_c.o(locale$$data)
    __lcctype_c_end                          0x0800a168   Data           0  lc_ctype_c.o(locale$$data)
    .bss                                     0x20000000   Section       96  libspace.o(.bss)
    Heap_Mem                                 0x20000060   Data         512  startup_stm32f411xe.o(HEAP)
    HEAP                                     0x20000060   Section      512  startup_stm32f411xe.o(HEAP)
    Stack_Mem                                0x20000260   Data        1024  startup_stm32f411xe.o(STACK)
    STACK                                    0x20000260   Section     1024  startup_stm32f411xe.o(STACK)
    __initial_sp                             0x20000660   Data           0  startup_stm32f411xe.o(STACK)

    Global Symbols

    Symbol Name                              Value     Ov Type        Size  Object(Section)

    BuildAttributes$$THM_ISAv4$E$P$D$K$B$S$7EM$VFPi3$EXTD16$VFPS$VFMA$PE$A:L22UL41UL21$X:L11$S22US41US21$IEEE1$IW$~IW$USESV6$~STKCKD$USESV7$~SHL$OTIME$ROPI$IEEEJ$EBA8$UX$STANDARDLIB$REQ8$PRES8$EABIv2 0x00000000   Number         0  anon$$obj.o ABSOLUTE
    _printf_flags                            0x00000000   Number         0  printf_stubs.o ABSOLUTE
    _printf_return_value                     0x00000000   Number         0  printf_stubs.o ABSOLUTE
    _printf_sizespec                         0x00000000   Number         0  printf_stubs.o ABSOLUTE
    _printf_widthprec                        0x00000000   Number         0  printf_stubs.o ABSOLUTE
    __ARM_exceptions_init                     - Undefined Weak Reference
    __alloca_initialize                       - Undefined Weak Reference
    __arm_preinit_                            - Undefined Weak Reference
    __arm_relocate_pie_                       - Undefined Weak Reference
    __cpp_initialize__aeabi_                  - Undefined Weak Reference
    __cxa_finalize                            - Undefined Weak Reference
    __sigvec_lookup                           - Undefined Weak Reference
    _atexit_init                              - Undefined Weak Reference
    _call_atexit_fns                          - Undefined Weak Reference
    _clock_init                               - Undefined Weak Reference
    _fp_trap_init                             - Undefined Weak Reference
    _fp_trap_shutdown                         - Undefined Weak Reference
    _get_lc_collate                           - Undefined Weak Reference
    _get_lc_monetary                          - Undefined Weak Reference
    _get_lc_time                              - Undefined Weak Reference
    _getenv_init                              - Undefined Weak Reference
    _handle_redirection                       - Undefined Weak Reference
    _init_alloc                               - Undefined Weak Reference
    _init_user_alloc                          - Undefined Weak Reference
    _initio                                   - Undefined Weak Reference
    _printf_mbtowc                            - Undefined Weak Reference
    _printf_wc                                - Undefined Weak Reference
    _rand_init                                - Undefined Weak Reference
    _signal_finish                            - Undefined Weak Reference
    _signal_init                              - Undefined Weak Reference
    _terminate_alloc                          - Undefined Weak Reference
    _terminate_user_alloc                     - Undefined Weak Reference
    _terminateio                              - Undefined Weak Reference
    __Vectors_Size                           0x00000198   Number         0  startup_stm32f411xe.o ABSOLUTE
    __Vectors                                0x08008000   Data           4  startup_stm32f411xe.o(RESET)
    __Vectors_End                            0x08008198   Data           0  startup_stm32f411xe.o(RESET)
    __main                                   0x08008199   Thumb Code     8  __main.o(!!!main)
    __scatterload                            0x080081a1   Thumb Code     0  __scatter.o(!!!scatter)
    __scatterload_rt2                        0x080081a1   Thumb Code    44  __scatter.o(!!!scatter)
    __scatterload_rt2_thumb_only             0x080081a1   Thumb Code     0  __scatter.o(!!!scatter)
    __scatterload_null                       0x080081af   Thumb Code     0  __scatter.o(!!!scatter)
    __scatterload_zeroinit                   0x080081d5   Thumb Code    28  __scatter_zi.o(!!handler_zi)
    _printf_n                                0x080081f1   Thumb Code     0  _printf_n.o(.ARM.Collect$$_printf_percent$$00000001)
    _printf_percent                          0x080081f1   Thumb Code     0  _printf_percent.o(.ARM.Collect$$_printf_percent$$00000000)
    _printf_p                                0x080081f7   Thumb Code     0  _printf_p.o(.ARM.Collect$$_printf_percent$$00000002)
    _printf_f                                0x080081fd   Thumb Code     0  _printf_f.o(.ARM.Collect$$_printf_percent$$00000003)
    _printf_e                                0x08008203   Thumb Code     0  _printf_e.o(.ARM.Collect$$_printf_percent$$00000004)
    _printf_g                                0x08008209   Thumb Code     0  _printf_g.o(.ARM.Collect$$_printf_percent$$00000005)
    _printf_a                                0x0800820f   Thumb Code     0  _printf_a.o(.ARM.Collect$$_printf_percent$$00000006)
    _printf_ll                               0x08008215   Thumb Code     0  _printf_ll.o(.ARM.Collect$$_printf_percent$$00000007)
    _printf_i                                0x0800821f   Thumb Code     0  _printf_i.o(.ARM.Collect$$_printf_percent$$00000008)
    _printf_d                                0x08008225   Thumb Code     0  _printf_d.o(.ARM.Collect$$_printf_percent$$00000009)
    _printf_u                                0x0800822b   Thumb Code     0  _printf_u.o(.ARM.Collect$$_printf_percent$$0000000A)
    _printf_o                                0x08008231   Thumb Code     0  _printf_o.o(.ARM.Collect$$_printf_percent$$0000000B)
    _printf_x                                0x08008237   Thumb Code     0  _printf_x.o(.ARM.Collect$$_printf_percent$$0000000C)
    _printf_lli                              0x0800823d   Thumb Code     0  _printf_lli.o(.ARM.Collect$$_printf_percent$$0000000D)
    _printf_lld                              0x08008243   Thumb Code     0  _printf_lld.o(.ARM.Collect$$_printf_percent$$0000000E)
    _printf_llu                              0x08008249   Thumb Code     0  _printf_llu.o(.ARM.Collect$$_printf_percent$$0000000F)
    _printf_llo                              0x0800824f   Thumb Code     0  _printf_llo.o(.ARM.Collect$$_printf_percent$$00000010)
    _printf_llx                              0x08008255   Thumb Code     0  _printf_llx.o(.ARM.Collect$$_printf_percent$$00000011)
    _printf_l                                0x0800825b   Thumb Code     0  _printf_l.o(.ARM.Collect$$_printf_percent$$00000012)
    _printf_c                                0x08008265   Thumb Code     0  _printf_c.o(.ARM.Collect$$_printf_percent$$00000013)
    _printf_s                                0x0800826b   Thumb Code     0  _printf_s.o(.ARM.Collect$$_printf_percent$$00000014)
    _printf_lc                               0x08008271   Thumb Code     0  _printf_lc.o(.ARM.Collect$$_printf_percent$$00000015)
    _printf_ls                               0x08008277   Thumb Code     0  _printf_ls.o(.ARM.Collect$$_printf_percent$$00000016)
    _printf_percent_end                      0x0800827d   Thumb Code     0  _printf_percent_end.o(.ARM.Collect$$_printf_percent$$00000017)
    __rt_lib_init                            0x08008281   Thumb Code     0  libinit.o(.ARM.Collect$$libinit$$00000000)
    __rt_lib_init_fp_1                       0x08008283   Thumb Code     0  libinit2.o(.ARM.Collect$$libinit$$00000001)
    __rt_lib_init_heap_1                     0x08008287   Thumb Code     0  libinit2.o(.ARM.Collect$$libinit$$0000000C)
    __rt_lib_init_lc_common                  0x08008287   Thumb Code     0  libinit2.o(.ARM.Collect$$libinit$$00000011)
    __rt_lib_init_preinit_1                  0x08008287   Thumb Code     0  libinit2.o(.ARM.Collect$$libinit$$00000006)
    __rt_lib_init_rand_1                     0x08008287   Thumb Code     0  libinit2.o(.ARM.Collect$$libinit$$00000010)
    __rt_lib_init_relocate_pie_1             0x08008287   Thumb Code     0  libinit2.o(.ARM.Collect$$libinit$$00000004)
    __rt_lib_init_user_alloc_1               0x08008287   Thumb Code     0  libinit2.o(.ARM.Collect$$libinit$$0000000E)
    __rt_lib_init_lc_collate_1               0x0800828d   Thumb Code     0  libinit2.o(.ARM.Collect$$libinit$$00000013)
    __rt_lib_init_lc_ctype_2                 0x0800828d   Thumb Code     0  libinit2.o(.ARM.Collect$$libinit$$00000014)
    __rt_lib_init_lc_ctype_1                 0x08008299   Thumb Code     0  libinit2.o(.ARM.Collect$$libinit$$00000015)
    __rt_lib_init_lc_monetary_1              0x08008299   Thumb Code     0  libinit2.o(.ARM.Collect$$libinit$$00000017)
    __rt_lib_init_lc_numeric_2               0x08008299   Thumb Code     0  libinit2.o(.ARM.Collect$$libinit$$00000018)
    __rt_lib_init_alloca_1                   0x080082a3   Thumb Code     0  libinit2.o(.ARM.Collect$$libinit$$00000030)
    __rt_lib_init_argv_1                     0x080082a3   Thumb Code     0  libinit2.o(.ARM.Collect$$libinit$$0000002E)
    __rt_lib_init_atexit_1                   0x080082a3   Thumb Code     0  libinit2.o(.ARM.Collect$$libinit$$0000001D)
    __rt_lib_init_clock_1                    0x080082a3   Thumb Code     0  libinit2.o(.ARM.Collect$$libinit$$00000023)
    __rt_lib_init_cpp_1                      0x080082a3   Thumb Code     0  libinit2.o(.ARM.Collect$$libinit$$00000034)
    __rt_lib_init_exceptions_1               0x080082a3   Thumb Code     0  libinit2.o(.ARM.Collect$$libinit$$00000032)
    __rt_lib_init_fp_trap_1                  0x080082a3   Thumb Code     0  libinit2.o(.ARM.Collect$$libinit$$00000021)
    __rt_lib_init_getenv_1                   0x080082a3   Thumb Code     0  libinit2.o(.ARM.Collect$$libinit$$00000025)
    __rt_lib_init_lc_numeric_1               0x080082a3   Thumb Code     0  libinit2.o(.ARM.Collect$$libinit$$00000019)
    __rt_lib_init_lc_time_1                  0x080082a3   Thumb Code     0  libinit2.o(.ARM.Collect$$libinit$$0000001B)
    __rt_lib_init_return                     0x080082a3   Thumb Code     0  libinit2.o(.ARM.Collect$$libinit$$00000035)
    __rt_lib_init_signal_1                   0x080082a3   Thumb Code     0  libinit2.o(.ARM.Collect$$libinit$$0000001F)
    __rt_lib_init_stdio_1                    0x080082a3   Thumb Code     0  libinit2.o(.ARM.Collect$$libinit$$00000027)
    __rt_lib_shutdown                        0x080082a5   Thumb Code     0  libshutdown.o(.ARM.Collect$$libshutdown$$00000000)
    __rt_lib_shutdown_cpp_1                  0x080082a7   Thumb Code     0  libshutdown2.o(.ARM.Collect$$libshutdown$$00000002)
    __rt_lib_shutdown_fp_trap_1              0x080082a7   Thumb Code     0  libshutdown2.o(.ARM.Collect$$libshutdown$$00000007)
    __rt_lib_shutdown_heap_1                 0x080082a7   Thumb Code     0  libshutdown2.o(.ARM.Collect$$libshutdown$$0000000F)
    __rt_lib_shutdown_return                 0x080082a7   Thumb Code     0  libshutdown2.o(.ARM.Collect$$libshutdown$$00000010)
    __rt_lib_shutdown_signal_1               0x080082a7   Thumb Code     0  libshutdown2.o(.ARM.Collect$$libshutdown$$0000000A)
    __rt_lib_shutdown_stdio_1                0x080082a7   Thumb Code     0  libshutdown2.o(.ARM.Collect$$libshutdown$$00000004)
    __rt_lib_shutdown_user_alloc_1           0x080082a7   Thumb Code     0  libshutdown2.o(.ARM.Collect$$libshutdown$$0000000C)
    __rt_entry                               0x080082a9   Thumb Code     0  __rtentry.o(.ARM.Collect$$rtentry$$00000000)
    __rt_entry_presh_1                       0x080082a9   Thumb Code     0  __rtentry2.o(.ARM.Collect$$rtentry$$00000002)
    __rt_entry_sh                            0x080082a9   Thumb Code     0  __rtentry4.o(.ARM.Collect$$rtentry$$00000004)
    __rt_entry_li                            0x080082af   Thumb Code     0  __rtentry2.o(.ARM.Collect$$rtentry$$0000000A)
    __rt_entry_postsh_1                      0x080082af   Thumb Code     0  __rtentry2.o(.ARM.Collect$$rtentry$$00000009)
    __rt_entry_main                          0x080082b3   Thumb Code     0  __rtentry2.o(.ARM.Collect$$rtentry$$0000000D)
    __rt_entry_postli_1                      0x080082b3   Thumb Code     0  __rtentry2.o(.ARM.Collect$$rtentry$$0000000C)
    __rt_exit                                0x080082bb   Thumb Code     0  rtexit.o(.ARM.Collect$$rtexit$$00000000)
    __rt_exit_ls                             0x080082bd   Thumb Code     0  rtexit2.o(.ARM.Collect$$rtexit$$00000003)
    __rt_exit_prels_1                        0x080082bd   Thumb Code     0  rtexit2.o(.ARM.Collect$$rtexit$$00000002)
    __rt_exit_exit                           0x080082c1   Thumb Code     0  rtexit2.o(.ARM.Collect$$rtexit$$00000004)
    Reset_Handler                            0x080082c9   Thumb Code     8  startup_stm32f411xe.o(.text)
    NMI_Handler                              0x080082d1   Thumb Code     2  startup_stm32f411xe.o(.text)
    HardFault_Handler                        0x080082d3   Thumb Code     2  startup_stm32f411xe.o(.text)
    MemManage_Handler                        0x080082d5   Thumb Code     2  startup_stm32f411xe.o(.text)
    BusFault_Handler                         0x080082d7   Thumb Code     2  startup_stm32f411xe.o(.text)
    UsageFault_Handler                       0x080082d9   Thumb Code     2  startup_stm32f411xe.o(.text)
    SVC_Handler                              0x080082db   Thumb Code     2  startup_stm32f411xe.o(.text)
    DebugMon_Handler                         0x080082dd   Thumb Code     2  startup_stm32f411xe.o(.text)
    PendSV_Handler                           0x080082df   Thumb Code     2  startup_stm32f411xe.o(.text)
    SysTick_Handler                          0x080082e1   Thumb Code     2  startup_stm32f411xe.o(.text)
    ADC_IRQHandler                           0x080082e3   Thumb Code     0  startup_stm32f411xe.o(.text)
    DMA1_Stream0_IRQHandler                  0x080082e3   Thumb Code     0  startup_stm32f411xe.o(.text)
    DMA1_Stream1_IRQHandler                  0x080082e3   Thumb Code     0  startup_stm32f411xe.o(.text)
    DMA1_Stream2_IRQHandler                  0x080082e3   Thumb Code     0  startup_stm32f411xe.o(.text)
    DMA1_Stream3_IRQHandler                  0x080082e3   Thumb Code     0  startup_stm32f411xe.o(.text)
    DMA1_Stream4_IRQHandler                  0x080082e3   Thumb Code     0  startup_stm32f411xe.o(.text)
    DMA1_Stream5_IRQHandler                  0x080082e3   Thumb Code     0  startup_stm32f411xe.o(.text)
    DMA1_Stream6_IRQHandler                  0x080082e3   Thumb Code     0  startup_stm32f411xe.o(.text)
    DMA1_Stream7_IRQHandler                  0x080082e3   Thumb Code     0  startup_stm32f411xe.o(.text)
    DMA2_Stream0_IRQHandler                  0x080082e3   Thumb Code     0  startup_stm32f411xe.o(.text)
    DMA2_Stream1_IRQHandler                  0x080082e3   Thumb Code     0  startup_stm32f411xe.o(.text)
    DMA2_Stream2_IRQHandler                  0x080082e3   Thumb Code     0  startup_stm32f411xe.o(.text)
    DMA2_Stream3_IRQHandler                  0x080082e3   Thumb Code     0  startup_stm32f411xe.o(.text)
    DMA2_Stream4_IRQHandler                  0x080082e3   Thumb Code     0  startup_stm32f411xe.o(.text)
    DMA2_Stream5_IRQHandler                  0x080082e3   Thumb Code     0  startup_stm32f411xe.o(.text)
    DMA2_Stream6_IRQHandler                  0x080082e3   Thumb Code     0  startup_stm32f411xe.o(.text)
    DMA2_Stream7_IRQHandler                  0x080082e3   Thumb Code     0  startup_stm32f411xe.o(.text)
    EXTI0_IRQHandler                         0x080082e3   Thumb Code     0  startup_stm32f411xe.o(.text)
    EXTI15_10_IRQHandler                     0x080082e3   Thumb Code     0  startup_stm32f411xe.o(.text)
    EXTI1_IRQHandler                         0x080082e3   Thumb Code     0  startup_stm32f411xe.o(.text)
    EXTI2_IRQHandler                         0x080082e3   Thumb Code     0  startup_stm32f411xe.o(.text)
    EXTI3_IRQHandler                         0x080082e3   Thumb Code     0  startup_stm32f411xe.o(.text)
    EXTI4_IRQHandler                         0x080082e3   Thumb Code     0  startup_stm32f411xe.o(.text)
    EXTI9_5_IRQHandler                       0x080082e3   Thumb Code     0  startup_stm32f411xe.o(.text)
    FLASH_IRQHandler                         0x080082e3   Thumb Code     0  startup_stm32f411xe.o(.text)
    FPU_IRQHandler                           0x080082e3   Thumb Code     0  startup_stm32f411xe.o(.text)
    I2C1_ER_IRQHandler                       0x080082e3   Thumb Code     0  startup_stm32f411xe.o(.text)
    I2C1_EV_IRQHandler                       0x080082e3   Thumb Code     0  startup_stm32f411xe.o(.text)
    I2C2_ER_IRQHandler                       0x080082e3   Thumb Code     0  startup_stm32f411xe.o(.text)
    I2C2_EV_IRQHandler                       0x080082e3   Thumb Code     0  startup_stm32f411xe.o(.text)
    I2C3_ER_IRQHandler                       0x080082e3   Thumb Code     0  startup_stm32f411xe.o(.text)
    I2C3_EV_IRQHandler                       0x080082e3   Thumb Code     0  startup_stm32f411xe.o(.text)
    OTG_FS_IRQHandler                        0x080082e3   Thumb Code     0  startup_stm32f411xe.o(.text)
    OTG_FS_WKUP_IRQHandler                   0x080082e3   Thumb Code     0  startup_stm32f411xe.o(.text)
    PVD_IRQHandler                           0x080082e3   Thumb Code     0  startup_stm32f411xe.o(.text)
    RCC_IRQHandler                           0x080082e3   Thumb Code     0  startup_stm32f411xe.o(.text)
    RTC_Alarm_IRQHandler                     0x080082e3   Thumb Code     0  startup_stm32f411xe.o(.text)
    RTC_WKUP_IRQHandler                      0x080082e3   Thumb Code     0  startup_stm32f411xe.o(.text)
    SDIO_IRQHandler                          0x080082e3   Thumb Code     0  startup_stm32f411xe.o(.text)
    SPI1_IRQHandler                          0x080082e3   Thumb Code     0  startup_stm32f411xe.o(.text)
    SPI2_IRQHandler                          0x080082e3   Thumb Code     0  startup_stm32f411xe.o(.text)
    SPI3_IRQHandler                          0x080082e3   Thumb Code     0  startup_stm32f411xe.o(.text)
    SPI4_IRQHandler                          0x080082e3   Thumb Code     0  startup_stm32f411xe.o(.text)
    SPI5_IRQHandler                          0x080082e3   Thumb Code     0  startup_stm32f411xe.o(.text)
    TAMP_STAMP_IRQHandler                    0x080082e3   Thumb Code     0  startup_stm32f411xe.o(.text)
    TIM1_BRK_TIM9_IRQHandler                 0x080082e3   Thumb Code     0  startup_stm32f411xe.o(.text)
    TIM1_CC_IRQHandler                       0x080082e3   Thumb Code     0  startup_stm32f411xe.o(.text)
    TIM1_TRG_COM_TIM11_IRQHandler            0x080082e3   Thumb Code     0  startup_stm32f411xe.o(.text)
    TIM1_UP_TIM10_IRQHandler                 0x080082e3   Thumb Code     0  startup_stm32f411xe.o(.text)
    TIM2_IRQHandler                          0x080082e3   Thumb Code     0  startup_stm32f411xe.o(.text)
    TIM3_IRQHandler                          0x080082e3   Thumb Code     0  startup_stm32f411xe.o(.text)
    TIM4_IRQHandler                          0x080082e3   Thumb Code     0  startup_stm32f411xe.o(.text)
    TIM5_IRQHandler                          0x080082e3   Thumb Code     0  startup_stm32f411xe.o(.text)
    USART1_IRQHandler                        0x080082e3   Thumb Code     0  startup_stm32f411xe.o(.text)
    USART2_IRQHandler                        0x080082e3   Thumb Code     0  startup_stm32f411xe.o(.text)
    USART6_IRQHandler                        0x080082e3   Thumb Code     0  startup_stm32f411xe.o(.text)
    WWDG_IRQHandler                          0x080082e3   Thumb Code     0  startup_stm32f411xe.o(.text)
    __user_initial_stackheap                 0x080082e5   Thumb Code     0  startup_stm32f411xe.o(.text)
    sprintf                                  0x08008309   Thumb Code    38  sprintf.o(.text)
    __aeabi_memclr                           0x08008335   Thumb Code     0  rt_memclr.o(.text)
    __rt_memclr                              0x08008335   Thumb Code     0  rt_memclr.o(.text)
    _memset                                  0x08008339   Thumb Code    64  rt_memclr.o(.text)
    __use_two_region_memory                  0x08008379   Thumb Code     2  heapauxi.o(.text)
    __rt_heap_escrow$2region                 0x0800837b   Thumb Code     2  heapauxi.o(.text)
    __rt_heap_expand$2region                 0x0800837d   Thumb Code     2  heapauxi.o(.text)
    _printf_pre_padding                      0x0800837f   Thumb Code    44  _printf_pad.o(.text)
    _printf_post_padding                     0x080083ab   Thumb Code    34  _printf_pad.o(.text)
    _printf_truncate_signed                  0x080083cd   Thumb Code    18  _printf_truncate.o(.text)
    _printf_truncate_unsigned                0x080083df   Thumb Code    18  _printf_truncate.o(.text)
    _printf_str                              0x080083f1   Thumb Code    82  _printf_str.o(.text)
    _printf_int_dec                          0x08008445   Thumb Code   104  _printf_dec.o(.text)
    _printf_charcount                        0x080084bd   Thumb Code    40  _printf_charcount.o(.text)
    _printf_char_common                      0x080084ef   Thumb Code    32  _printf_char_common.o(.text)
    _sputc                                   0x08008515   Thumb Code    10  _sputc.o(.text)
    _printf_wctomb                           0x08008521   Thumb Code   182  _printf_wctomb.o(.text)
    _printf_longlong_dec                     0x080085dd   Thumb Code   108  _printf_longlong_dec.o(.text)
    _printf_longlong_oct                     0x08008659   Thumb Code    68  _printf_oct_int_ll.o(.text)
    _printf_int_oct                          0x0800869d   Thumb Code    24  _printf_oct_int_ll.o(.text)
    _printf_ll_oct                           0x080086b5   Thumb Code    12  _printf_oct_int_ll.o(.text)
    _printf_longlong_hex                     0x080086c9   Thumb Code    86  _printf_hex_int_ll_ptr.o(.text)
    _printf_int_hex                          0x0800871f   Thumb Code    28  _printf_hex_int_ll_ptr.o(.text)
    _printf_ll_hex                           0x0800873b   Thumb Code    12  _printf_hex_int_ll_ptr.o(.text)
    _printf_hex_ptr                          0x08008747   Thumb Code    18  _printf_hex_int_ll_ptr.o(.text)
    __printf                                 0x0800875d   Thumb Code   388  __printf_flags_ss_wp.o(.text)
    __aeabi_memclr4                          0x080088e5   Thumb Code     0  rt_memclr_w.o(.text)
    __aeabi_memclr8                          0x080088e5   Thumb Code     0  rt_memclr_w.o(.text)
    __rt_memclr_w                            0x080088e5   Thumb Code     0  rt_memclr_w.o(.text)
    _memset_w                                0x080088e9   Thumb Code    74  rt_memclr_w.o(.text)
    _ll_udiv10                               0x08008933   Thumb Code   138  lludiv10.o(.text)
    _printf_int_common                       0x080089bd   Thumb Code   178  _printf_intcommon.o(.text)
    _printf_fp_dec_real                      0x08008c1f   Thumb Code   620  _printf_fp_dec.o(.text)
    _printf_fp_hex_real                      0x08008e8d   Thumb Code   756  _printf_fp_hex.o(.text)
    _printf_cs_common                        0x08009189   Thumb Code    20  _printf_char.o(.text)
    _printf_char                             0x0800919d   Thumb Code    16  _printf_char.o(.text)
    _printf_string                           0x080091ad   Thumb Code     8  _printf_char.o(.text)
    _printf_lcs_common                       0x080091b5   Thumb Code    20  _printf_wchar.o(.text)
    _printf_wchar                            0x080091c9   Thumb Code    16  _printf_wchar.o(.text)
    _printf_wstring                          0x080091d9   Thumb Code     8  _printf_wchar.o(.text)
    _c16rtomb                                0x080091e1   Thumb Code    72  _c16rtomb.o(.text)
    _wcrtomb                                 0x080091e1   Thumb Code     0  _c16rtomb.o(.text)
    __user_setup_stackheap                   0x08009229   Thumb Code    74  sys_stackheap_outer.o(.text)
    __rt_ctype_table                         0x08009275   Thumb Code    16  rt_ctype_table.o(.text)
    __rt_locale                              0x08009285   Thumb Code     8  rt_locale_intlibspace.o(.text)
    _printf_fp_infnan                        0x0800928d   Thumb Code   112  _printf_fp_infnan.o(.text)
    _btod_etento                             0x0800930d   Thumb Code   224  bigflt0.o(.text)
    exit                                     0x080093f1   Thumb Code    18  exit.o(.text)
    __user_libspace                          0x08009405   Thumb Code     8  libspace.o(.text)
    __user_perproc_libspace                  0x08009405   Thumb Code     0  libspace.o(.text)
    __user_perthread_libspace                0x08009405   Thumb Code     0  libspace.o(.text)
    strcmp                                   0x08009411   Thumb Code   124  strcmpv7em.o(.text)
    _sys_exit                                0x0800948d   Thumb Code     8  sys_exit.o(.text)
    __I$use$semihosting                      0x08009499   Thumb Code     0  use_no_semi.o(.text)
    __use_no_semihosting_swi                 0x08009499   Thumb Code     2  use_no_semi.o(.text)
    __semihosting_library_function           0x0800949b   Thumb Code     0  indicate_semi.o(.text)
    SystemInit                               0x0800949d   Thumb Code    18  system_stm32f4xx.o(.text.SystemInit)
    led2_init                                0x080094b1   Thumb Code    40  led.o(.text.led2_init)
    led2_off                                 0x080094d9   Thumb Code    16  led.o(.text.led2_off)
    led2_on                                  0x080094e9   Thumb Code    16  led.o(.text.led2_on)
    main                                     0x080094f9   Thumb Code   128  main.o(.text.main)
    usart_init                               0x08009579   Thumb Code   226  usart.o(.text.usart_init)
    usart_send_bytes                         0x0800965d   Thumb Code    64  usart.o(.text.usart_send_bytes)
    usart_send_char                          0x0800969d   Thumb Code    46  usart.o(.text.usart_send_char)
    _btod_d2e                                0x080096cb   Thumb Code    62  btod.o(CL$$btod_d2e)
    _d2e_denorm_low                          0x08009709   Thumb Code    70  btod.o(CL$$btod_d2e_denorm_low)
    _d2e_norm_op1                            0x0800974f   Thumb Code    96  btod.o(CL$$btod_d2e_norm_op1)
    __btod_div_common                        0x080097b1   Thumb Code   696  btod.o(CL$$btod_div_common)
    _e2e                                     0x08009ae9   Thumb Code   220  btod.o(CL$$btod_e2e)
    _btod_ediv                               0x08009bc5   Thumb Code    42  btod.o(CL$$btod_ediv)
    _btod_emul                               0x08009bef   Thumb Code    42  btod.o(CL$$btod_emul)
    __btod_mult_common                       0x08009c19   Thumb Code   580  btod.o(CL$$btod_mult_common)
    __ARM_fpclassify                         0x08009e5d   Thumb Code    48  fpclassify.o(i.__ARM_fpclassify)
    _is_digit                                0x08009e8d   Thumb Code    14  __printf_wp.o(i._is_digit)
    _get_lc_numeric                          0x08009e9d   Thumb Code    44  lc_numeric_c.o(locale$$code)
    _get_lc_ctype                            0x08009ec9   Thumb Code    44  lc_ctype_c.o(locale$$code)
    _fp_init                                 0x08009ef5   Thumb Code    26  fpinit.o(x$fpl$fpinit)
    __fplib_config_fpu_vfp                   0x08009f0d   Thumb Code     0  fpinit.o(x$fpl$fpinit)
    __fplib_config_pureend_doubles           0x08009f0d   Thumb Code     0  fpinit.o(x$fpl$fpinit)
    _printf_fp_dec                           0x08009f0f   Thumb Code     4  printf1.o(x$fpl$printf1)
    _printf_fp_hex                           0x08009f13   Thumb Code     4  printf2.o(x$fpl$printf2)
    __I$use$fp                               0x08009f16   Number         0  usenofp.o(x$fpl$usenofp)
    Region$$Table$$Base                      0x0800a02c   Number         0  anon$$obj.o(Region$$Table)
    Region$$Table$$Limit                     0x0800a03c   Number         0  anon$$obj.o(Region$$Table)
    __ctype                                  0x0800a065   Data           0  lc_ctype_c.o(locale$$data)
    __libspace_start                         0x20000000   Data          96  libspace.o(.bss)
    __temporary_stack_top$libspace           0x20000060   Data           0  libspace.o(.bss)



==============================================================================

Memory Map of the image

  Image Entry point : 0x08008199

  Load Region LR_IROM1 (Base: 0x08008000, Size: 0x00002168, Max: 0x00080000, ABSOLUTE)

    Execution Region ER_IROM1 (Exec base: 0x08008000, Load base: 0x08008000, Size: 0x00002168, Max: 0x00080000, ABSOLUTE)

    Exec Addr    Load Addr    Size         Type   Attr      Idx    E Section Name        Object

    0x08008000   0x08008000   0x00000198   Data   RO           43    RESET               startup_stm32f411xe.o
    0x08008198   0x08008198   0x00000008   Code   RO           72  * !!!main             c_w.l(__main.o)
    0x080081a0   0x080081a0   0x00000034   Code   RO          411    !!!scatter          c_w.l(__scatter.o)
    0x080081d4   0x080081d4   0x0000001c   Code   RO          413    !!handler_zi        c_w.l(__scatter_zi.o)
    0x080081f0   0x080081f0   0x00000000   Code   RO          156    .ARM.Collect$$_printf_percent$$00000000  c_w.l(_printf_percent.o)
    0x080081f0   0x080081f0   0x00000006   Code   RO          145    .ARM.Collect$$_printf_percent$$00000001  c_w.l(_printf_n.o)
    0x080081f6   0x080081f6   0x00000006   Code   RO          147    .ARM.Collect$$_printf_percent$$00000002  c_w.l(_printf_p.o)
    0x080081fc   0x080081fc   0x00000006   Code   RO          152    .ARM.Collect$$_printf_percent$$00000003  c_w.l(_printf_f.o)
    0x08008202   0x08008202   0x00000006   Code   RO          153    .ARM.Collect$$_printf_percent$$00000004  c_w.l(_printf_e.o)
    0x08008208   0x08008208   0x00000006   Code   RO          154    .ARM.Collect$$_printf_percent$$00000005  c_w.l(_printf_g.o)
    0x0800820e   0x0800820e   0x00000006   Code   RO          155    .ARM.Collect$$_printf_percent$$00000006  c_w.l(_printf_a.o)
    0x08008214   0x08008214   0x0000000a   Code   RO          160    .ARM.Collect$$_printf_percent$$00000007  c_w.l(_printf_ll.o)
    0x0800821e   0x0800821e   0x00000006   Code   RO          149    .ARM.Collect$$_printf_percent$$00000008  c_w.l(_printf_i.o)
    0x08008224   0x08008224   0x00000006   Code   RO          150    .ARM.Collect$$_printf_percent$$00000009  c_w.l(_printf_d.o)
    0x0800822a   0x0800822a   0x00000006   Code   RO          151    .ARM.Collect$$_printf_percent$$0000000A  c_w.l(_printf_u.o)
    0x08008230   0x08008230   0x00000006   Code   RO          148    .ARM.Collect$$_printf_percent$$0000000B  c_w.l(_printf_o.o)
    0x08008236   0x08008236   0x00000006   Code   RO          146    .ARM.Collect$$_printf_percent$$0000000C  c_w.l(_printf_x.o)
    0x0800823c   0x0800823c   0x00000006   Code   RO          157    .ARM.Collect$$_printf_percent$$0000000D  c_w.l(_printf_lli.o)
    0x08008242   0x08008242   0x00000006   Code   RO          158    .ARM.Collect$$_printf_percent$$0000000E  c_w.l(_printf_lld.o)
    0x08008248   0x08008248   0x00000006   Code   RO          159    .ARM.Collect$$_printf_percent$$0000000F  c_w.l(_printf_llu.o)
    0x0800824e   0x0800824e   0x00000006   Code   RO          164    .ARM.Collect$$_printf_percent$$00000010  c_w.l(_printf_llo.o)
    0x08008254   0x08008254   0x00000006   Code   RO          165    .ARM.Collect$$_printf_percent$$00000011  c_w.l(_printf_llx.o)
    0x0800825a   0x0800825a   0x0000000a   Code   RO          161    .ARM.Collect$$_printf_percent$$00000012  c_w.l(_printf_l.o)
    0x08008264   0x08008264   0x00000006   Code   RO          143    .ARM.Collect$$_printf_percent$$00000013  c_w.l(_printf_c.o)
    0x0800826a   0x0800826a   0x00000006   Code   RO          144    .ARM.Collect$$_printf_percent$$00000014  c_w.l(_printf_s.o)
    0x08008270   0x08008270   0x00000006   Code   RO          162    .ARM.Collect$$_printf_percent$$00000015  c_w.l(_printf_lc.o)
    0x08008276   0x08008276   0x00000006   Code   RO          163    .ARM.Collect$$_printf_percent$$00000016  c_w.l(_printf_ls.o)
    0x0800827c   0x0800827c   0x00000004   Code   RO          208    .ARM.Collect$$_printf_percent$$00000017  c_w.l(_printf_percent_end.o)
    0x08008280   0x08008280   0x00000002   Code   RO          259    .ARM.Collect$$libinit$$00000000  c_w.l(libinit.o)
    0x08008282   0x08008282   0x00000004   Code   RO          277    .ARM.Collect$$libinit$$00000001  c_w.l(libinit2.o)
    0x08008286   0x08008286   0x00000000   Code   RO          280    .ARM.Collect$$libinit$$00000004  c_w.l(libinit2.o)
    0x08008286   0x08008286   0x00000000   Code   RO          282    .ARM.Collect$$libinit$$00000006  c_w.l(libinit2.o)
    0x08008286   0x08008286   0x00000000   Code   RO          285    .ARM.Collect$$libinit$$0000000C  c_w.l(libinit2.o)
    0x08008286   0x08008286   0x00000000   Code   RO          287    .ARM.Collect$$libinit$$0000000E  c_w.l(libinit2.o)
    0x08008286   0x08008286   0x00000000   Code   RO          289    .ARM.Collect$$libinit$$00000010  c_w.l(libinit2.o)
    0x08008286   0x08008286   0x00000006   Code   RO          290    .ARM.Collect$$libinit$$00000011  c_w.l(libinit2.o)
    0x0800828c   0x0800828c   0x00000000   Code   RO          292    .ARM.Collect$$libinit$$00000013  c_w.l(libinit2.o)
    0x0800828c   0x0800828c   0x0000000c   Code   RO          293    .ARM.Collect$$libinit$$00000014  c_w.l(libinit2.o)
    0x08008298   0x08008298   0x00000000   Code   RO          294    .ARM.Collect$$libinit$$00000015  c_w.l(libinit2.o)
    0x08008298   0x08008298   0x00000000   Code   RO          296    .ARM.Collect$$libinit$$00000017  c_w.l(libinit2.o)
    0x08008298   0x08008298   0x0000000a   Code   RO          297    .ARM.Collect$$libinit$$00000018  c_w.l(libinit2.o)
    0x080082a2   0x080082a2   0x00000000   Code   RO          298    .ARM.Collect$$libinit$$00000019  c_w.l(libinit2.o)
    0x080082a2   0x080082a2   0x00000000   Code   RO          300    .ARM.Collect$$libinit$$0000001B  c_w.l(libinit2.o)
    0x080082a2   0x080082a2   0x00000000   Code   RO          302    .ARM.Collect$$libinit$$0000001D  c_w.l(libinit2.o)
    0x080082a2   0x080082a2   0x00000000   Code   RO          304    .ARM.Collect$$libinit$$0000001F  c_w.l(libinit2.o)
    0x080082a2   0x080082a2   0x00000000   Code   RO          306    .ARM.Collect$$libinit$$00000021  c_w.l(libinit2.o)
    0x080082a2   0x080082a2   0x00000000   Code   RO          308    .ARM.Collect$$libinit$$00000023  c_w.l(libinit2.o)
    0x080082a2   0x080082a2   0x00000000   Code   RO          310    .ARM.Collect$$libinit$$00000025  c_w.l(libinit2.o)
    0x080082a2   0x080082a2   0x00000000   Code   RO          312    .ARM.Collect$$libinit$$00000027  c_w.l(libinit2.o)
    0x080082a2   0x080082a2   0x00000000   Code   RO          316    .ARM.Collect$$libinit$$0000002E  c_w.l(libinit2.o)
    0x080082a2   0x080082a2   0x00000000   Code   RO          318    .ARM.Collect$$libinit$$00000030  c_w.l(libinit2.o)
    0x080082a2   0x080082a2   0x00000000   Code   RO          320    .ARM.Collect$$libinit$$00000032  c_w.l(libinit2.o)
    0x080082a2   0x080082a2   0x00000000   Code   RO          322    .ARM.Collect$$libinit$$00000034  c_w.l(libinit2.o)
    0x080082a2   0x080082a2   0x00000002   Code   RO          323    .ARM.Collect$$libinit$$00000035  c_w.l(libinit2.o)
    0x080082a4   0x080082a4   0x00000002   Code   RO          347    .ARM.Collect$$libshutdown$$00000000  c_w.l(libshutdown.o)
    0x080082a6   0x080082a6   0x00000000   Code   RO          362    .ARM.Collect$$libshutdown$$00000002  c_w.l(libshutdown2.o)
    0x080082a6   0x080082a6   0x00000000   Code   RO          364    .ARM.Collect$$libshutdown$$00000004  c_w.l(libshutdown2.o)
    0x080082a6   0x080082a6   0x00000000   Code   RO          367    .ARM.Collect$$libshutdown$$00000007  c_w.l(libshutdown2.o)
    0x080082a6   0x080082a6   0x00000000   Code   RO          370    .ARM.Collect$$libshutdown$$0000000A  c_w.l(libshutdown2.o)
    0x080082a6   0x080082a6   0x00000000   Code   RO          372    .ARM.Collect$$libshutdown$$0000000C  c_w.l(libshutdown2.o)
    0x080082a6   0x080082a6   0x00000000   Code   RO          375    .ARM.Collect$$libshutdown$$0000000F  c_w.l(libshutdown2.o)
    0x080082a6   0x080082a6   0x00000002   Code   RO          376    .ARM.Collect$$libshutdown$$00000010  c_w.l(libshutdown2.o)
    0x080082a8   0x080082a8   0x00000000   Code   RO           74    .ARM.Collect$$rtentry$$00000000  c_w.l(__rtentry.o)
    0x080082a8   0x080082a8   0x00000000   Code   RO          177    .ARM.Collect$$rtentry$$00000002  c_w.l(__rtentry2.o)
    0x080082a8   0x080082a8   0x00000006   Code   RO          189    .ARM.Collect$$rtentry$$00000004  c_w.l(__rtentry4.o)
    0x080082ae   0x080082ae   0x00000000   Code   RO          179    .ARM.Collect$$rtentry$$00000009  c_w.l(__rtentry2.o)
    0x080082ae   0x080082ae   0x00000004   Code   RO          180    .ARM.Collect$$rtentry$$0000000A  c_w.l(__rtentry2.o)
    0x080082b2   0x080082b2   0x00000000   Code   RO          182    .ARM.Collect$$rtentry$$0000000C  c_w.l(__rtentry2.o)
    0x080082b2   0x080082b2   0x00000008   Code   RO          183    .ARM.Collect$$rtentry$$0000000D  c_w.l(__rtentry2.o)
    0x080082ba   0x080082ba   0x00000002   Code   RO          268    .ARM.Collect$$rtexit$$00000000  c_w.l(rtexit.o)
    0x080082bc   0x080082bc   0x00000000   Code   RO          325    .ARM.Collect$$rtexit$$00000002  c_w.l(rtexit2.o)
    0x080082bc   0x080082bc   0x00000004   Code   RO          326    .ARM.Collect$$rtexit$$00000003  c_w.l(rtexit2.o)
    0x080082c0   0x080082c0   0x00000006   Code   RO          327    .ARM.Collect$$rtexit$$00000004  c_w.l(rtexit2.o)
    0x080082c6   0x080082c6   0x00000002   PAD
    0x080082c8   0x080082c8   0x00000040   Code   RO           44    .text               startup_stm32f411xe.o
    0x08008308   0x08008308   0x0000002c   Code   RO           66    .text               c_w.l(sprintf.o)
    0x08008334   0x08008334   0x00000044   Code   RO           68    .text               c_w.l(rt_memclr.o)
    0x08008378   0x08008378   0x00000006   Code   RO           70    .text               c_w.l(heapauxi.o)
    0x0800837e   0x0800837e   0x0000004e   Code   RO           77    .text               c_w.l(_printf_pad.o)
    0x080083cc   0x080083cc   0x00000024   Code   RO           79    .text               c_w.l(_printf_truncate.o)
    0x080083f0   0x080083f0   0x00000052   Code   RO           81    .text               c_w.l(_printf_str.o)
    0x08008442   0x08008442   0x00000002   PAD
    0x08008444   0x08008444   0x00000078   Code   RO           83    .text               c_w.l(_printf_dec.o)
    0x080084bc   0x080084bc   0x00000028   Code   RO           85    .text               c_w.l(_printf_charcount.o)
    0x080084e4   0x080084e4   0x00000030   Code   RO           87    .text               c_w.l(_printf_char_common.o)
    0x08008514   0x08008514   0x0000000a   Code   RO           89    .text               c_w.l(_sputc.o)
    0x0800851e   0x0800851e   0x00000002   PAD
    0x08008520   0x08008520   0x000000bc   Code   RO           91    .text               c_w.l(_printf_wctomb.o)
    0x080085dc   0x080085dc   0x0000007c   Code   RO           94    .text               c_w.l(_printf_longlong_dec.o)
    0x08008658   0x08008658   0x00000070   Code   RO          100    .text               c_w.l(_printf_oct_int_ll.o)
    0x080086c8   0x080086c8   0x00000094   Code   RO          120    .text               c_w.l(_printf_hex_int_ll_ptr.o)
    0x0800875c   0x0800875c   0x00000188   Code   RO          140    .text               c_w.l(__printf_flags_ss_wp.o)
    0x080088e4   0x080088e4   0x0000004e   Code   RO          166    .text               c_w.l(rt_memclr_w.o)
    0x08008932   0x08008932   0x0000008a   Code   RO          191    .text               c_w.l(lludiv10.o)
    0x080089bc   0x080089bc   0x000000b2   Code   RO          193    .text               c_w.l(_printf_intcommon.o)
    0x08008a6e   0x08008a6e   0x0000041c   Code   RO          195    .text               c_w.l(_printf_fp_dec.o)
    0x08008e8a   0x08008e8a   0x00000002   PAD
    0x08008e8c   0x08008e8c   0x000002fc   Code   RO          199    .text               c_w.l(_printf_fp_hex.o)
    0x08009188   0x08009188   0x0000002c   Code   RO          204    .text               c_w.l(_printf_char.o)
    0x080091b4   0x080091b4   0x0000002c   Code   RO          206    .text               c_w.l(_printf_wchar.o)
    0x080091e0   0x080091e0   0x00000048   Code   RO          209    .text               c_w.l(_c16rtomb.o)
    0x08009228   0x08009228   0x0000004a   Code   RO          211    .text               c_w.l(sys_stackheap_outer.o)
    0x08009272   0x08009272   0x00000002   PAD
    0x08009274   0x08009274   0x00000010   Code   RO          213    .text               c_w.l(rt_ctype_table.o)
    0x08009284   0x08009284   0x00000008   Code   RO          218    .text               c_w.l(rt_locale_intlibspace.o)
    0x0800928c   0x0800928c   0x00000080   Code   RO          220    .text               c_w.l(_printf_fp_infnan.o)
    0x0800930c   0x0800930c   0x000000e4   Code   RO          222    .text               c_w.l(bigflt0.o)
    0x080093f0   0x080093f0   0x00000012   Code   RO          252    .text               c_w.l(exit.o)
    0x08009402   0x08009402   0x00000002   PAD
    0x08009404   0x08009404   0x00000008   Code   RO          265    .text               c_w.l(libspace.o)
    0x0800940c   0x0800940c   0x00000004   PAD
    0x08009410   0x08009410   0x0000007c   Code   RO          275    .text               c_w.l(strcmpv7em.o)
    0x0800948c   0x0800948c   0x0000000c   Code   RO          337    .text               c_w.l(sys_exit.o)
    0x08009498   0x08009498   0x00000002   Code   RO          352    .text               c_w.l(use_no_semi.o)
    0x0800949a   0x0800949a   0x00000000   Code   RO          354    .text               c_w.l(indicate_semi.o)
    0x0800949a   0x0800949a   0x00000002   PAD
    0x0800949c   0x0800949c   0x00000012   Code   RO           51    .text.SystemInit    system_stm32f4xx.o
    0x080094ae   0x080094ae   0x00000002   PAD
    0x080094b0   0x080094b0   0x00000028   Code   RO            2    .text.led2_init     led.o
    0x080094d8   0x080094d8   0x00000010   Code   RO            6    .text.led2_off      led.o
    0x080094e8   0x080094e8   0x00000010   Code   RO            4    .text.led2_on       led.o
    0x080094f8   0x080094f8   0x00000080   Code   RO           15    .text.main          main.o
    0x08009578   0x08009578   0x000000e2   Code   RO           25    .text.usart_init    usart.o
    0x0800965a   0x0800965a   0x00000002   PAD
    0x0800965c   0x0800965c   0x00000040   Code   RO           29    .text.usart_send_bytes  usart.o
    0x0800969c   0x0800969c   0x0000002e   Code   RO           27    .text.usart_send_char  usart.o
    0x080096ca   0x080096ca   0x0000003e   Code   RO          225    CL$$btod_d2e        c_w.l(btod.o)
    0x08009708   0x08009708   0x00000046   Code   RO          227    CL$$btod_d2e_denorm_low  c_w.l(btod.o)
    0x0800974e   0x0800974e   0x00000060   Code   RO          226    CL$$btod_d2e_norm_op1  c_w.l(btod.o)
    0x080097ae   0x080097ae   0x00000002   PAD
    0x080097b0   0x080097b0   0x00000338   Code   RO          235    CL$$btod_div_common  c_w.l(btod.o)
    0x08009ae8   0x08009ae8   0x000000dc   Code   RO          232    CL$$btod_e2e        c_w.l(btod.o)
    0x08009bc4   0x08009bc4   0x0000002a   Code   RO          229    CL$$btod_ediv       c_w.l(btod.o)
    0x08009bee   0x08009bee   0x0000002a   Code   RO          228    CL$$btod_emul       c_w.l(btod.o)
    0x08009c18   0x08009c18   0x00000244   Code   RO          234    CL$$btod_mult_common  c_w.l(btod.o)
    0x08009e5c   0x08009e5c   0x00000030   Code   RO          263    i.__ARM_fpclassify  m_wm.l(fpclassify.o)
    0x08009e8c   0x08009e8c   0x0000000e   Code   RO          133    i._is_digit         c_w.l(__printf_wp.o)
    0x08009e9a   0x08009e9a   0x00000002   PAD
    0x08009e9c   0x08009e9c   0x0000002c   Code   RO          250    locale$$code        c_w.l(lc_numeric_c.o)
    0x08009ec8   0x08009ec8   0x0000002c   Code   RO          273    locale$$code        c_w.l(lc_ctype_c.o)
    0x08009ef4   0x08009ef4   0x0000001a   Code   RO          335    x$fpl$fpinit        fz_wm.l(fpinit.o)
    0x08009f0e   0x08009f0e   0x00000004   Code   RO          168    x$fpl$printf1       fz_wm.l(printf1.o)
    0x08009f12   0x08009f12   0x00000004   Code   RO          170    x$fpl$printf2       fz_wm.l(printf2.o)
    0x08009f16   0x08009f16   0x00000000   Code   RO          262    x$fpl$usenofp       fz_wm.l(usenofp.o)
    0x08009f16   0x08009f16   0x00000002   PAD
    0x08009f18   0x08009f18   0x00000008   Data   RO           92    .constdata          c_w.l(_printf_wctomb.o)
    0x08009f20   0x08009f20   0x00000028   Data   RO          121    .constdata          c_w.l(_printf_hex_int_ll_ptr.o)
    0x08009f48   0x08009f48   0x00000011   Data   RO          141    .constdata          c_w.l(__printf_flags_ss_wp.o)
    0x08009f59   0x08009f59   0x00000026   Data   RO          200    .constdata          c_w.l(_printf_fp_hex.o)
    0x08009f7f   0x08009f7f   0x00000001   PAD
    0x08009f80   0x08009f80   0x00000094   Data   RO          223    .constdata          c_w.l(bigflt0.o)
    0x0800a014   0x0800a014   0x00000017   Data   RO           17    .rodata.str1.1      main.o
    0x0800a02b   0x0800a02b   0x00000001   PAD
    0x0800a02c   0x0800a02c   0x00000010   Data   RO          410    Region$$Table       anon$$obj.o
    0x0800a03c   0x0800a03c   0x0000001c   Data   RO          249    locale$$data        c_w.l(lc_numeric_c.o)
    0x0800a058   0x0800a058   0x00000110   Data   RO          272    locale$$data        c_w.l(lc_ctype_c.o)


    Execution Region RW_IRAM1 (Exec base: 0x20000000, Load base: 0x0800a168, Size: 0x00000660, Max: 0x00020000, ABSOLUTE)

    Exec Addr    Load Addr    Size         Type   Attr      Idx    E Section Name        Object

    0x20000000        -       0x00000060   Zero   RW          266    .bss                c_w.l(libspace.o)
    0x20000060        -       0x00000200   Zero   RW           42    HEAP                startup_stm32f411xe.o
    0x20000260        -       0x00000400   Zero   RW           41    STACK               startup_stm32f411xe.o


==============================================================================

Image component sizes


      Code (inc. data)   RO Data    RW Data    ZI Data      Debug   Object Name

        72          0          0          0          0       1776   led.o
       128          0         23          0          0        730   main.o
        64         26        408          0       1536        864   startup_stm32f411xe.o
        18          0          0          0          0       2676   system_stm32f4xx.o
       336          0          0          0          0       2585   usart.o

    ----------------------------------------------------------------------
       622         26        448          0       1536       8631   Object Totals
         0          0         16          0          0          0   (incl. Generated)
         4          0          1          0          0          0   (incl. Padding)

    ----------------------------------------------------------------------

      Code (inc. data)   RO Data    RW Data    ZI Data      Debug   Library Member Name

         8          0          0          0          0         68   __main.o
       392          4         17          0          0         92   __printf_flags_ss_wp.o
        14          0          0          0          0         68   __printf_wp.o
         0          0          0          0          0          0   __rtentry.o
        12          0          0          0          0          0   __rtentry2.o
         6          0          0          0          0          0   __rtentry4.o
        52          8          0          0          0          0   __scatter.o
        28          0          0          0          0          0   __scatter_zi.o
        72          0          0          0          0         96   _c16rtomb.o
         6          0          0          0          0          0   _printf_a.o
         6          0          0          0          0          0   _printf_c.o
        44          0          0          0          0        108   _printf_char.o
        48          6          0          0          0         96   _printf_char_common.o
        40          0          0          0          0         68   _printf_charcount.o
         6          0          0          0          0          0   _printf_d.o
       120         16          0          0          0         92   _printf_dec.o
         6          0          0          0          0          0   _printf_e.o
         6          0          0          0          0          0   _printf_f.o
      1052          0          0          0          0        148   _printf_fp_dec.o
       764          8         38          0          0        100   _printf_fp_hex.o
       128         16          0          0          0         84   _printf_fp_infnan.o
         6          0          0          0          0          0   _printf_g.o
       148          4         40          0          0        160   _printf_hex_int_ll_ptr.o
         6          0          0          0          0          0   _printf_i.o
       178          0          0          0          0         88   _printf_intcommon.o
        10          0          0          0          0          0   _printf_l.o
         6          0          0          0          0          0   _printf_lc.o
        10          0          0          0          0          0   _printf_ll.o
         6          0          0          0          0          0   _printf_lld.o
         6          0          0          0          0          0   _printf_lli.o
         6          0          0          0          0          0   _printf_llo.o
         6          0          0          0          0          0   _printf_llu.o
         6          0          0          0          0          0   _printf_llx.o
       124         16          0          0          0         92   _printf_longlong_dec.o
         6          0          0          0          0          0   _printf_ls.o
         6          0          0          0          0          0   _printf_n.o
         6          0          0          0          0          0   _printf_o.o
       112          8          0          0          0        124   _printf_oct_int_ll.o
         6          0          0          0          0          0   _printf_p.o
        78          0          0          0          0        108   _printf_pad.o
         0          0          0          0          0          0   _printf_percent.o
         4          0          0          0          0          0   _printf_percent_end.o
         6          0          0          0          0          0   _printf_s.o
        82          0          0          0          0         80   _printf_str.o
        36          0          0          0          0         84   _printf_truncate.o
         6          0          0          0          0          0   _printf_u.o
        44          0          0          0          0        108   _printf_wchar.o
       188          6          8          0          0         92   _printf_wctomb.o
         6          0          0          0          0          0   _printf_x.o
        10          0          0          0          0         68   _sputc.o
       228          4        148          0          0         96   bigflt0.o
      1936        128          0          0          0        668   btod.o
        18          0          0          0          0         80   exit.o
         6          0          0          0          0        152   heapauxi.o
         0          0          0          0          0          0   indicate_semi.o
        44         10        272          0          0         76   lc_ctype_c.o
        44         10         28          0          0         76   lc_numeric_c.o
         2          0          0          0          0          0   libinit.o
        34          0          0          0          0          0   libinit2.o
         2          0          0          0          0          0   libshutdown.o
         2          0          0          0          0          0   libshutdown2.o
         8          4          0          0         96         68   libspace.o
       138          0          0          0          0         80   lludiv10.o
        16          4          0          0          0         76   rt_ctype_table.o
         8          4          0          0          0         68   rt_locale_intlibspace.o
        68          0          0          0          0         68   rt_memclr.o
        78          0          0          0          0         80   rt_memclr_w.o
         2          0          0          0          0          0   rtexit.o
        10          0          0          0          0          0   rtexit2.o
        44          6          0          0          0         84   sprintf.o
       124          0          0          0          0         88   strcmpv7em.o
        12          4          0          0          0         68   sys_exit.o
        74          0          0          0          0         80   sys_stackheap_outer.o
         2          0          0          0          0         68   use_no_semi.o
        26          0          0          0          0        116   fpinit.o
         4          0          0          0          0        116   printf1.o
         4          0          0          0          0        116   printf2.o
         0          0          0          0          0          0   usenofp.o
        48          0          0          0          0        124   fpclassify.o

    ----------------------------------------------------------------------
      6930        270        552          0         96       4472   Library Totals
        24          4          1          0          0          0   (incl. Padding)

    ----------------------------------------------------------------------

      Code (inc. data)   RO Data    RW Data    ZI Data      Debug   Library Name

      6824        266        551          0         96       4000   c_w.l
        34          0          0          0          0        348   fz_wm.l
        48          0          0          0          0        124   m_wm.l

    ----------------------------------------------------------------------
      6930        270        552          0         96       4472   Library Totals

    ----------------------------------------------------------------------

==============================================================================


      Code (inc. data)   RO Data    RW Data    ZI Data      Debug   

      7552        296       1000          0       1632      10643   Grand Totals
      7552        296       1000          0       1632      10643   ELF Image Totals
      7552        296       1000          0          0          0   ROM Totals

==============================================================================

    Total RO  Size (Code + RO Data)                 8552 (   8.35kB)
    Total RW  Size (RW Data + ZI Data)              1632 (   1.59kB)
    Total ROM Size (Code + RO Data + RW Data)       8552 (   8.35kB)

==============================================================================

