00:11:20 **** Build of configuration Debug for project 0_led_driver ****
make -j4 all 
arm-none-eabi-gcc -mcpu=cortex-m4 -g3 -DDEBUG -c -x assembler-with-cpp -MMD -MP -MF"Startup/startup_stm32f411retx.d" -MT"Startup/startup_stm32f411retx.o" --specs=nano.specs -mfpu=fpv4-sp-d16 -mfloat-abi=hard -mthumb -o "Startup/startup_stm32f411retx.o" "../Startup/startup_stm32f411retx.s"
arm-none-eabi-gcc "../Src/main.c" -mcpu=cortex-m4 -std=gnu11 -g3 -DDEBUG -DSTM32 -DSTM32F4 -DSTM32F411RETx -c -I../Inc -O0 -ffunction-sections -fdata-sections -Wall -fstack-usage -fcyclomatic-complexity -MMD -MP -MF"Src/main.d" -MT"Src/main.o" --specs=nano.specs -mfpu=fpv4-sp-d16 -mfloat-abi=hard -mthumb -o "Src/main.o"
arm-none-eabi-gcc "../Src/syscalls.c" -mcpu=cortex-m4 -std=gnu11 -g3 -DDEBUG -DSTM32 -DSTM32F4 -DSTM32F411RETx -c -I../Inc -O0 -ffunction-sections -fdata-sections -Wall -fstack-usage -fcyclomatic-complexity -MMD -MP -MF"Src/syscalls.d" -MT"Src/syscalls.o" --specs=nano.specs -mfpu=fpv4-sp-d16 -mfloat-abi=hard -mthumb -o "Src/syscalls.o"
arm-none-eabi-gcc "../Src/sysmem.c" -mcpu=cortex-m4 -std=gnu11 -g3 -DDEBUG -DSTM32 -DSTM32F4 -DSTM32F411RETx -c -I../Inc -O0 -ffunction-sections -fdata-sections -Wall -fstack-usage -fcyclomatic-complexity -MMD -MP -MF"Src/sysmem.d" -MT"Src/sysmem.o" --specs=nano.specs -mfpu=fpv4-sp-d16 -mfloat-abi=hard -mthumb -o "Src/sysmem.o"
arm-none-eabi-gcc -o "0_led_driver.elf" @"objects.list"   -mcpu=cortex-m4 -T"E:\RTOS_UDEMY\0_led_driver\STM32F411RETX_FLASH.ld" --specs=nosys.specs -Wl,-Map="0_led_driver.map" -Wl,--gc-sections -static --specs=nano.specs -mfpu=fpv4-sp-d16 -mfloat-abi=hard -mthumb -Wl,--start-group -lc -lm -Wl,--end-group
Finished building target: 0_led_driver.elf
 
arm-none-eabi-size   0_led_driver.elf 
arm-none-eabi-objdump -h -S  0_led_driver.elf  > "0_led_driver.list"
   text	   data	    bss	    dec	    hex	filename
    668	      8	   1568	   2244	    8c4	0_led_driver.elf
Finished building: default.size.stdout
 
Finished building: 0_led_driver.list
 
00:58:55 **** Incremental Build of configuration Debug for project 0_led_driver ****
make -j4 all 
arm-none-eabi-gcc "../Src/led.c" -mcpu=cortex-m4 -std=gnu11 -g3 -DDEBUG -DSTM32 -DSTM32F4 -DSTM32F411RETx -c -I../Inc -I"E:/RTOS_UDEMY/0_led_driver/chip_headers/CMSIS/Device" -I"E:/RTOS_UDEMY/0_led_driver/chip_headers/CMSIS/Include" -O0 -ffunction-sections -fdata-sections -Wall -fstack-usage -fcyclomatic-complexity -MMD -MP -MF"Src/led.d" -MT"Src/led.o" --specs=nano.specs -mfpu=fpv4-sp-d16 -mfloat-abi=hard -mthumb -o "Src/led.o"
arm-none-eabi-gcc "../Src/main.c" -mcpu=cortex-m4 -std=gnu11 -g3 -DDEBUG -DSTM32 -DSTM32F4 -DSTM32F411RETx -c -I../Inc -I"E:/RTOS_UDEMY/0_led_driver/chip_headers/CMSIS/Device" -I"E:/RTOS_UDEMY/0_led_driver/chip_headers/CMSIS/Include" -O0 -ffunction-sections -fdata-sections -Wall -fstack-usage -fcyclomatic-complexity -MMD -MP -MF"Src/main.d" -MT"Src/main.o" --specs=nano.specs -mfpu=fpv4-sp-d16 -mfloat-abi=hard -mthumb -o "Src/main.o"
arm-none-eabi-gcc "../Src/syscalls.c" -mcpu=cortex-m4 -std=gnu11 -g3 -DDEBUG -DSTM32 -DSTM32F4 -DSTM32F411RETx -c -I../Inc -I"E:/RTOS_UDEMY/0_led_driver/chip_headers/CMSIS/Device" -I"E:/RTOS_UDEMY/0_led_driver/chip_headers/CMSIS/Include" -O0 -ffunction-sections -fdata-sections -Wall -fstack-usage -fcyclomatic-complexity -MMD -MP -MF"Src/syscalls.d" -MT"Src/syscalls.o" --specs=nano.specs -mfpu=fpv4-sp-d16 -mfloat-abi=hard -mthumb -o "Src/syscalls.o"
arm-none-eabi-gcc "../Src/sysmem.c" -mcpu=cortex-m4 -std=gnu11 -g3 -DDEBUG -DSTM32 -DSTM32F4 -DSTM32F411RETx -c -I../Inc -I"E:/RTOS_UDEMY/0_led_driver/chip_headers/CMSIS/Device" -I"E:/RTOS_UDEMY/0_led_driver/chip_headers/CMSIS/Include" -O0 -ffunction-sections -fdata-sections -Wall -fstack-usage -fcyclomatic-complexity -MMD -MP -MF"Src/sysmem.d" -MT"Src/sysmem.o" --specs=nano.specs -mfpu=fpv4-sp-d16 -mfloat-abi=hard -mthumb -o "Src/sysmem.o"
In file included from ../Src/led.c:1:
../Inc/led.h:3:10: fatal error: stm32f4xx.h: No such file or directory
    3 | #include "stm32f4xx.h"
      |          ^~~~~~~~~~~~~
compilation terminated.
make: *** [Src/subdir.mk:28: Src/led.o] Error 1
make: *** Waiting for unfinished jobs....
"make -j4 all" terminated with exit code 2. Build might be incomplete.
01:00:02 **** Incremental Build of configuration Debug for project 0_led_driver ****
make -j4 all 
arm-none-eabi-gcc "../Src/led.c" -mcpu=cortex-m4 -std=gnu11 -g3 -DDEBUG -DSTM32 -DSTM32F4 -DSTM32F411RETx -c -I../Inc -I"E:/RTOS_UDEMY/0_led_driver/chip_headers/CMSIS/Device" -I"E:/RTOS_UDEMY/0_led_driver/chip_headers/CMSIS/Include" -O0 -ffunction-sections -fdata-sections -Wall -fstack-usage -fcyclomatic-complexity -MMD -MP -MF"Src/led.d" -MT"Src/led.o" --specs=nano.specs -mfpu=fpv4-sp-d16 -mfloat-abi=hard -mthumb -o "Src/led.o"
In file included from ../Src/led.c:1:
../Inc/led.h:3:10: fatal error: stm32f411xe.h: No such file or directory
    3 | #include "stm32f411xe.h"
      |          ^~~~~~~~~~~~~~~
compilation terminated.
make: *** [Src/subdir.mk:28: Src/led.o] Error 1
"make -j4 all" terminated with exit code 2. Build might be incomplete.
01:02:49 **** Incremental Build of configuration Debug for project 0_led_driver ****
make -j4 all 
arm-none-eabi-gcc "../Src/led.c" -mcpu=cortex-m4 -std=gnu11 -g3 -DDEBUG -DSTM32 -DSTM32F4 -DSTM32F411RETx -c -I../Inc -I"E:/RTOS_UDEMY/0_led_driver/chip_headers/CMSIS/Device" -I"E:/RTOS_UDEMY/0_led_driver/chip_headers/CMSIS/Include" -O0 -ffunction-sections -fdata-sections -Wall -fstack-usage -fcyclomatic-complexity -MMD -MP -MF"Src/led.d" -MT"Src/led.o" --specs=nano.specs -mfpu=fpv4-sp-d16 -mfloat-abi=hard -mthumb -o "Src/led.o"
In file included from ../Src/led.c:1:
../Inc/led.h:3:10: fatal error: stm32f4xx.h: No such file or directory
    3 | #include "stm32f4xx.h"
      |          ^~~~~~~~~~~~~
compilation terminated.
make: *** [Src/subdir.mk:28: Src/led.o] Error 1
"make -j4 all" terminated with exit code 2. Build might be incomplete.
01:06:35 **** Incremental Build of configuration Debug for project 0_led_driver ****
make -j4 all 
arm-none-eabi-gcc "../Src/led.c" -mcpu=cortex-m4 -std=gnu11 -g3 -DDEBUG -DSTM32 -DSTM32F4 -DSTM32F411RETx -c -I../Inc -I"E:/RTOS_UDEMY/0_led_driver/chip_headers/CMSIS/Include" -I"E:/RTOS_UDEMY/0_led_driver/chip_headers/CMSIS/Device/ST/STM32F4xx/Include" -O0 -ffunction-sections -fdata-sections -Wall -fstack-usage -fcyclomatic-complexity -MMD -MP -MF"Src/led.d" -MT"Src/led.o" --specs=nano.specs -mfpu=fpv4-sp-d16 -mfloat-abi=hard -mthumb -o "Src/led.o"
arm-none-eabi-gcc "../Src/main.c" -mcpu=cortex-m4 -std=gnu11 -g3 -DDEBUG -DSTM32 -DSTM32F4 -DSTM32F411RETx -c -I../Inc -I"E:/RTOS_UDEMY/0_led_driver/chip_headers/CMSIS/Include" -I"E:/RTOS_UDEMY/0_led_driver/chip_headers/CMSIS/Device/ST/STM32F4xx/Include" -O0 -ffunction-sections -fdata-sections -Wall -fstack-usage -fcyclomatic-complexity -MMD -MP -MF"Src/main.d" -MT"Src/main.o" --specs=nano.specs -mfpu=fpv4-sp-d16 -mfloat-abi=hard -mthumb -o "Src/main.o"
arm-none-eabi-gcc "../Src/syscalls.c" -mcpu=cortex-m4 -std=gnu11 -g3 -DDEBUG -DSTM32 -DSTM32F4 -DSTM32F411RETx -c -I../Inc -I"E:/RTOS_UDEMY/0_led_driver/chip_headers/CMSIS/Include" -I"E:/RTOS_UDEMY/0_led_driver/chip_headers/CMSIS/Device/ST/STM32F4xx/Include" -O0 -ffunction-sections -fdata-sections -Wall -fstack-usage -fcyclomatic-complexity -MMD -MP -MF"Src/syscalls.d" -MT"Src/syscalls.o" --specs=nano.specs -mfpu=fpv4-sp-d16 -mfloat-abi=hard -mthumb -o "Src/syscalls.o"
arm-none-eabi-gcc "../Src/sysmem.c" -mcpu=cortex-m4 -std=gnu11 -g3 -DDEBUG -DSTM32 -DSTM32F4 -DSTM32F411RETx -c -I../Inc -I"E:/RTOS_UDEMY/0_led_driver/chip_headers/CMSIS/Include" -I"E:/RTOS_UDEMY/0_led_driver/chip_headers/CMSIS/Device/ST/STM32F4xx/Include" -O0 -ffunction-sections -fdata-sections -Wall -fstack-usage -fcyclomatic-complexity -MMD -MP -MF"Src/sysmem.d" -MT"Src/sysmem.o" --specs=nano.specs -mfpu=fpv4-sp-d16 -mfloat-abi=hard -mthumb -o "Src/sysmem.o"
In file included from ../Inc/led.h:3,
                 from ../Src/led.c:1:
E:/RTOS_UDEMY/0_led_driver/chip_headers/CMSIS/Device/ST/STM32F4xx/Include/stm32f4xx.h:174:3: error: #error "Please select first the target STM32F4xx device used in your application (in stm32f4xx.h file)"
  174 |  #error "Please select first the target STM32F4xx device used in your application (in stm32f4xx.h file)"
      |   ^~~~~
make: *** [Src/subdir.mk:28: Src/led.o] Error 1
make: *** Waiting for unfinished jobs....
"make -j4 all" terminated with exit code 2. Build might be incomplete.
01:08:21 **** Incremental Build of configuration Debug for project 0_led_driver ****
make -j4 all 
arm-none-eabi-gcc "../Src/led.c" -mcpu=cortex-m4 -std=gnu11 -g3 -DSTM32F411xE -c -I../Inc -I"E:/RTOS_UDEMY/0_led_driver/chip_headers/CMSIS/Include" -I"E:/RTOS_UDEMY/0_led_driver/chip_headers/CMSIS/Device/ST/STM32F4xx/Include" -O0 -ffunction-sections -fdata-sections -Wall -fstack-usage -fcyclomatic-complexity -MMD -MP -MF"Src/led.d" -MT"Src/led.o" --specs=nano.specs -mfpu=fpv4-sp-d16 -mfloat-abi=hard -mthumb -o "Src/led.o"
arm-none-eabi-gcc "../Src/main.c" -mcpu=cortex-m4 -std=gnu11 -g3 -DSTM32F411xE -c -I../Inc -I"E:/RTOS_UDEMY/0_led_driver/chip_headers/CMSIS/Include" -I"E:/RTOS_UDEMY/0_led_driver/chip_headers/CMSIS/Device/ST/STM32F4xx/Include" -O0 -ffunction-sections -fdata-sections -Wall -fstack-usage -fcyclomatic-complexity -MMD -MP -MF"Src/main.d" -MT"Src/main.o" --specs=nano.specs -mfpu=fpv4-sp-d16 -mfloat-abi=hard -mthumb -o "Src/main.o"
arm-none-eabi-gcc "../Src/syscalls.c" -mcpu=cortex-m4 -std=gnu11 -g3 -DSTM32F411xE -c -I../Inc -I"E:/RTOS_UDEMY/0_led_driver/chip_headers/CMSIS/Include" -I"E:/RTOS_UDEMY/0_led_driver/chip_headers/CMSIS/Device/ST/STM32F4xx/Include" -O0 -ffunction-sections -fdata-sections -Wall -fstack-usage -fcyclomatic-complexity -MMD -MP -MF"Src/syscalls.d" -MT"Src/syscalls.o" --specs=nano.specs -mfpu=fpv4-sp-d16 -mfloat-abi=hard -mthumb -o "Src/syscalls.o"
arm-none-eabi-gcc "../Src/sysmem.c" -mcpu=cortex-m4 -std=gnu11 -g3 -DSTM32F411xE -c -I../Inc -I"E:/RTOS_UDEMY/0_led_driver/chip_headers/CMSIS/Include" -I"E:/RTOS_UDEMY/0_led_driver/chip_headers/CMSIS/Device/ST/STM32F4xx/Include" -O0 -ffunction-sections -fdata-sections -Wall -fstack-usage -fcyclomatic-complexity -MMD -MP -MF"Src/sysmem.d" -MT"Src/sysmem.o" --specs=nano.specs -mfpu=fpv4-sp-d16 -mfloat-abi=hard -mthumb -o "Src/sysmem.o"
arm-none-eabi-gcc -o "0_led_driver.elf" @"objects.list"   -mcpu=cortex-m4 -T"E:\RTOS_UDEMY\0_led_driver\STM32F411RETX_FLASH.ld" --specs=nosys.specs -Wl,-Map="0_led_driver.map" -Wl,--gc-sections -static --specs=nano.specs -mfpu=fpv4-sp-d16 -mfloat-abi=hard -mthumb -Wl,--start-group -lc -lm -Wl,--end-group
Finished building target: 0_led_driver.elf
 
arm-none-eabi-size   0_led_driver.elf 
arm-none-eabi-objdump -h -S  0_led_driver.elf  > "0_led_driver.list"
   text	   data	    bss	    dec	    hex	filename
    668	      8	   1568	   2244	    8c4	0_led_driver.elf
Finished building: default.size.stdout
 
Finished building: 0_led_driver.list
 
21:38:11 **** Incremental Build of configuration Debug for project 0_led_driver ****
make -j4 all 
arm-none-eabi-gcc "../Src/led.c" -mcpu=cortex-m4 -std=gnu11 -g3 -DSTM32F411xE -c -I../Inc -I"E:/RTOS_UDEMY/0_led_driver/chip_headers/CMSIS/Include" -I"E:/RTOS_UDEMY/0_led_driver/chip_headers/CMSIS/Device/ST/STM32F4xx/Include" -O0 -ffunction-sections -fdata-sections -Wall -fstack-usage -fcyclomatic-complexity -MMD -MP -MF"Src/led.d" -MT"Src/led.o" --specs=nano.specs -mfpu=fpv4-sp-d16 -mfloat-abi=hard -mthumb -o "Src/led.o"
arm-none-eabi-gcc "../Src/main.c" -mcpu=cortex-m4 -std=gnu11 -g3 -DSTM32F411xE -c -I../Inc -I"E:/RTOS_UDEMY/0_led_driver/chip_headers/CMSIS/Include" -I"E:/RTOS_UDEMY/0_led_driver/chip_headers/CMSIS/Device/ST/STM32F4xx/Include" -O0 -ffunction-sections -fdata-sections -Wall -fstack-usage -fcyclomatic-complexity -MMD -MP -MF"Src/main.d" -MT"Src/main.o" --specs=nano.specs -mfpu=fpv4-sp-d16 -mfloat-abi=hard -mthumb -o "Src/main.o"
../Src/led.c: In function 'led_on':
../Src/led.c:12:22: error: expected expression before '=' token
   12 |         GPIOA->ODR | = 1<<5;
      |                      ^
../Src/led.c: In function 'led_off':
../Src/led.c:17:22: error: expected expression before '=' token
   17 |         GPIOA->ODR & = ~(1<<5);
      |                      ^
make: *** [Src/subdir.mk:28: Src/led.o] Error 1
make: *** Waiting for unfinished jobs....
"make -j4 all" terminated with exit code 2. Build might be incomplete.
21:38:36 **** Incremental Build of configuration Debug for project 0_led_driver ****
make -j4 all 
arm-none-eabi-gcc "../Src/led.c" -mcpu=cortex-m4 -std=gnu11 -g3 -DSTM32F411xE -c -I../Inc -I"E:/RTOS_UDEMY/0_led_driver/chip_headers/CMSIS/Include" -I"E:/RTOS_UDEMY/0_led_driver/chip_headers/CMSIS/Device/ST/STM32F4xx/Include" -O0 -ffunction-sections -fdata-sections -Wall -fstack-usage -fcyclomatic-complexity -MMD -MP -MF"Src/led.d" -MT"Src/led.o" --specs=nano.specs -mfpu=fpv4-sp-d16 -mfloat-abi=hard -mthumb -o "Src/led.o"
arm-none-eabi-gcc -o "0_led_driver.elf" @"objects.list"   -mcpu=cortex-m4 -T"E:\RTOS_UDEMY\0_led_driver\STM32F411RETX_FLASH.ld" --specs=nosys.specs -Wl,-Map="0_led_driver.map" -Wl,--gc-sections -static --specs=nano.specs -mfpu=fpv4-sp-d16 -mfloat-abi=hard -mthumb -Wl,--start-group -lc -lm -Wl,--end-group
Finished building target: 0_led_driver.elf
 
arm-none-eabi-size   0_led_driver.elf 
arm-none-eabi-objdump -h -S  0_led_driver.elf  > "0_led_driver.list"
   text	   data	    bss	    dec	    hex	filename
    776	      8	   1568	   2352	    930	0_led_driver.elf
Finished building: default.size.stdout
 
Finished building: 0_led_driver.list
 
21:41:46 **** Incremental Build of configuration Debug for project 0_led_driver ****
make -j4 all 
arm-none-eabi-gcc "../Src/main.c" -mcpu=cortex-m4 -std=gnu11 -g3 -DSTM32F411xE -c -I../Inc -I"E:/RTOS_UDEMY/0_led_driver/chip_headers/CMSIS/Include" -I"E:/RTOS_UDEMY/0_led_driver/chip_headers/CMSIS/Device/ST/STM32F4xx/Include" -O0 -ffunction-sections -fdata-sections -Wall -fstack-usage -fcyclomatic-complexity -MMD -MP -MF"Src/main.d" -MT"Src/main.o" --specs=nano.specs -mfpu=fpv4-sp-d16 -mfloat-abi=hard -mthumb -o "Src/main.o"
arm-none-eabi-gcc -o "0_led_driver.elf" @"objects.list"   -mcpu=cortex-m4 -T"E:\RTOS_UDEMY\0_led_driver\STM32F411RETX_FLASH.ld" --specs=nosys.specs -Wl,-Map="0_led_driver.map" -Wl,--gc-sections -static --specs=nano.specs -mfpu=fpv4-sp-d16 -mfloat-abi=hard -mthumb -Wl,--start-group -lc -lm -Wl,--end-group
Finished building target: 0_led_driver.elf
 
arm-none-eabi-size   0_led_driver.elf 
arm-none-eabi-objdump -h -S  0_led_driver.elf  > "0_led_driver.list"
   text	   data	    bss	    dec	    hex	filename
    776	      8	   1568	   2352	    930	0_led_driver.elf
Finished building: default.size.stdout
 
Finished building: 0_led_driver.list
 
21:42:30 **** Incremental Build of configuration Debug for project 0_led_driver ****
make -j4 all 
arm-none-eabi-size   0_led_driver.elf 
   text	   data	    bss	    dec	    hex	filename
    776	      8	   1568	   2352	    930	0_led_driver.elf
Finished building: default.size.stdout
 
21:43:35 **** Incremental Build of configuration Debug for project 0_led_driver ****
make -j4 all 
arm-none-eabi-gcc "../Src/main.c" -mcpu=cortex-m4 -std=gnu11 -g3 -DSTM32F411xE -c -I../Inc -I"E:/RTOS_UDEMY/0_led_driver/chip_headers/CMSIS/Include" -I"E:/RTOS_UDEMY/0_led_driver/chip_headers/CMSIS/Device/ST/STM32F4xx/Include" -O0 -ffunction-sections -fdata-sections -Wall -fstack-usage -fcyclomatic-complexity -MMD -MP -MF"Src/main.d" -MT"Src/main.o" --specs=nano.specs -mfpu=fpv4-sp-d16 -mfloat-abi=hard -mthumb -o "Src/main.o"
arm-none-eabi-gcc -o "0_led_driver.elf" @"objects.list"   -mcpu=cortex-m4 -T"E:\RTOS_UDEMY\0_led_driver\STM32F411RETX_FLASH.ld" --specs=nosys.specs -Wl,-Map="0_led_driver.map" -Wl,--gc-sections -static --specs=nano.specs -mfpu=fpv4-sp-d16 -mfloat-abi=hard -mthumb -Wl,--start-group -lc -lm -Wl,--end-group
Finished building target: 0_led_driver.elf
 
arm-none-eabi-size   0_led_driver.elf 
arm-none-eabi-objdump -h -S  0_led_driver.elf  > "0_led_driver.list"
   text	   data	    bss	    dec	    hex	filename
    776	      8	   1568	   2352	    930	0_led_driver.elf
Finished building: default.size.stdout
 
Finished building: 0_led_driver.list
 
21:43:45 **** Incremental Build of configuration Debug for project 0_led_driver ****
make -j4 all 
arm-none-eabi-size   0_led_driver.elf 
   text	   data	    bss	    dec	    hex	filename
    776	      8	   1568	   2352	    930	0_led_driver.elf
Finished building: default.size.stdout
 
21:46:50 **** Incremental Build of configuration Debug for project 0_led_driver ****
make -j4 all 
arm-none-eabi-gcc "../Src/led.c" -mcpu=cortex-m4 -std=gnu11 -g3 -DSTM32F411xE -c -I../Inc -I"E:/RTOS_UDEMY/0_led_driver/chip_headers/CMSIS/Include" -I"E:/RTOS_UDEMY/0_led_driver/chip_headers/CMSIS/Device/ST/STM32F4xx/Include" -O0 -ffunction-sections -fdata-sections -Wall -fstack-usage -fcyclomatic-complexity -MMD -MP -MF"Src/led.d" -MT"Src/led.o" --specs=nano.specs -mfpu=fpv4-sp-d16 -mfloat-abi=hard -mthumb -o "Src/led.o"
arm-none-eabi-gcc -o "0_led_driver.elf" @"objects.list"   -mcpu=cortex-m4 -T"E:\RTOS_UDEMY\0_led_driver\STM32F411RETX_FLASH.ld" --specs=nosys.specs -Wl,-Map="0_led_driver.map" -Wl,--gc-sections -static --specs=nano.specs -mfpu=fpv4-sp-d16 -mfloat-abi=hard -mthumb -Wl,--start-group -lc -lm -Wl,--end-group
Finished building target: 0_led_driver.elf
 
arm-none-eabi-size   0_led_driver.elf 
arm-none-eabi-objdump -h -S  0_led_driver.elf  > "0_led_driver.list"
   text	   data	    bss	    dec	    hex	filename
    776	      8	   1568	   2352	    930	0_led_driver.elf
Finished building: default.size.stdout
 
Finished building: 0_led_driver.list
 
21:46:58 **** Incremental Build of configuration Debug for project 0_led_driver ****
make -j4 all 
arm-none-eabi-size   0_led_driver.elf 
   text	   data	    bss	    dec	    hex	filename
    776	      8	   1568	   2352	    930	0_led_driver.elf
Finished building: default.size.stdout
 
21:49:05 **** Incremental Build of configuration Debug for project 0_led_driver ****
make -j4 all 
arm-none-eabi-gcc "../Src/main.c" -mcpu=cortex-m4 -std=gnu11 -g3 -DSTM32F411xE -c -I../Inc -I"E:/RTOS_UDEMY/0_led_driver/chip_headers/CMSIS/Include" -I"E:/RTOS_UDEMY/0_led_driver/chip_headers/CMSIS/Device/ST/STM32F4xx/Include" -O0 -ffunction-sections -fdata-sections -Wall -fstack-usage -fcyclomatic-complexity -MMD -MP -MF"Src/main.d" -MT"Src/main.o" --specs=nano.specs -mfpu=fpv4-sp-d16 -mfloat-abi=hard -mthumb -o "Src/main.o"
arm-none-eabi-gcc -o "0_led_driver.elf" @"objects.list"   -mcpu=cortex-m4 -T"E:\RTOS_UDEMY\0_led_driver\STM32F411RETX_FLASH.ld" --specs=nosys.specs -Wl,-Map="0_led_driver.map" -Wl,--gc-sections -static --specs=nano.specs -mfpu=fpv4-sp-d16 -mfloat-abi=hard -mthumb -Wl,--start-group -lc -lm -Wl,--end-group
Finished building target: 0_led_driver.elf
 
arm-none-eabi-size   0_led_driver.elf 
arm-none-eabi-objdump -h -S  0_led_driver.elf  > "0_led_driver.list"
   text	   data	    bss	    dec	    hex	filename
    840	      8	   1568	   2416	    970	0_led_driver.elf
Finished building: default.size.stdout
 
Finished building: 0_led_driver.list
 
21:49:13 **** Incremental Build of configuration Debug for project 0_led_driver ****
make -j4 all 
arm-none-eabi-size   0_led_driver.elf 
   text	   data	    bss	    dec	    hex	filename
    840	      8	   1568	   2416	    970	0_led_driver.elf
Finished building: default.size.stdout
 
22:04:54 **** Build of configuration Debug for project led_driver ****
make -j4 all 
arm-none-eabi-gcc -mcpu=cortex-m4 -g3 -DDEBUG -c -x assembler-with-cpp -MMD -MP -MF"Startup/startup_stm32f411retx.d" -MT"Startup/startup_stm32f411retx.o" --specs=nano.specs -mfpu=fpv4-sp-d16 -mfloat-abi=hard -mthumb -o "Startup/startup_stm32f411retx.o" "../Startup/startup_stm32f411retx.s"
arm-none-eabi-gcc "../Src/main.c" -mcpu=cortex-m4 -std=gnu11 -g3 -DDEBUG -DSTM32 -DSTM32F4 -DSTM32F411RETx -c -I../Inc -I"..//chip_headers/CMSIS/Include" -I"..//chip_headers/CMSIS/Device/ST/STM32F4xx/Include" -O0 -ffunction-sections -fdata-sections -Wall -fstack-usage -fcyclomatic-complexity -MMD -MP -MF"Src/main.d" -MT"Src/main.o" --specs=nano.specs -mfpu=fpv4-sp-d16 -mfloat-abi=hard -mthumb -o "Src/main.o"
arm-none-eabi-gcc "../Src/syscalls.c" -mcpu=cortex-m4 -std=gnu11 -g3 -DDEBUG -DSTM32 -DSTM32F4 -DSTM32F411RETx -c -I../Inc -I"..//chip_headers/CMSIS/Include" -I"..//chip_headers/CMSIS/Device/ST/STM32F4xx/Include" -O0 -ffunction-sections -fdata-sections -Wall -fstack-usage -fcyclomatic-complexity -MMD -MP -MF"Src/syscalls.d" -MT"Src/syscalls.o" --specs=nano.specs -mfpu=fpv4-sp-d16 -mfloat-abi=hard -mthumb -o "Src/syscalls.o"
arm-none-eabi-gcc "../Src/sysmem.c" -mcpu=cortex-m4 -std=gnu11 -g3 -DDEBUG -DSTM32 -DSTM32F4 -DSTM32F411RETx -c -I../Inc -I"..//chip_headers/CMSIS/Include" -I"..//chip_headers/CMSIS/Device/ST/STM32F4xx/Include" -O0 -ffunction-sections -fdata-sections -Wall -fstack-usage -fcyclomatic-complexity -MMD -MP -MF"Src/sysmem.d" -MT"Src/sysmem.o" --specs=nano.specs -mfpu=fpv4-sp-d16 -mfloat-abi=hard -mthumb -o "Src/sysmem.o"
../Src/main.c:2:1: error: expected '=', ',', ';', 'asm' or '__attribute__' before '{' token
    2 | {
      | ^
make: *** [Src/subdir.mk:25: Src/main.o] Error 1
make: *** Waiting for unfinished jobs....
"make -j4 all" terminated with exit code 2. Build might be incomplete.
22:05:27 **** Incremental Build of configuration Debug for project led_driver ****
make -j4 all 
arm-none-eabi-gcc "../Src/main.c" -mcpu=cortex-m4 -std=gnu11 -g3 -DDEBUG -DSTM32 -DSTM32F4 -DSTM32F411RETx -c -I../Inc -I"..//chip_headers/CMSIS/Include" -I"..//chip_headers/CMSIS/Device/ST/STM32F4xx/Include" -O0 -ffunction-sections -fdata-sections -Wall -fstack-usage -fcyclomatic-complexity -MMD -MP -MF"Src/main.d" -MT"Src/main.o" --specs=nano.specs -mfpu=fpv4-sp-d16 -mfloat-abi=hard -mthumb -o "Src/main.o"
arm-none-eabi-gcc -o "led_driver.elf" @"objects.list"   -mcpu=cortex-m4 -T"E:\RTOS_UDEMY\led_driver\STM32F411RETX_FLASH.ld" --specs=nosys.specs -Wl,-Map="led_driver.map" -Wl,--gc-sections -static --specs=nano.specs -mfpu=fpv4-sp-d16 -mfloat-abi=hard -mthumb -Wl,--start-group -lc -lm -Wl,--end-group
Finished building target: led_driver.elf
 
arm-none-eabi-size   led_driver.elf 
arm-none-eabi-objdump -h -S  led_driver.elf  > "led_driver.list"
   text	   data	    bss	    dec	    hex	filename
    668	      8	   1568	   2244	    8c4	led_driver.elf
Finished building: default.size.stdout
 
Finished building: led_driver.list
 
23:11:55 **** Incremental Build of configuration Debug for project led_driver ****
make -j4 all 
arm-none-eabi-gcc "../Src/led.c" -mcpu=cortex-m4 -std=gnu11 -g3 -DDEBUG -DSTM32 -DSTM32F4 -DSTM32F411RETx -c -I../Inc -I"..//chip_headers/CMSIS/Include" -I"..//chip_headers/CMSIS/Device/ST/STM32F4xx/Include" -O0 -ffunction-sections -fdata-sections -Wall -fstack-usage -fcyclomatic-complexity -MMD -MP -MF"Src/led.d" -MT"Src/led.o" --specs=nano.specs -mfpu=fpv4-sp-d16 -mfloat-abi=hard -mthumb -o "Src/led.o"
arm-none-eabi-gcc "../Src/main.c" -mcpu=cortex-m4 -std=gnu11 -g3 -DDEBUG -DSTM32 -DSTM32F4 -DSTM32F411RETx -c -I../Inc -I"..//chip_headers/CMSIS/Include" -I"..//chip_headers/CMSIS/Device/ST/STM32F4xx/Include" -O0 -ffunction-sections -fdata-sections -Wall -fstack-usage -fcyclomatic-complexity -MMD -MP -MF"Src/main.d" -MT"Src/main.o" --specs=nano.specs -mfpu=fpv4-sp-d16 -mfloat-abi=hard -mthumb -o "Src/main.o"
arm-none-eabi-gcc "../Src/syscalls.c" -mcpu=cortex-m4 -std=gnu11 -g3 -DDEBUG -DSTM32 -DSTM32F4 -DSTM32F411RETx -c -I../Inc -I"..//chip_headers/CMSIS/Include" -I"..//chip_headers/CMSIS/Device/ST/STM32F4xx/Include" -O0 -ffunction-sections -fdata-sections -Wall -fstack-usage -fcyclomatic-complexity -MMD -MP -MF"Src/syscalls.d" -MT"Src/syscalls.o" --specs=nano.specs -mfpu=fpv4-sp-d16 -mfloat-abi=hard -mthumb -o "Src/syscalls.o"
arm-none-eabi-gcc "../Src/sysmem.c" -mcpu=cortex-m4 -std=gnu11 -g3 -DDEBUG -DSTM32 -DSTM32F4 -DSTM32F411RETx -c -I../Inc -I"..//chip_headers/CMSIS/Include" -I"..//chip_headers/CMSIS/Device/ST/STM32F4xx/Include" -O0 -ffunction-sections -fdata-sections -Wall -fstack-usage -fcyclomatic-complexity -MMD -MP -MF"Src/sysmem.d" -MT"Src/sysmem.o" --specs=nano.specs -mfpu=fpv4-sp-d16 -mfloat-abi=hard -mthumb -o "Src/sysmem.o"
../Src/main.c: In function 'main':
../Src/main.c:5:17: warning: implicit declaration of function 'led_on' [-Wimplicit-function-declaration]
    5 |                 led_on();
      |                 ^~~~~~
../Src/main.c:7:17: warning: implicit declaration of function 'led_off' [-Wimplicit-function-declaration]
    7 |                 led_off();
      |                 ^~~~~~~
arm-none-eabi-gcc -o "led_driver.elf" @"objects.list"   -mcpu=cortex-m4 -T"E:\RTOS_UDEMY\led_driver\STM32F411RETX_FLASH.ld" --specs=nosys.specs -Wl,-Map="led_driver.map" -Wl,--gc-sections -static --specs=nano.specs -mfpu=fpv4-sp-d16 -mfloat-abi=hard -mthumb -Wl,--start-group -lc -lm -Wl,--end-group
C:/ST/STM32CubeIDE_1.13.2/STM32CubeIDE/plugins/com.st.stm32cube.ide.mcu.externaltools.gnu-tools-for-stm32.11.3.rel1.win32_1.1.1.202309131626/tools/bin/../lib/gcc/arm-none-eabi/11.3.1/../../../../arm-none-eabi/bin/ld.exe: ./Src/main.o: in function `main':
E:/RTOS_UDEMY/led_driver/Debug/../Src/main.c:5: undefined reference to `led_on'
C:/ST/STM32CubeIDE_1.13.2/STM32CubeIDE/plugins/com.st.stm32cube.ide.mcu.externaltools.gnu-tools-for-stm32.11.3.rel1.win32_1.1.1.202309131626/tools/bin/../lib/gcc/arm-none-eabi/11.3.1/../../../../arm-none-eabi/bin/ld.exe: E:/RTOS_UDEMY/led_driver/Debug/../Src/main.c:7: undefined reference to `led_off'
collect2.exe: error: ld returned 1 exit status
make: *** [makefile:63: led_driver.elf] Error 1
"make -j4 all" terminated with exit code 2. Build might be incomplete.
23:12:30 **** Incremental Build of configuration Debug for project led_driver ****
make -j4 all 
arm-none-eabi-gcc "../Src/main.c" -mcpu=cortex-m4 -std=gnu11 -g3 -DDEBUG -DSTM32 -DSTM32F4 -DSTM32F411RETx -c -I../Inc -I"..//chip_headers/CMSIS/Include" -I"..//chip_headers/CMSIS/Device/ST/STM32F4xx/Include" -O0 -ffunction-sections -fdata-sections -Wall -fstack-usage -fcyclomatic-complexity -MMD -MP -MF"Src/main.d" -MT"Src/main.o" --specs=nano.specs -mfpu=fpv4-sp-d16 -mfloat-abi=hard -mthumb -o "Src/main.o"
../Src/main.c: In function 'main':
../Src/main.c:4:9: warning: implicit declaration of function 'led_init'; did you mean 'led2_init'? [-Wimplicit-function-declaration]
    4 |         led_init();
      |         ^~~~~~~~
      |         led2_init
../Src/main.c:7:17: warning: implicit declaration of function 'led_on'; did you mean 'led2_on'? [-Wimplicit-function-declaration]
    7 |                 led_on();
      |                 ^~~~~~
      |                 led2_on
../Src/main.c:9:17: warning: implicit declaration of function 'led_off'; did you mean 'led2_off'? [-Wimplicit-function-declaration]
    9 |                 led_off();
      |                 ^~~~~~~
      |                 led2_off
arm-none-eabi-gcc -o "led_driver.elf" @"objects.list"   -mcpu=cortex-m4 -T"E:\RTOS_UDEMY\led_driver\STM32F411RETX_FLASH.ld" --specs=nosys.specs -Wl,-Map="led_driver.map" -Wl,--gc-sections -static --specs=nano.specs -mfpu=fpv4-sp-d16 -mfloat-abi=hard -mthumb -Wl,--start-group -lc -lm -Wl,--end-group
C:/ST/STM32CubeIDE_1.13.2/STM32CubeIDE/plugins/com.st.stm32cube.ide.mcu.externaltools.gnu-tools-for-stm32.11.3.rel1.win32_1.1.1.202309131626/tools/bin/../lib/gcc/arm-none-eabi/11.3.1/../../../../arm-none-eabi/bin/ld.exe: ./Src/main.o: in function `main':
E:/RTOS_UDEMY/led_driver/Debug/../Src/main.c:4: undefined reference to `led_init'
C:/ST/STM32CubeIDE_1.13.2/STM32CubeIDE/plugins/com.st.stm32cube.ide.mcu.externaltools.gnu-tools-for-stm32.11.3.rel1.win32_1.1.1.202309131626/tools/bin/../lib/gcc/arm-none-eabi/11.3.1/../../../../arm-none-eabi/bin/ld.exe: E:/RTOS_UDEMY/led_driver/Debug/../Src/main.c:7: undefined reference to `led_on'
C:/ST/STM32CubeIDE_1.13.2/STM32CubeIDE/plugins/com.st.stm32cube.ide.mcu.externaltools.gnu-tools-for-stm32.11.3.rel1.win32_1.1.1.202309131626/tools/bin/../lib/gcc/arm-none-eabi/11.3.1/../../../../arm-none-eabi/bin/ld.exe: E:/RTOS_UDEMY/led_driver/Debug/../Src/main.c:9: undefined reference to `led_off'
collect2.exe: error: ld returned 1 exit status
make: *** [makefile:63: led_driver.elf] Error 1
"make -j4 all" terminated with exit code 2. Build might be incomplete.
23:13:01 **** Incremental Build of configuration Debug for project led_driver ****
make -j4 all 
arm-none-eabi-gcc "../Src/main.c" -mcpu=cortex-m4 -std=gnu11 -g3 -DDEBUG -DSTM32 -DSTM32F4 -DSTM32F411RETx -c -I../Inc -I"..//chip_headers/CMSIS/Include" -I"..//chip_headers/CMSIS/Device/ST/STM32F4xx/Include" -O0 -ffunction-sections -fdata-sections -Wall -fstack-usage -fcyclomatic-complexity -MMD -MP -MF"Src/main.d" -MT"Src/main.o" --specs=nano.specs -mfpu=fpv4-sp-d16 -mfloat-abi=hard -mthumb -o "Src/main.o"
arm-none-eabi-gcc -o "led_driver.elf" @"objects.list"   -mcpu=cortex-m4 -T"E:\RTOS_UDEMY\led_driver\STM32F411RETX_FLASH.ld" --specs=nosys.specs -Wl,-Map="led_driver.map" -Wl,--gc-sections -static --specs=nano.specs -mfpu=fpv4-sp-d16 -mfloat-abi=hard -mthumb -Wl,--start-group -lc -lm -Wl,--end-group
Finished building target: led_driver.elf
 
arm-none-eabi-size   led_driver.elf 
arm-none-eabi-objdump -h -S  led_driver.elf  > "led_driver.list"
   text	   data	    bss	    dec	    hex	filename
    812	      8	   1568	   2388	    954	led_driver.elf
Finished building: default.size.stdout
 
Finished building: led_driver.list
 
23:27:05 **** Incremental Build of configuration Debug for project led_driver ****
make -j4 all 
arm-none-eabi-size   led_driver.elf 
   text	   data	    bss	    dec	    hex	filename
    812	      8	   1568	   2388	    954	led_driver.elf
Finished building: default.size.stdout
 
00:12:57 **** Incremental Build of configuration Debug for project led_driver ****
make -j4 all 
arm-none-eabi-gcc "../Src/led.c" -mcpu=cortex-m4 -std=gnu11 -g3 -DDEBUG -DSTM32 -DSTM32F4 -DSTM32F411RETx -c -I../Inc -I"..//chip_headers/CMSIS/Include" -I"..//chip_headers/CMSIS/Device/ST/STM32F4xx/Include" -O0 -ffunction-sections -fdata-sections -Wall -fstack-usage -fcyclomatic-complexity -MMD -MP -MF"Src/led.d" -MT"Src/led.o" --specs=nano.specs -mfpu=fpv4-sp-d16 -mfloat-abi=hard -mthumb -o "Src/led.o"
../Src/led.c: In function 'led2_init':
../Src/led.c:6:9: error: 'GPIO' undeclared (first use in this function); did you mean 'GPIOD'?
    6 |         GPIO->AHB1ENR |= (1<<0);
      |         ^~~~
      |         GPIOD
../Src/led.c:6:9: note: each undeclared identifier is reported only once for each function it appears in
make: *** [Src/subdir.mk:28: Src/led.o] Error 1
"make -j4 all" terminated with exit code 2. Build might be incomplete.
00:15:34 **** Incremental Build of configuration Debug for project led_driver ****
make -j4 all 
arm-none-eabi-gcc "../Src/led.c" -mcpu=cortex-m4 -std=gnu11 -g3 -DDEBUG -DSTM32 -DSTM32F4 -DSTM32F411RETx -c -I../Inc -I"..//chip_headers/CMSIS/Include" -I"..//chip_headers/CMSIS/Device/ST/STM32F4xx/Include" -O0 -ffunction-sections -fdata-sections -Wall -fstack-usage -fcyclomatic-complexity -MMD -MP -MF"Src/led.d" -MT"Src/led.o" --specs=nano.specs -mfpu=fpv4-sp-d16 -mfloat-abi=hard -mthumb -o "Src/led.o"
../Src/led.c: In function 'led2_init':
../Src/led.c:6:14: error: 'GPIO_TypeDef' has no member named 'AHB1ENR'
    6 |         GPIOA->AHB1ENR |= (1<<0);
      |              ^~
make: *** [Src/subdir.mk:28: Src/led.o] Error 1
"make -j4 all" terminated with exit code 2. Build might be incomplete.
00:15:40 **** Incremental Build of configuration Debug for project led_driver ****
make -j4 all 
arm-none-eabi-gcc "../Src/led.c" -mcpu=cortex-m4 -std=gnu11 -g3 -DDEBUG -DSTM32 -DSTM32F4 -DSTM32F411RETx -c -I../Inc -I"..//chip_headers/CMSIS/Include" -I"..//chip_headers/CMSIS/Device/ST/STM32F4xx/Include" -O0 -ffunction-sections -fdata-sections -Wall -fstack-usage -fcyclomatic-complexity -MMD -MP -MF"Src/led.d" -MT"Src/led.o" --specs=nano.specs -mfpu=fpv4-sp-d16 -mfloat-abi=hard -mthumb -o "Src/led.o"
../Src/led.c: In function 'led2_init':
../Src/led.c:6:14: error: 'GPIO_TypeDef' has no member named 'AHB1ENR'
    6 |         GPIOA->AHB1ENR |= (1<<0);
      |              ^~
make: *** [Src/subdir.mk:28: Src/led.o] Error 1
"make -j4 all" terminated with exit code 2. Build might be incomplete.
00:17:16 **** Incremental Build of configuration Debug for project led_driver ****
make -j4 all 
arm-none-eabi-gcc "../Src/led.c" -mcpu=cortex-m4 -std=gnu11 -g3 -DDEBUG -DSTM32 -DSTM32F4 -DSTM32F411RETx -c -I../Inc -I"..//chip_headers/CMSIS/Include" -I"..//chip_headers/CMSIS/Device/ST/STM32F4xx/Include" -O0 -ffunction-sections -fdata-sections -Wall -fstack-usage -fcyclomatic-complexity -MMD -MP -MF"Src/led.d" -MT"Src/led.o" --specs=nano.specs -mfpu=fpv4-sp-d16 -mfloat-abi=hard -mthumb -o "Src/led.o"
arm-none-eabi-gcc -o "led_driver.elf" @"objects.list"   -mcpu=cortex-m4 -T"E:\RTOS_UDEMY\led_driver\STM32F411RETX_FLASH.ld" --specs=nosys.specs -Wl,-Map="led_driver.map" -Wl,--gc-sections -static --specs=nano.specs -mfpu=fpv4-sp-d16 -mfloat-abi=hard -mthumb -Wl,--start-group -lc -lm -Wl,--end-group
Finished building target: led_driver.elf
 
arm-none-eabi-size   led_driver.elf 
arm-none-eabi-objdump -h -S  led_driver.elf  > "led_driver.list"
   text	   data	    bss	    dec	    hex	filename
    828	      8	   1568	   2404	    964	led_driver.elf
Finished building: default.size.stdout
 
Finished building: led_driver.list
 
00:17:34 **** Incremental Build of configuration Debug for project led_driver ****
make -j4 all 
arm-none-eabi-size   led_driver.elf 
   text	   data	    bss	    dec	    hex	filename
    828	      8	   1568	   2404	    964	led_driver.elf
Finished building: default.size.stdout
 
00:21:10 **** Incremental Build of configuration Debug for project led_driver ****
make -j4 all 
arm-none-eabi-gcc "../Src/led.c" -mcpu=cortex-m4 -std=gnu11 -g3 -DDEBUG -DSTM32 -DSTM32F4 -DSTM32F411RETx -c -I../Inc -I"..//chip_headers/CMSIS/Include" -I"..//chip_headers/CMSIS/Device/ST/STM32F4xx/Include" -O0 -ffunction-sections -fdata-sections -Wall -fstack-usage -fcyclomatic-complexity -MMD -MP -MF"Src/led.d" -MT"Src/led.o" --specs=nano.specs -mfpu=fpv4-sp-d16 -mfloat-abi=hard -mthumb -o "Src/led.o"
arm-none-eabi-gcc "../Src/main.c" -mcpu=cortex-m4 -std=gnu11 -g3 -DDEBUG -DSTM32 -DSTM32F4 -DSTM32F411RETx -c -I../Inc -I"..//chip_headers/CMSIS/Include" -I"..//chip_headers/CMSIS/Device/ST/STM32F4xx/Include" -O0 -ffunction-sections -fdata-sections -Wall -fstack-usage -fcyclomatic-complexity -MMD -MP -MF"Src/main.d" -MT"Src/main.o" --specs=nano.specs -mfpu=fpv4-sp-d16 -mfloat-abi=hard -mthumb -o "Src/main.o"
In file included from ../Inc/led.h:3,
                 from ../Src/main.c:1:
..//chip_headers/CMSIS/Device/ST/STM32F4xx/Include/stm32f4xx.h:174:3: error: #error "Please select first the target STM32F4xx device used in your application (in stm32f4xx.h file)"
  174 |  #error "Please select first the target STM32F4xx device used in your application (in stm32f4xx.h file)"
      |   ^~~~~
In file included from ../Inc/led.h:3,
                 from ../Src/led.c:1:
..//chip_headers/CMSIS/Device/ST/STM32F4xx/Include/stm32f4xx.h:174:3: error: #error "Please select first the target STM32F4xx device used in your application (in stm32f4xx.h file)"
  174 |  #error "Please select first the target STM32F4xx device used in your application (in stm32f4xx.h file)"
      |   ^~~~~
../Src/led.c: In function 'led2_init':
../Src/led.c:5:9: error: 'GPIOA' undeclared (first use in this function)
    5 |         GPIOA->MODER |= (1<<5);
      |         ^~~~~
../Src/led.c:5:9: note: each undeclared identifier is reported only once for each function it appears in
../Src/led.c:6:9: error: 'RCC' undeclared (first use in this function)
    6 |         RCC->AHB1ENR |= (1<<0);
      |         ^~~
../Src/led.c: In function 'led2_on':
../Src/led.c:11:9: error: 'GPIOA' undeclared (first use in this function)
   11 |         GPIOA->ODR |= (1<<5);
      |         ^~~~~
../Src/led.c: In function 'led2_off':
../Src/led.c:16:9: error: 'GPIOA' undeclared (first use in this function)
   16 |         GPIOA->ODR &= ~(1<<5);
      |         ^~~~~
make: *** [Src/subdir.mk:28: Src/main.o] Error 1
make: *** Waiting for unfinished jobs....
make: *** [Src/subdir.mk:28: Src/led.o] Error 1
"make -j4 all" terminated with exit code 2. Build might be incomplete.
00:23:42 **** Incremental Build of configuration Debug for project led_driver ****
make -j4 all 
arm-none-eabi-gcc "../Src/led.c" -mcpu=cortex-m4 -std=gnu11 -g3 -DDEBUG -DSTM32 -DSTM32F4 -DSTM32F411RETx -DSTM32F411xE -c -I../Inc -I"..//chip_headers/CMSIS/Include" -I"..//chip_headers/CMSIS/Device/ST/STM32F4xx/Include" -O0 -ffunction-sections -fdata-sections -Wall -fstack-usage -fcyclomatic-complexity -MMD -MP -MF"Src/led.d" -MT"Src/led.o" --specs=nano.specs -mfpu=fpv4-sp-d16 -mfloat-abi=hard -mthumb -o "Src/led.o"
arm-none-eabi-gcc "../Src/main.c" -mcpu=cortex-m4 -std=gnu11 -g3 -DDEBUG -DSTM32 -DSTM32F4 -DSTM32F411RETx -DSTM32F411xE -c -I../Inc -I"..//chip_headers/CMSIS/Include" -I"..//chip_headers/CMSIS/Device/ST/STM32F4xx/Include" -O0 -ffunction-sections -fdata-sections -Wall -fstack-usage -fcyclomatic-complexity -MMD -MP -MF"Src/main.d" -MT"Src/main.o" --specs=nano.specs -mfpu=fpv4-sp-d16 -mfloat-abi=hard -mthumb -o "Src/main.o"
arm-none-eabi-gcc "../Src/syscalls.c" -mcpu=cortex-m4 -std=gnu11 -g3 -DDEBUG -DSTM32 -DSTM32F4 -DSTM32F411RETx -DSTM32F411xE -c -I../Inc -I"..//chip_headers/CMSIS/Include" -I"..//chip_headers/CMSIS/Device/ST/STM32F4xx/Include" -O0 -ffunction-sections -fdata-sections -Wall -fstack-usage -fcyclomatic-complexity -MMD -MP -MF"Src/syscalls.d" -MT"Src/syscalls.o" --specs=nano.specs -mfpu=fpv4-sp-d16 -mfloat-abi=hard -mthumb -o "Src/syscalls.o"
arm-none-eabi-gcc "../Src/sysmem.c" -mcpu=cortex-m4 -std=gnu11 -g3 -DDEBUG -DSTM32 -DSTM32F4 -DSTM32F411RETx -DSTM32F411xE -c -I../Inc -I"..//chip_headers/CMSIS/Include" -I"..//chip_headers/CMSIS/Device/ST/STM32F4xx/Include" -O0 -ffunction-sections -fdata-sections -Wall -fstack-usage -fcyclomatic-complexity -MMD -MP -MF"Src/sysmem.d" -MT"Src/sysmem.o" --specs=nano.specs -mfpu=fpv4-sp-d16 -mfloat-abi=hard -mthumb -o "Src/sysmem.o"
arm-none-eabi-gcc -o "led_driver.elf" @"objects.list"   -mcpu=cortex-m4 -T"E:\RTOS_UDEMY\led_driver\STM32F411RETX_FLASH.ld" --specs=nosys.specs -Wl,-Map="led_driver.map" -Wl,--gc-sections -static --specs=nano.specs -mfpu=fpv4-sp-d16 -mfloat-abi=hard -mthumb -Wl,--start-group -lc -lm -Wl,--end-group
Finished building target: led_driver.elf
 
arm-none-eabi-size   led_driver.elf 
arm-none-eabi-objdump -h -S  led_driver.elf  > "led_driver.list"
   text	   data	    bss	    dec	    hex	filename
    828	      8	   1568	   2404	    964	led_driver.elf
Finished building: default.size.stdout
 
Finished building: led_driver.list
 
00:23:58 **** Incremental Build of configuration Debug for project led_driver ****
make -j4 all 
arm-none-eabi-size   led_driver.elf 
   text	   data	    bss	    dec	    hex	filename
    828	      8	   1568	   2404	    964	led_driver.elf
Finished building: default.size.stdout
 
00:24:19 **** Incremental Build of configuration Debug for project led_driver ****
make -j4 all 
arm-none-eabi-size   led_driver.elf 
   text	   data	    bss	    dec	    hex	filename
    828	      8	   1568	   2404	    964	led_driver.elf
Finished building: default.size.stdout
 
00:27:23 **** Incremental Build of configuration Debug for project led_driver ****
make -j4 all 
arm-none-eabi-gcc "../Src/led.c" -mcpu=cortex-m4 -std=gnu11 -g3 -DDEBUG -DSTM32 -DSTM32F4 -DSTM32F411RETx -DSTM32F411xE -c -I../Inc -I"..//chip_headers/CMSIS/Include" -I"..//chip_headers/CMSIS/Device/ST/STM32F4xx/Include" -O0 -ffunction-sections -fdata-sections -Wall -fstack-usage -fcyclomatic-complexity -MMD -MP -MF"Src/led.d" -MT"Src/led.o" --specs=nano.specs -mfpu=fpv4-sp-d16 -mfloat-abi=hard -mthumb -o "Src/led.o"
arm-none-eabi-gcc -o "led_driver.elf" @"objects.list"   -mcpu=cortex-m4 -T"E:\RTOS_UDEMY\led_driver\STM32F411RETX_FLASH.ld" --specs=nosys.specs -Wl,-Map="led_driver.map" -Wl,--gc-sections -static --specs=nano.specs -mfpu=fpv4-sp-d16 -mfloat-abi=hard -mthumb -Wl,--start-group -lc -lm -Wl,--end-group
Finished building target: led_driver.elf
 
arm-none-eabi-size   led_driver.elf 
arm-none-eabi-objdump -h -S  led_driver.elf  > "led_driver.list"
   text	   data	    bss	    dec	    hex	filename
    840	      8	   1568	   2416	    970	led_driver.elf
Finished building: default.size.stdout
 
Finished building: led_driver.list
 
00:27:32 **** Incremental Build of configuration Debug for project led_driver ****
make -j4 all 
arm-none-eabi-size   led_driver.elf 
   text	   data	    bss	    dec	    hex	filename
    840	      8	   1568	   2416	    970	led_driver.elf
Finished building: default.size.stdout
 
00:29:18 **** Incremental Build of configuration Debug for project led_driver ****
make -j4 all 
arm-none-eabi-gcc "../Src/led.c" -mcpu=cortex-m4 -std=gnu11 -g3 -DDEBUG -DSTM32 -DSTM32F4 -DSTM32F411RETx -DSTM32F411xE -c -I../Inc -I"..//chip_headers/CMSIS/Include" -I"..//chip_headers/CMSIS/Device/ST/STM32F4xx/Include" -O0 -ffunction-sections -fdata-sections -Wall -fstack-usage -fcyclomatic-complexity -MMD -MP -MF"Src/led.d" -MT"Src/led.o" --specs=nano.specs -mfpu=fpv4-sp-d16 -mfloat-abi=hard -mthumb -o "Src/led.o"
arm-none-eabi-gcc -o "led_driver.elf" @"objects.list"   -mcpu=cortex-m4 -T"E:\RTOS_UDEMY\led_driver\STM32F411RETX_FLASH.ld" --specs=nosys.specs -Wl,-Map="led_driver.map" -Wl,--gc-sections -static --specs=nano.specs -mfpu=fpv4-sp-d16 -mfloat-abi=hard -mthumb -Wl,--start-group -lc -lm -Wl,--end-group
Finished building target: led_driver.elf
 
arm-none-eabi-size   led_driver.elf 
arm-none-eabi-objdump -h -S  led_driver.elf  > "led_driver.list"
   text	   data	    bss	    dec	    hex	filename
    840	      8	   1568	   2416	    970	led_driver.elf
Finished building: default.size.stdout
 
Finished building: led_driver.list
 
00:29:27 **** Incremental Build of configuration Debug for project led_driver ****
make -j4 all 
arm-none-eabi-size   led_driver.elf 
   text	   data	    bss	    dec	    hex	filename
    840	      8	   1568	   2416	    970	led_driver.elf
Finished building: default.size.stdout
 
00:31:09 **** Incremental Build of configuration Debug for project led_driver ****
make -j4 all 
arm-none-eabi-gcc "../Src/led.c" -mcpu=cortex-m4 -std=gnu11 -g3 -DDEBUG -DSTM32 -DSTM32F4 -DSTM32F411RETx -DSTM32F411xE -c -I../Inc -I"..//chip_headers/CMSIS/Include" -I"..//chip_headers/CMSIS/Device/ST/STM32F4xx/Include" -O0 -ffunction-sections -fdata-sections -Wall -fstack-usage -fcyclomatic-complexity -MMD -MP -MF"Src/led.d" -MT"Src/led.o" --specs=nano.specs -mfpu=fpv4-sp-d16 -mfloat-abi=hard -mthumb -o "Src/led.o"
arm-none-eabi-gcc -o "led_driver.elf" @"objects.list"   -mcpu=cortex-m4 -T"E:\RTOS_UDEMY\led_driver\STM32F411RETX_FLASH.ld" --specs=nosys.specs -Wl,-Map="led_driver.map" -Wl,--gc-sections -static --specs=nano.specs -mfpu=fpv4-sp-d16 -mfloat-abi=hard -mthumb -Wl,--start-group -lc -lm -Wl,--end-group
Finished building target: led_driver.elf
 
arm-none-eabi-size   led_driver.elf 
arm-none-eabi-objdump -h -S  led_driver.elf  > "led_driver.list"
   text	   data	    bss	    dec	    hex	filename
    840	      8	   1568	   2416	    970	led_driver.elf
Finished building: default.size.stdout
 
Finished building: led_driver.list
 
00:31:20 **** Incremental Build of configuration Debug for project led_driver ****
make -j4 all 
arm-none-eabi-size   led_driver.elf 
   text	   data	    bss	    dec	    hex	filename
    840	      8	   1568	   2416	    970	led_driver.elf
Finished building: default.size.stdout
 
00:31:44 **** Incremental Build of configuration Debug for project led_driver ****
make -j4 all 
arm-none-eabi-gcc "../Src/led.c" -mcpu=cortex-m4 -std=gnu11 -g3 -DDEBUG -DSTM32 -DSTM32F4 -DSTM32F411RETx -DSTM32F411xE -c -I../Inc -I"..//chip_headers/CMSIS/Include" -I"..//chip_headers/CMSIS/Device/ST/STM32F4xx/Include" -O0 -ffunction-sections -fdata-sections -Wall -fstack-usage -fcyclomatic-complexity -MMD -MP -MF"Src/led.d" -MT"Src/led.o" --specs=nano.specs -mfpu=fpv4-sp-d16 -mfloat-abi=hard -mthumb -o "Src/led.o"
arm-none-eabi-gcc -o "led_driver.elf" @"objects.list"   -mcpu=cortex-m4 -T"E:\RTOS_UDEMY\led_driver\STM32F411RETX_FLASH.ld" --specs=nosys.specs -Wl,-Map="led_driver.map" -Wl,--gc-sections -static --specs=nano.specs -mfpu=fpv4-sp-d16 -mfloat-abi=hard -mthumb -Wl,--start-group -lc -lm -Wl,--end-group
Finished building target: led_driver.elf
 
arm-none-eabi-size   led_driver.elf 
arm-none-eabi-objdump -h -S  led_driver.elf  > "led_driver.list"
   text	   data	    bss	    dec	    hex	filename
    840	      8	   1568	   2416	    970	led_driver.elf
Finished building: default.size.stdout
 
Finished building: led_driver.list
 
00:31:55 **** Incremental Build of configuration Debug for project led_driver ****
make -j4 all 
arm-none-eabi-size   led_driver.elf 
   text	   data	    bss	    dec	    hex	filename
    840	      8	   1568	   2416	    970	led_driver.elf
Finished building: default.size.stdout
 
00:51:03 **** Incremental Build of configuration Debug for project led_driver ****
make -j4 all 
arm-none-eabi-gcc "../Src/led.c" -mcpu=cortex-m4 -std=gnu11 -g3 -DDEBUG -DSTM32 -DSTM32F4 -DSTM32F411RETx -DSTM32F411xE -c -I../Inc -I"..//chip_headers/CMSIS/Include" -I"..//chip_headers/CMSIS/Device/ST/STM32F4xx/Include" -O0 -ffunction-sections -fdata-sections -Wall -fstack-usage -fcyclomatic-complexity -MMD -MP -MF"Src/led.d" -MT"Src/led.o" --specs=nano.specs -mfpu=fpv4-sp-d16 -mfloat-abi=hard -mthumb -o "Src/led.o"
arm-none-eabi-gcc -o "led_driver.elf" @"objects.list"   -mcpu=cortex-m4 -T"E:\RTOS_UDEMY\led_driver\STM32F411RETX_FLASH.ld" --specs=nosys.specs -Wl,-Map="led_driver.map" -Wl,--gc-sections -static --specs=nano.specs -mfpu=fpv4-sp-d16 -mfloat-abi=hard -mthumb -Wl,--start-group -lc -lm -Wl,--end-group
Finished building target: led_driver.elf
 
arm-none-eabi-size   led_driver.elf 
arm-none-eabi-objdump -h -S  led_driver.elf  > "led_driver.list"
   text	   data	    bss	    dec	    hex	filename
    840	      8	   1568	   2416	    970	led_driver.elf
Finished building: default.size.stdout
 
Finished building: led_driver.list
 
00:51:27 **** Incremental Build of configuration Debug for project led_driver ****
make -j4 all 
arm-none-eabi-size   led_driver.elf 
   text	   data	    bss	    dec	    hex	filename
    840	      8	   1568	   2416	    970	led_driver.elf
Finished building: default.size.stdout
 
20:34:15 **** Incremental Build of configuration Debug for project led_driver ****
make -j4 all 
arm-none-eabi-gcc "../Src/led.c" -mcpu=cortex-m4 -std=gnu11 -g3 -DDEBUG -DSTM32 -DSTM32F4 -DSTM32F411RETx -DSTM32F411xE -c -I../Inc -I"..//chip_headers/CMSIS/Include" -I"..//chip_headers/CMSIS/Device/ST/STM32F4xx/Include" -O0 -ffunction-sections -fdata-sections -Wall -fstack-usage -fcyclomatic-complexity -MMD -MP -MF"Src/led.d" -MT"Src/led.o" --specs=nano.specs -mfpu=fpv4-sp-d16 -mfloat-abi=hard -mthumb -o "Src/led.o"
arm-none-eabi-gcc "../Src/main.c" -mcpu=cortex-m4 -std=gnu11 -g3 -DDEBUG -DSTM32 -DSTM32F4 -DSTM32F411RETx -DSTM32F411xE -c -I../Inc -I"..//chip_headers/CMSIS/Include" -I"..//chip_headers/CMSIS/Device/ST/STM32F4xx/Include" -O0 -ffunction-sections -fdata-sections -Wall -fstack-usage -fcyclomatic-complexity -MMD -MP -MF"Src/main.d" -MT"Src/main.o" --specs=nano.specs -mfpu=fpv4-sp-d16 -mfloat-abi=hard -mthumb -o "Src/main.o"
arm-none-eabi-gcc "../Src/syscalls.c" -mcpu=cortex-m4 -std=gnu11 -g3 -DDEBUG -DSTM32 -DSTM32F4 -DSTM32F411RETx -DSTM32F411xE -c -I../Inc -I"..//chip_headers/CMSIS/Include" -I"..//chip_headers/CMSIS/Device/ST/STM32F4xx/Include" -O0 -ffunction-sections -fdata-sections -Wall -fstack-usage -fcyclomatic-complexity -MMD -MP -MF"Src/syscalls.d" -MT"Src/syscalls.o" --specs=nano.specs -mfpu=fpv4-sp-d16 -mfloat-abi=hard -mthumb -o "Src/syscalls.o"
arm-none-eabi-gcc "../Src/sysmem.c" -mcpu=cortex-m4 -std=gnu11 -g3 -DDEBUG -DSTM32 -DSTM32F4 -DSTM32F411RETx -DSTM32F411xE -c -I../Inc -I"..//chip_headers/CMSIS/Include" -I"..//chip_headers/CMSIS/Device/ST/STM32F4xx/Include" -O0 -ffunction-sections -fdata-sections -Wall -fstack-usage -fcyclomatic-complexity -MMD -MP -MF"Src/sysmem.d" -MT"Src/sysmem.o" --specs=nano.specs -mfpu=fpv4-sp-d16 -mfloat-abi=hard -mthumb -o "Src/sysmem.o"
arm-none-eabi-gcc "../Src/usart.c" -mcpu=cortex-m4 -std=gnu11 -g3 -DDEBUG -DSTM32 -DSTM32F4 -DSTM32F411RETx -DSTM32F411xE -c -I../Inc -I"..//chip_headers/CMSIS/Include" -I"..//chip_headers/CMSIS/Device/ST/STM32F4xx/Include" -O0 -ffunction-sections -fdata-sections -Wall -fstack-usage -fcyclomatic-complexity -MMD -MP -MF"Src/usart.d" -MT"Src/usart.o" --specs=nano.specs -mfpu=fpv4-sp-d16 -mfloat-abi=hard -mthumb -o "Src/usart.o"
../Src/usart.c: In function 'usart_init':
../Src/usart.c:3:9: error: 'USART' undeclared (first use in this function)
    3 |         USART->CR1 |= (1<<13);
      |         ^~~~~
../Src/usart.c:3:9: note: each undeclared identifier is reported only once for each function it appears in
../Src/usart.c: At top level:
../Src/usart.c:16:17: error: unknown type name 'uint_8'
   16 | void usart_send(uint_8 *data)
      |                 ^~~~~~
make: *** [Src/subdir.mk:31: Src/usart.o] Error 1
make: *** Waiting for unfinished jobs....
"make -j4 all" terminated with exit code 2. Build might be incomplete.
20:38:34 **** Incremental Build of configuration Debug for project led_driver ****
make -j4 all 
arm-none-eabi-gcc "../Src/usart.c" -mcpu=cortex-m4 -std=gnu11 -g3 -DDEBUG -DSTM32 -DSTM32F4 -DSTM32F411RETx -DSTM32F411xE -c -I../Inc -I"..//chip_headers/CMSIS/Include" -I"..//chip_headers/CMSIS/Device/ST/STM32F4xx/Include" -O0 -ffunction-sections -fdata-sections -Wall -fstack-usage -fcyclomatic-complexity -MMD -MP -MF"Src/usart.d" -MT"Src/usart.o" --specs=nano.specs -mfpu=fpv4-sp-d16 -mfloat-abi=hard -mthumb -o "Src/usart.o"
../Src/usart.c: In function 'usart_init':
../Src/usart.c:3:9: error: 'USART2' undeclared (first use in this function)
    3 |         USART2->CR1 |= (1<<13);
      |         ^~~~~~
../Src/usart.c:3:9: note: each undeclared identifier is reported only once for each function it appears in
../Src/usart.c:4:9: error: 'USART' undeclared (first use in this function)
    4 |         USART->CR1 &= ~(1<<12);
      |         ^~~~~
../Src/usart.c: At top level:
../Src/usart.c:16:17: error: unknown type name 'uint_8'
   16 | void usart_send(uint_8 *data)
      |                 ^~~~~~
make: *** [Src/subdir.mk:31: Src/usart.o] Error 1
"make -j4 all" terminated with exit code 2. Build might be incomplete.
20:39:17 **** Incremental Build of configuration Debug for project led_driver ****
make -j4 all 
arm-none-eabi-gcc "../Src/usart.c" -mcpu=cortex-m4 -std=gnu11 -g3 -DDEBUG -DSTM32 -DSTM32F4 -DSTM32F411RETx -DSTM32F411xE -c -I../Inc -I"..//chip_headers/CMSIS/Include" -I"..//chip_headers/CMSIS/Device/ST/STM32F4xx/Include" -O0 -ffunction-sections -fdata-sections -Wall -fstack-usage -fcyclomatic-complexity -MMD -MP -MF"Src/usart.d" -MT"Src/usart.o" --specs=nano.specs -mfpu=fpv4-sp-d16 -mfloat-abi=hard -mthumb -o "Src/usart.o"
In file included from ../Src/usart.c:1:
../Inc/usart.h:6:17: error: unknown type name 'uint_8'; did you mean 'uint8_t'?
    6 | void usart_send(uint_8 *data);
      |                 ^~~~~~
      |                 uint8_t
../Src/usart.c: In function 'usart_init':
../Src/usart.c:6:9: error: 'USART' undeclared (first use in this function); did you mean 'USART1'?
    6 |         USART->CR1 &= ~(1<<12);
      |         ^~~~~
      |         USART1
../Src/usart.c:6:9: note: each undeclared identifier is reported only once for each function it appears in
../Src/usart.c: At top level:
../Src/usart.c:18:17: error: unknown type name 'uint_8'; did you mean 'uint8_t'?
   18 | void usart_send(uint_8 *data)
      |                 ^~~~~~
      |                 uint8_t
make: *** [Src/subdir.mk:31: Src/usart.o] Error 1
"make -j4 all" terminated with exit code 2. Build might be incomplete.
20:39:30 **** Incremental Build of configuration Debug for project led_driver ****
make -j4 all 
arm-none-eabi-gcc "../Src/usart.c" -mcpu=cortex-m4 -std=gnu11 -g3 -DDEBUG -DSTM32 -DSTM32F4 -DSTM32F411RETx -DSTM32F411xE -c -I../Inc -I"..//chip_headers/CMSIS/Include" -I"..//chip_headers/CMSIS/Device/ST/STM32F4xx/Include" -O0 -ffunction-sections -fdata-sections -Wall -fstack-usage -fcyclomatic-complexity -MMD -MP -MF"Src/usart.d" -MT"Src/usart.o" --specs=nano.specs -mfpu=fpv4-sp-d16 -mfloat-abi=hard -mthumb -o "Src/usart.o"
In file included from ../Src/usart.c:1:
../Inc/usart.h:6:17: error: unknown type name 'uint_8'; did you mean 'uint8_t'?
    6 | void usart_send(uint_8 *data);
      |                 ^~~~~~
      |                 uint8_t
../Src/usart.c: In function 'usart_init':
../Src/usart.c:5:9: error: 'USART' undeclared (first use in this function); did you mean 'USART1'?
    5 |         USART->CR1 |= (1<<13);
      |         ^~~~~
      |         USART1
../Src/usart.c:5:9: note: each undeclared identifier is reported only once for each function it appears in
../Src/usart.c: At top level:
../Src/usart.c:18:17: error: unknown type name 'uint_8'; did you mean 'uint8_t'?
   18 | void usart_send(uint_8 *data)
      |                 ^~~~~~
      |                 uint8_t
make: *** [Src/subdir.mk:31: Src/usart.o] Error 1
"make -j4 all" terminated with exit code 2. Build might be incomplete.
20:40:19 **** Incremental Build of configuration Debug for project led_driver ****
make -j4 all 
arm-none-eabi-gcc "../Src/usart.c" -mcpu=cortex-m4 -std=gnu11 -g3 -DDEBUG -DSTM32 -DSTM32F4 -DSTM32F411RETx -DSTM32F411xE -c -I../Inc -I"..//chip_headers/CMSIS/Include" -I"..//chip_headers/CMSIS/Device/ST/STM32F4xx/Include" -O0 -ffunction-sections -fdata-sections -Wall -fstack-usage -fcyclomatic-complexity -MMD -MP -MF"Src/usart.d" -MT"Src/usart.o" --specs=nano.specs -mfpu=fpv4-sp-d16 -mfloat-abi=hard -mthumb -o "Src/usart.o"
../Src/usart.c: In function 'usart_init':
../Src/usart.c:5:9: error: 'USART' undeclared (first use in this function); did you mean 'USART1'?
    5 |         USART->CR1 |= (1<<13);
      |         ^~~~~
      |         USART1
../Src/usart.c:5:9: note: each undeclared identifier is reported only once for each function it appears in
../Src/usart.c: In function 'usart_send':
../Src/usart.c:20:9: error: 'USART' undeclared (first use in this function); did you mean 'USART1'?
   20 |         USART->DR = data;
      |         ^~~~~
      |         USART1
make: *** [Src/subdir.mk:31: Src/usart.o] Error 1
"make -j4 all" terminated with exit code 2. Build might be incomplete.
20:41:04 **** Incremental Build of configuration Debug for project led_driver ****
make -j4 all 
arm-none-eabi-gcc "../Src/usart.c" -mcpu=cortex-m4 -std=gnu11 -g3 -DDEBUG -DSTM32 -DSTM32F4 -DSTM32F411RETx -DSTM32F411xE -c -I../Inc -I"..//chip_headers/CMSIS/Include" -I"..//chip_headers/CMSIS/Device/ST/STM32F4xx/Include" -O0 -ffunction-sections -fdata-sections -Wall -fstack-usage -fcyclomatic-complexity -MMD -MP -MF"Src/usart.d" -MT"Src/usart.o" --specs=nano.specs -mfpu=fpv4-sp-d16 -mfloat-abi=hard -mthumb -o "Src/usart.o"
../Src/usart.c: In function 'usart_send':
../Src/usart.c:20:20: warning: assignment to 'uint32_t' {aka 'long unsigned int'} from 'char *' makes integer from pointer without a cast [-Wint-conversion]
   20 |         USART2->DR = data;
      |                    ^
arm-none-eabi-gcc -o "led_driver.elf" @"objects.list"   -mcpu=cortex-m4 -T"E:\RTOS_UDEMY\led_driver\STM32F411RETX_FLASH.ld" --specs=nosys.specs -Wl,-Map="led_driver.map" -Wl,--gc-sections -static --specs=nano.specs -mfpu=fpv4-sp-d16 -mfloat-abi=hard -mthumb -Wl,--start-group -lc -lm -Wl,--end-group
Finished building target: led_driver.elf
 
arm-none-eabi-size   led_driver.elf 
arm-none-eabi-objdump -h -S  led_driver.elf  > "led_driver.list"
   text	   data	    bss	    dec	    hex	filename
    840	      8	   1568	   2416	    970	led_driver.elf
Finished building: default.size.stdout
 
Finished building: led_driver.list
 
20:59:34 **** Incremental Build of configuration Debug for project led_driver ****
make -j4 all 
arm-none-eabi-gcc "../Src/main.c" -mcpu=cortex-m4 -std=gnu11 -g3 -DDEBUG -DSTM32 -DSTM32F4 -DSTM32F411RETx -DSTM32F411xE -c -I../Inc -I"..//chip_headers/CMSIS/Include" -I"..//chip_headers/CMSIS/Device/ST/STM32F4xx/Include" -O0 -ffunction-sections -fdata-sections -Wall -fstack-usage -fcyclomatic-complexity -MMD -MP -MF"Src/main.d" -MT"Src/main.o" --specs=nano.specs -mfpu=fpv4-sp-d16 -mfloat-abi=hard -mthumb -o "Src/main.o"
../Src/main.c: In function 'main':
../Src/main.c:11:17: warning: implicit declaration of function 'usart_init' [-Wimplicit-function-declaration]
   11 |                 usart_init();
      |                 ^~~~~~~~~~
../Src/main.c:12:17: warning: implicit declaration of function 'usart_send' [-Wimplicit-function-declaration]
   12 |                 usart_send('S');
      |                 ^~~~~~~~~~
arm-none-eabi-gcc -o "led_driver.elf" @"objects.list"   -mcpu=cortex-m4 -T"E:\RTOS_UDEMY\led_driver\STM32F411RETX_FLASH.ld" --specs=nosys.specs -Wl,-Map="led_driver.map" -Wl,--gc-sections -static --specs=nano.specs -mfpu=fpv4-sp-d16 -mfloat-abi=hard -mthumb -Wl,--start-group -lc -lm -Wl,--end-group
Finished building target: led_driver.elf
 
arm-none-eabi-size   led_driver.elf 
arm-none-eabi-objdump -h -S  led_driver.elf  > "led_driver.list"
   text	   data	    bss	    dec	    hex	filename
    984	      8	   1568	   2560	    a00	led_driver.elf
Finished building: default.size.stdout
 
Finished building: led_driver.list
 
21:02:58 **** Incremental Build of configuration Debug for project led_driver ****
make -j4 all 
arm-none-eabi-size   led_driver.elf 
   text	   data	    bss	    dec	    hex	filename
    984	      8	   1568	   2560	    a00	led_driver.elf
Finished building: default.size.stdout
 
21:09:17 **** Incremental Build of configuration Debug for project led_driver ****
make -j4 all 
arm-none-eabi-gcc "../Src/main.c" -mcpu=cortex-m4 -std=gnu11 -g3 -DDEBUG -DSTM32 -DSTM32F4 -DSTM32F411RETx -DSTM32F411xE -c -I../Inc -I"..//chip_headers/CMSIS/Include" -I"..//chip_headers/CMSIS/Device/ST/STM32F4xx/Include" -O0 -ffunction-sections -fdata-sections -Wall -fstack-usage -fcyclomatic-complexity -MMD -MP -MF"Src/main.d" -MT"Src/main.o" --specs=nano.specs -mfpu=fpv4-sp-d16 -mfloat-abi=hard -mthumb -o "Src/main.o"
../Src/main.c: In function 'main':
../Src/main.c:11:17: warning: implicit declaration of function 'usart_init' [-Wimplicit-function-declaration]
   11 |                 usart_init();
      |                 ^~~~~~~~~~
../Src/main.c:13:42: warning: bitwise comparison always evaluates to false [-Wtautological-compare]
   13 |                 if((USART2->SR & (1<<6)) == 1) usart_send('S');
      |                                          ^~
../Src/main.c:13:48: warning: implicit declaration of function 'usart_send' [-Wimplicit-function-declaration]
   13 |                 if((USART2->SR & (1<<6)) == 1) usart_send('S');
      |                                                ^~~~~~~~~~
arm-none-eabi-gcc -o "led_driver.elf" @"objects.list"   -mcpu=cortex-m4 -T"E:\RTOS_UDEMY\led_driver\STM32F411RETX_FLASH.ld" --specs=nosys.specs -Wl,-Map="led_driver.map" -Wl,--gc-sections -static --specs=nano.specs -mfpu=fpv4-sp-d16 -mfloat-abi=hard -mthumb -Wl,--start-group -lc -lm -Wl,--end-group
Finished building target: led_driver.elf
 
arm-none-eabi-size   led_driver.elf 
arm-none-eabi-objdump -h -S  led_driver.elf  > "led_driver.list"
   text	   data	    bss	    dec	    hex	filename
   1000	      8	   1568	   2576	    a10	led_driver.elf
Finished building: default.size.stdout
 
Finished building: led_driver.list
 
21:09:28 **** Incremental Build of configuration Debug for project led_driver ****
make -j4 all 
arm-none-eabi-size   led_driver.elf 
   text	   data	    bss	    dec	    hex	filename
   1000	      8	   1568	   2576	    a10	led_driver.elf
Finished building: default.size.stdout
 
21:32:12 **** Incremental Build of configuration Debug for project led_driver ****
make -j4 all 
arm-none-eabi-gcc "../Src/usart.c" -mcpu=cortex-m4 -std=gnu11 -g3 -DDEBUG -DSTM32 -DSTM32F4 -DSTM32F411RETx -DSTM32F411xE -c -I../Inc -I"..//chip_headers/CMSIS/Include" -I"..//chip_headers/CMSIS/Device/ST/STM32F4xx/Include" -O0 -ffunction-sections -fdata-sections -Wall -fstack-usage -fcyclomatic-complexity -MMD -MP -MF"Src/usart.d" -MT"Src/usart.o" --specs=nano.specs -mfpu=fpv4-sp-d16 -mfloat-abi=hard -mthumb -o "Src/usart.o"
../Src/usart.c: In function 'usart_send':
../Src/usart.c:23:20: warning: assignment to 'uint32_t' {aka 'long unsigned int'} from 'char *' makes integer from pointer without a cast [-Wint-conversion]
   23 |         USART2->DR = data;
      |                    ^
arm-none-eabi-gcc -o "led_driver.elf" @"objects.list"   -mcpu=cortex-m4 -T"E:\RTOS_UDEMY\led_driver\STM32F411RETX_FLASH.ld" --specs=nosys.specs -Wl,-Map="led_driver.map" -Wl,--gc-sections -static --specs=nano.specs -mfpu=fpv4-sp-d16 -mfloat-abi=hard -mthumb -Wl,--start-group -lc -lm -Wl,--end-group
Finished building target: led_driver.elf
 
arm-none-eabi-size   led_driver.elf 
arm-none-eabi-objdump -h -S  led_driver.elf  > "led_driver.list"
   text	   data	    bss	    dec	    hex	filename
   1016	      8	   1568	   2592	    a20	led_driver.elf
Finished building: default.size.stdout
 
Finished building: led_driver.list
 
21:35:43 **** Incremental Build of configuration Debug for project led_driver ****
make -j4 all 
arm-none-eabi-gcc "../Src/usart.c" -mcpu=cortex-m4 -std=gnu11 -g3 -DDEBUG -DSTM32 -DSTM32F4 -DSTM32F411RETx -DSTM32F411xE -c -I../Inc -I"..//chip_headers/CMSIS/Include" -I"..//chip_headers/CMSIS/Device/ST/STM32F4xx/Include" -O0 -ffunction-sections -fdata-sections -Wall -fstack-usage -fcyclomatic-complexity -MMD -MP -MF"Src/usart.d" -MT"Src/usart.o" --specs=nano.specs -mfpu=fpv4-sp-d16 -mfloat-abi=hard -mthumb -o "Src/usart.o"
../Src/usart.c: In function 'usart_init':
../Src/usart.c:9:16: error: 'GPIO_TypeDef' has no member named 'AFRL'; did you mean 'AFR'?
    9 |         GPIOA->AFRL |= (1<<8);
      |                ^~~~
      |                AFR
../Src/usart.c:10:16: error: 'GPIO_TypeDef' has no member named 'AFRL'; did you mean 'AFR'?
   10 |         GPIOA->AFRL |= (1<<9);
      |                ^~~~
      |                AFR
../Src/usart.c:11:16: error: 'GPIO_TypeDef' has no member named 'AFRL'; did you mean 'AFR'?
   11 |         GPIOA->AFRL |= (1<<10);
      |                ^~~~
      |                AFR
../Src/usart.c:12:16: error: 'GPIO_TypeDef' has no member named 'AFRL'; did you mean 'AFR'?
   12 |         GPIOA->AFRL &= ~(1<<11);
      |                ^~~~
      |                AFR
../Src/usart.c: In function 'usart_send':
../Src/usart.c:29:20: warning: assignment to 'uint32_t' {aka 'long unsigned int'} from 'char *' makes integer from pointer without a cast [-Wint-conversion]
   29 |         USART2->DR = data;
      |                    ^
make: *** [Src/subdir.mk:31: Src/usart.o] Error 1
"make -j4 all" terminated with exit code 2. Build might be incomplete.
22:09:17 **** Incremental Build of configuration Debug for project led_driver ****
make -j4 all 
arm-none-eabi-gcc "../Src/usart.c" -mcpu=cortex-m4 -std=gnu11 -g3 -DDEBUG -DSTM32 -DSTM32F4 -DSTM32F411RETx -DSTM32F411xE -c -I../Inc -I"..//chip_headers/CMSIS/Include" -I"..//chip_headers/CMSIS/Device/ST/STM32F4xx/Include" -O0 -ffunction-sections -fdata-sections -Wall -fstack-usage -fcyclomatic-complexity -MMD -MP -MF"Src/usart.d" -MT"Src/usart.o" --specs=nano.specs -mfpu=fpv4-sp-d16 -mfloat-abi=hard -mthumb -o "Src/usart.o"
../Src/usart.c: In function 'usart_init':
../Src/usart.c:9:20: error: assignment to expression with array type
    9 |         GPIOA->AFR |= (1<<8);
      |                    ^~
../Src/usart.c:10:20: error: assignment to expression with array type
   10 |         GPIOA->AFR |= (1<<9);
      |                    ^~
../Src/usart.c:11:20: error: assignment to expression with array type
   11 |         GPIOA->AFR |= (1<<10);
      |                    ^~
../Src/usart.c:12:20: error: assignment to expression with array type
   12 |         GPIOA->AFR &= ~(1<<11);
      |                    ^~
../Src/usart.c: In function 'usart_send':
../Src/usart.c:29:20: warning: assignment to 'uint32_t' {aka 'long unsigned int'} from 'char *' makes integer from pointer without a cast [-Wint-conversion]
   29 |         USART2->DR = data;
      |                    ^
make: *** [Src/subdir.mk:31: Src/usart.o] Error 1
"make -j4 all" terminated with exit code 2. Build might be incomplete.
22:09:47 **** Incremental Build of configuration Debug for project led_driver ****
make -j4 all 
arm-none-eabi-gcc "../Src/usart.c" -mcpu=cortex-m4 -std=gnu11 -g3 -DDEBUG -DSTM32 -DSTM32F4 -DSTM32F411RETx -DSTM32F411xE -c -I../Inc -I"..//chip_headers/CMSIS/Include" -I"..//chip_headers/CMSIS/Device/ST/STM32F4xx/Include" -O0 -ffunction-sections -fdata-sections -Wall -fstack-usage -fcyclomatic-complexity -MMD -MP -MF"Src/usart.d" -MT"Src/usart.o" --specs=nano.specs -mfpu=fpv4-sp-d16 -mfloat-abi=hard -mthumb -o "Src/usart.o"
../Src/usart.c: In function 'usart_send':
../Src/usart.c:29:20: warning: assignment to 'uint32_t' {aka 'long unsigned int'} from 'char *' makes integer from pointer without a cast [-Wint-conversion]
   29 |         USART2->DR = data;
      |                    ^
arm-none-eabi-gcc -o "led_driver.elf" @"objects.list"   -mcpu=cortex-m4 -T"E:\RTOS_UDEMY\led_driver\STM32F411RETX_FLASH.ld" --specs=nosys.specs -Wl,-Map="led_driver.map" -Wl,--gc-sections -static --specs=nano.specs -mfpu=fpv4-sp-d16 -mfloat-abi=hard -mthumb -Wl,--start-group -lc -lm -Wl,--end-group
Finished building target: led_driver.elf
 
arm-none-eabi-size   led_driver.elf 
arm-none-eabi-objdump -h -S  led_driver.elf  > "led_driver.list"
   text	   data	    bss	    dec	    hex	filename
   1092	      8	   1568	   2668	    a6c	led_driver.elf
Finished building: default.size.stdout
 
Finished building: led_driver.list
 
22:09:57 **** Incremental Build of configuration Debug for project led_driver ****
make -j4 all 
arm-none-eabi-size   led_driver.elf 
   text	   data	    bss	    dec	    hex	filename
   1092	      8	   1568	   2668	    a6c	led_driver.elf
Finished building: default.size.stdout
 
22:11:20 **** Incremental Build of configuration Debug for project led_driver ****
make -j4 all 
arm-none-eabi-gcc "../Src/main.c" -mcpu=cortex-m4 -std=gnu11 -g3 -DDEBUG -DSTM32 -DSTM32F4 -DSTM32F411RETx -DSTM32F411xE -c -I../Inc -I"..//chip_headers/CMSIS/Include" -I"..//chip_headers/CMSIS/Device/ST/STM32F4xx/Include" -O0 -ffunction-sections -fdata-sections -Wall -fstack-usage -fcyclomatic-complexity -MMD -MP -MF"Src/main.d" -MT"Src/main.o" --specs=nano.specs -mfpu=fpv4-sp-d16 -mfloat-abi=hard -mthumb -o "Src/main.o"
../Src/main.c: In function 'main':
../Src/main.c:5:9: warning: implicit declaration of function 'usart_init' [-Wimplicit-function-declaration]
    5 |         usart_init();
      |         ^~~~~~~~~~
../Src/main.c:13:42: warning: bitwise comparison always evaluates to false [-Wtautological-compare]
   13 |                 if((USART2->SR & (1<<6)) == 1) usart_send('S');
      |                                          ^~
../Src/main.c:13:48: warning: implicit declaration of function 'usart_send' [-Wimplicit-function-declaration]
   13 |                 if((USART2->SR & (1<<6)) == 1) usart_send('S');
      |                                                ^~~~~~~~~~
arm-none-eabi-gcc -o "led_driver.elf" @"objects.list"   -mcpu=cortex-m4 -T"E:\RTOS_UDEMY\led_driver\STM32F411RETX_FLASH.ld" --specs=nosys.specs -Wl,-Map="led_driver.map" -Wl,--gc-sections -static --specs=nano.specs -mfpu=fpv4-sp-d16 -mfloat-abi=hard -mthumb -Wl,--start-group -lc -lm -Wl,--end-group
Finished building target: led_driver.elf
 
arm-none-eabi-size   led_driver.elf 
arm-none-eabi-objdump -h -S  led_driver.elf  > "led_driver.list"
   text	   data	    bss	    dec	    hex	filename
   1092	      8	   1568	   2668	    a6c	led_driver.elf
Finished building: default.size.stdout
 
Finished building: led_driver.list
 
22:11:29 **** Incremental Build of configuration Debug for project led_driver ****
make -j4 all 
arm-none-eabi-size   led_driver.elf 
   text	   data	    bss	    dec	    hex	filename
   1092	      8	   1568	   2668	    a6c	led_driver.elf
Finished building: default.size.stdout
 
00:20:20 **** Incremental Build of configuration Debug for project led_driver ****
make -j4 all 
arm-none-eabi-gcc "../Src/usart.c" -mcpu=cortex-m4 -std=gnu11 -g3 -DDEBUG -DSTM32 -DSTM32F4 -DSTM32F411RETx -DSTM32F411xE -c -I../Inc -I"..//chip_headers/CMSIS/Include" -I"..//chip_headers/CMSIS/Device/ST/STM32F4xx/Include" -O0 -ffunction-sections -fdata-sections -Wall -fstack-usage -fcyclomatic-complexity -MMD -MP -MF"Src/usart.d" -MT"Src/usart.o" --specs=nano.specs -mfpu=fpv4-sp-d16 -mfloat-abi=hard -mthumb -o "Src/usart.o"
../Src/usart.c: In function 'usart_send':
../Src/usart.c:29:20: warning: assignment to 'uint32_t' {aka 'long unsigned int'} from 'char *' makes integer from pointer without a cast [-Wint-conversion]
   29 |         USART2->DR = data;
      |                    ^
arm-none-eabi-gcc -o "led_driver.elf" @"objects.list"   -mcpu=cortex-m4 -T"E:\RTOS_UDEMY\led_driver\STM32F411RETX_FLASH.ld" --specs=nosys.specs -Wl,-Map="led_driver.map" -Wl,--gc-sections -static --specs=nano.specs -mfpu=fpv4-sp-d16 -mfloat-abi=hard -mthumb -Wl,--start-group -lc -lm -Wl,--end-group
Finished building target: led_driver.elf
 
arm-none-eabi-size   led_driver.elf 
arm-none-eabi-objdump -h -S  led_driver.elf  > "led_driver.list"
   text	   data	    bss	    dec	    hex	filename
   1092	      8	   1568	   2668	    a6c	led_driver.elf
Finished building: default.size.stdout
 
Finished building: led_driver.list
 
00:23:12 **** Incremental Build of configuration Debug for project led_driver ****
make -j4 all 
arm-none-eabi-size   led_driver.elf 
   text	   data	    bss	    dec	    hex	filename
   1092	      8	   1568	   2668	    a6c	led_driver.elf
Finished building: default.size.stdout
 
00:23:26 **** Incremental Build of configuration Debug for project led_driver ****
make -j4 all 
arm-none-eabi-size   led_driver.elf 
   text	   data	    bss	    dec	    hex	filename
   1092	      8	   1568	   2668	    a6c	led_driver.elf
Finished building: default.size.stdout
 
00:39:06 **** Incremental Build of configuration Debug for project led_driver ****
make -j4 all 
arm-none-eabi-gcc "../Src/main.c" -mcpu=cortex-m4 -std=gnu11 -g3 -DDEBUG -DSTM32 -DSTM32F4 -DSTM32F411RETx -DSTM32F411xE -c -I../Inc -I"..//chip_headers/CMSIS/Include" -I"..//chip_headers/CMSIS/Device/ST/STM32F4xx/Include" -O0 -ffunction-sections -fdata-sections -Wall -fstack-usage -fcyclomatic-complexity -MMD -MP -MF"Src/main.d" -MT"Src/main.o" --specs=nano.specs -mfpu=fpv4-sp-d16 -mfloat-abi=hard -mthumb -o "Src/main.o"
arm-none-eabi-gcc "../Src/usart.c" -mcpu=cortex-m4 -std=gnu11 -g3 -DDEBUG -DSTM32 -DSTM32F4 -DSTM32F411RETx -DSTM32F411xE -c -I../Inc -I"..//chip_headers/CMSIS/Include" -I"..//chip_headers/CMSIS/Device/ST/STM32F4xx/Include" -O0 -ffunction-sections -fdata-sections -Wall -fstack-usage -fcyclomatic-complexity -MMD -MP -MF"Src/usart.d" -MT"Src/usart.o" --specs=nano.specs -mfpu=fpv4-sp-d16 -mfloat-abi=hard -mthumb -o "Src/usart.o"
../Src/usart.c:28:6: error: conflicting types for 'usart_send'; have 'void(int *)'
   28 | void usart_send(int *data)
      |      ^~~~~~~~~~
In file included from ../Src/usart.c:1:
../Inc/usart.h:6:6: note: previous declaration of 'usart_send' with type 'void(char *)'
    6 | void usart_send(char *data);
      |      ^~~~~~~~~~
../Src/usart.c: In function 'usart_send':
../Src/usart.c:31:27: error: invalid operands to binary & (have 'int *' and 'int')
   31 |         USART2->DR = data & 0xFF;
      |                           ^
../Src/main.c: In function 'main':
../Src/main.c:5:9: warning: implicit declaration of function 'usart_init' [-Wimplicit-function-declaration]
    5 |         usart_init();
      |         ^~~~~~~~~~
make: *** [Src/subdir.mk:31: Src/usart.o] Error 1
make: *** Waiting for unfinished jobs....
../Src/main.c:13:17: warning: implicit declaration of function 'usart_send' [-Wimplicit-function-declaration]
   13 |                 usart_send("Hi hello");
      |                 ^~~~~~~~~~
"make -j4 all" terminated with exit code 2. Build might be incomplete.
00:39:43 **** Incremental Build of configuration Debug for project led_driver ****
make -j4 all 
arm-none-eabi-gcc "../Src/usart.c" -mcpu=cortex-m4 -std=gnu11 -g3 -DDEBUG -DSTM32 -DSTM32F4 -DSTM32F411RETx -DSTM32F411xE -c -I../Inc -I"..//chip_headers/CMSIS/Include" -I"..//chip_headers/CMSIS/Device/ST/STM32F4xx/Include" -O0 -ffunction-sections -fdata-sections -Wall -fstack-usage -fcyclomatic-complexity -MMD -MP -MF"Src/usart.d" -MT"Src/usart.o" --specs=nano.specs -mfpu=fpv4-sp-d16 -mfloat-abi=hard -mthumb -o "Src/usart.o"
arm-none-eabi-gcc -o "led_driver.elf" @"objects.list"   -mcpu=cortex-m4 -T"E:\RTOS_UDEMY\led_driver\STM32F411RETX_FLASH.ld" --specs=nosys.specs -Wl,-Map="led_driver.map" -Wl,--gc-sections -static --specs=nano.specs -mfpu=fpv4-sp-d16 -mfloat-abi=hard -mthumb -Wl,--start-group -lc -lm -Wl,--end-group
Finished building target: led_driver.elf
 
arm-none-eabi-size   led_driver.elf 
arm-none-eabi-objdump -h -S  led_driver.elf  > "led_driver.list"
   text	   data	    bss	    dec	    hex	filename
   1060	      8	   1568	   2636	    a4c	led_driver.elf
Finished building: default.size.stdout
 
Finished building: led_driver.list
 
00:39:53 **** Incremental Build of configuration Debug for project led_driver ****
make -j4 all 
arm-none-eabi-size   led_driver.elf 
   text	   data	    bss	    dec	    hex	filename
   1060	      8	   1568	   2636	    a4c	led_driver.elf
Finished building: default.size.stdout
 
00:43:04 **** Incremental Build of configuration Debug for project led_driver ****
make -j4 all 
arm-none-eabi-gcc "../Src/main.c" -mcpu=cortex-m4 -std=gnu11 -g3 -DDEBUG -DSTM32 -DSTM32F4 -DSTM32F411RETx -DSTM32F411xE -c -I../Inc -I"..//chip_headers/CMSIS/Include" -I"..//chip_headers/CMSIS/Device/ST/STM32F4xx/Include" -O0 -ffunction-sections -fdata-sections -Wall -fstack-usage -fcyclomatic-complexity -MMD -MP -MF"Src/main.d" -MT"Src/main.o" --specs=nano.specs -mfpu=fpv4-sp-d16 -mfloat-abi=hard -mthumb -o "Src/main.o"
arm-none-eabi-gcc "../Src/usart.c" -mcpu=cortex-m4 -std=gnu11 -g3 -DDEBUG -DSTM32 -DSTM32F4 -DSTM32F411RETx -DSTM32F411xE -c -I../Inc -I"..//chip_headers/CMSIS/Include" -I"..//chip_headers/CMSIS/Device/ST/STM32F4xx/Include" -O0 -ffunction-sections -fdata-sections -Wall -fstack-usage -fcyclomatic-complexity -MMD -MP -MF"Src/usart.d" -MT"Src/usart.o" --specs=nano.specs -mfpu=fpv4-sp-d16 -mfloat-abi=hard -mthumb -o "Src/usart.o"
../Src/main.c: In function 'main':
../Src/main.c:5:9: warning: implicit declaration of function 'uart_tx_init' [-Wimplicit-function-declaration]
    5 |         uart_tx_init();
      |         ^~~~~~~~~~~~
../Src/main.c:14:17: warning: implicit declaration of function 'printf' [-Wimplicit-function-declaration]
   14 |                 printf("Hello from STM32F4.........\n\r");
      |                 ^~~~~~
../Src/main.c:2:1: note: include '<stdio.h>' or provide a declaration of 'printf'
    1 | #include "led.h"
  +++ |+#include <stdio.h>
    2 | int main()
../Src/main.c:14:17: warning: incompatible implicit declaration of built-in function 'printf' [-Wbuiltin-declaration-mismatch]
   14 |                 printf("Hello from STM32F4.........\n\r");
      |                 ^~~~~~
../Src/main.c:14:17: note: include '<stdio.h>' or provide a declaration of 'printf'
../Src/usart.c:37:10: fatal error: uart.h: No such file or directory
   37 | #include "uart.h"
      |          ^~~~~~~~
compilation terminated.
make: *** [Src/subdir.mk:31: Src/usart.o] Error 1
make: *** Waiting for unfinished jobs....
"make -j4 all" terminated with exit code 2. Build might be incomplete.
00:43:20 **** Incremental Build of configuration Debug for project led_driver ****
make -j4 all 
arm-none-eabi-gcc "../Src/usart.c" -mcpu=cortex-m4 -std=gnu11 -g3 -DDEBUG -DSTM32 -DSTM32F4 -DSTM32F411RETx -DSTM32F411xE -c -I../Inc -I"..//chip_headers/CMSIS/Include" -I"..//chip_headers/CMSIS/Device/ST/STM32F4xx/Include" -O0 -ffunction-sections -fdata-sections -Wall -fstack-usage -fcyclomatic-complexity -MMD -MP -MF"Src/usart.d" -MT"Src/usart.o" --specs=nano.specs -mfpu=fpv4-sp-d16 -mfloat-abi=hard -mthumb -o "Src/usart.o"
arm-none-eabi-gcc -o "led_driver.elf" @"objects.list"   -mcpu=cortex-m4 -T"E:\RTOS_UDEMY\led_driver\STM32F411RETX_FLASH.ld" --specs=nosys.specs -Wl,-Map="led_driver.map" -Wl,--gc-sections -static --specs=nano.specs -mfpu=fpv4-sp-d16 -mfloat-abi=hard -mthumb -Wl,--start-group -lc -lm -Wl,--end-group
Finished building target: led_driver.elf
 
arm-none-eabi-size   led_driver.elf 
arm-none-eabi-objdump -h -S  led_driver.elf  > "led_driver.list"
   text	   data	    bss	    dec	    hex	filename
   5352	    100	   1900	   7352	   1cb8	led_driver.elf
Finished building: default.size.stdout
 
Finished building: led_driver.list
 
00:43:28 **** Incremental Build of configuration Debug for project led_driver ****
make -j4 all 
arm-none-eabi-size   led_driver.elf 
   text	   data	    bss	    dec	    hex	filename
   5352	    100	   1900	   7352	   1cb8	led_driver.elf
Finished building: default.size.stdout
 
00:47:49 **** Incremental Build of configuration Debug for project led_driver ****
make -j4 all 
arm-none-eabi-gcc "../Src/main.c" -mcpu=cortex-m4 -std=gnu11 -g3 -DDEBUG -DSTM32 -DSTM32F4 -DSTM32F411RETx -DSTM32F411xE -c -I../Inc -I"..//chip_headers/CMSIS/Include" -I"..//chip_headers/CMSIS/Device/ST/STM32F4xx/Include" -O0 -ffunction-sections -fdata-sections -Wall -fstack-usage -fcyclomatic-complexity -MMD -MP -MF"Src/main.d" -MT"Src/main.o" --specs=nano.specs -mfpu=fpv4-sp-d16 -mfloat-abi=hard -mthumb -o "Src/main.o"
../Src/main.c: In function 'main':
../Src/main.c:5:9: warning: implicit declaration of function 'uart_tx_init' [-Wimplicit-function-declaration]
    5 |         uart_tx_init();
      |         ^~~~~~~~~~~~
../Src/main.c:13:17: warning: implicit declaration of function '__io_putchar'; did you mean '__builtin_putchar'? [-Wimplicit-function-declaration]
   13 |                 __io_putchar('H');
      |                 ^~~~~~~~~~~~
      |                 __builtin_putchar
arm-none-eabi-gcc -o "led_driver.elf" @"objects.list"   -mcpu=cortex-m4 -T"E:\RTOS_UDEMY\led_driver\STM32F411RETX_FLASH.ld" --specs=nosys.specs -Wl,-Map="led_driver.map" -Wl,--gc-sections -static --specs=nano.specs -mfpu=fpv4-sp-d16 -mfloat-abi=hard -mthumb -Wl,--start-group -lc -lm -Wl,--end-group
Finished building target: led_driver.elf
 
arm-none-eabi-size   led_driver.elf 
arm-none-eabi-objdump -h -S  led_driver.elf  > "led_driver.list"
   text	   data	    bss	    dec	    hex	filename
   1152	      8	   1568	   2728	    aa8	led_driver.elf
Finished building: default.size.stdout
 
Finished building: led_driver.list
 
00:47:59 **** Incremental Build of configuration Debug for project led_driver ****
make -j4 all 
arm-none-eabi-size   led_driver.elf 
   text	   data	    bss	    dec	    hex	filename
   1152	      8	   1568	   2728	    aa8	led_driver.elf
Finished building: default.size.stdout
 
00:49:34 **** Incremental Build of configuration Debug for project led_driver ****
make -j4 all 
arm-none-eabi-gcc "../Src/usart.c" -mcpu=cortex-m4 -std=gnu11 -g3 -DDEBUG -DSTM32 -DSTM32F4 -DSTM32F411RETx -DSTM32F411xE -c -I../Inc -I"..//chip_headers/CMSIS/Include" -I"..//chip_headers/CMSIS/Device/ST/STM32F4xx/Include" -O0 -ffunction-sections -fdata-sections -Wall -fstack-usage -fcyclomatic-complexity -MMD -MP -MF"Src/usart.d" -MT"Src/usart.o" --specs=nano.specs -mfpu=fpv4-sp-d16 -mfloat-abi=hard -mthumb -o "Src/usart.o"
../Src/usart.c:92:13: error: conflicting types for 'uart_write'; have 'void(int)'
   92 | static void uart_write(int ch)
      |             ^~~~~~~~~~
[...]
../Src/main.c: In function 'main':
../Src/main.c:20:33: error: invalid type argument of unary '*' (have 'int')
   20 |                 usart_send_char(*data);
      |                                 ^~~~~
../Src/main.c:21:20: error: invalid type argument of unary '*' (have 'int')
   21 |                 if(*data == 'h')
      |                    ^~~~~
make: *** [Src/subdir.mk:37: Src/main.o] Error 1
"make -j4 all" terminated with exit code 2. Build might be incomplete.
05:09:53 **** Incremental Build of configuration Debug for project led_driver ****
make -j4 all 
arm-none-eabi-gcc "../Src/main.c" -mcpu=cortex-m4 -std=gnu11 -g3 -DDEBUG -DSTM32 -DSTM32F4 -DSTM32F411RETx -DSTM32F411xE -c -I../Inc -I"..//chip_headers/CMSIS/Include" -I"..//chip_headers/CMSIS/Device/ST/STM32F4xx/Include" -O0 -ffunction-sections -fdata-sections -Wall -fstack-usage -fcyclomatic-complexity -MMD -MP -MF"Src/main.d" -MT"Src/main.o" --specs=nano.specs -mfpu=fpv4-sp-d16 -mfloat-abi=hard -mthumb -o "Src/main.o"
../Src/main.c: In function 'main':
../Src/main.c:21:20: error: invalid type argument of unary '*' (have 'int')
   21 |                 if(*data == 'h')
      |                    ^~~~~
make: *** [Src/subdir.mk:37: Src/main.o] Error 1
"make -j4 all" terminated with exit code 2. Build might be incomplete.
05:09:59 **** Incremental Build of configuration Debug for project led_driver ****
make -j4 all 
arm-none-eabi-gcc "../Src/main.c" -mcpu=cortex-m4 -std=gnu11 -g3 -DDEBUG -DSTM32 -DSTM32F4 -DSTM32F411RETx -DSTM32F411xE -c -I../Inc -I"..//chip_headers/CMSIS/Include" -I"..//chip_headers/CMSIS/Device/ST/STM32F4xx/Include" -O0 -ffunction-sections -fdata-sections -Wall -fstack-usage -fcyclomatic-complexity -MMD -MP -MF"Src/main.d" -MT"Src/main.o" --specs=nano.specs -mfpu=fpv4-sp-d16 -mfloat-abi=hard -mthumb -o "Src/main.o"
arm-none-eabi-gcc -o "led_driver.elf" @"objects.list"   -mcpu=cortex-m4 -T"E:\RTOS_UDEMY\led_driver\STM32F411RETX_FLASH.ld" --specs=nosys.specs -Wl,-Map="led_driver.map" -Wl,--gc-sections -static --specs=nano.specs -mfpu=fpv4-sp-d16 -mfloat-abi=hard -mthumb -Wl,--start-group -lc -lm -Wl,--end-group
Finished building target: led_driver.elf
 
arm-none-eabi-size   led_driver.elf 
arm-none-eabi-objdump -h -S  led_driver.elf  > "led_driver.list"
   text	   data	    bss	    dec	    hex	filename
   1236	      8	   1568	   2812	    afc	led_driver.elf
Finished building: default.size.stdout
 
Finished building: led_driver.list
 
05:10:08 **** Incremental Build of configuration Debug for project led_driver ****
make -j4 all 
arm-none-eabi-size   led_driver.elf 
   text	   data	    bss	    dec	    hex	filename
   1236	      8	   1568	   2812	    afc	led_driver.elf
Finished building: default.size.stdout
 
05:12:16 **** Incremental Build of configuration Debug for project led_driver ****
make -j4 all 
arm-none-eabi-gcc "../Src/bootloader.c" -mcpu=cortex-m4 -std=gnu11 -g3 -DDEBUG -DSTM32 -DSTM32F4 -DSTM32F411RETx -DSTM32F411xE -c -I../Inc -I"..//chip_headers/CMSIS/Include" -I"..//chip_headers/CMSIS/Device/ST/STM32F4xx/Include" -O0 -ffunction-sections -fdata-sections -Wall -fstack-usage -fcyclomatic-complexity -MMD -MP -MF"Src/bootloader.d" -MT"Src/bootloader.o" --specs=nano.specs -mfpu=fpv4-sp-d16 -mfloat-abi=hard -mthumb -o "Src/bootloader.o"
arm-none-eabi-gcc "../Src/main.c" -mcpu=cortex-m4 -std=gnu11 -g3 -DDEBUG -DSTM32 -DSTM32F4 -DSTM32F411RETx -DSTM32F411xE -c -I../Inc -I"..//chip_headers/CMSIS/Include" -I"..//chip_headers/CMSIS/Device/ST/STM32F4xx/Include" -O0 -ffunction-sections -fdata-sections -Wall -fstack-usage -fcyclomatic-complexity -MMD -MP -MF"Src/main.d" -MT"Src/main.o" --specs=nano.specs -mfpu=fpv4-sp-d16 -mfloat-abi=hard -mthumb -o "Src/main.o"
arm-none-eabi-gcc "../Src/usart.c" -mcpu=cortex-m4 -std=gnu11 -g3 -DDEBUG -DSTM32 -DSTM32F4 -DSTM32F411RETx -DSTM32F411xE -c -I../Inc -I"..//chip_headers/CMSIS/Include" -I"..//chip_headers/CMSIS/Device/ST/STM32F4xx/Include" -O0 -ffunction-sections -fdata-sections -Wall -fstack-usage -fcyclomatic-complexity -MMD -MP -MF"Src/usart.d" -MT"Src/usart.o" --specs=nano.specs -mfpu=fpv4-sp-d16 -mfloat-abi=hard -mthumb -o "Src/usart.o"
../Src/bootloader.c: In function 'bootloader_uart_read_data':
../Src/bootloader.c:12:17: warning: implicit declaration of function 'memset' [-Wimplicit-function-declaration]
   12 |                 memset(bl_rx_buffer,0,200);
      |                 ^~~~~~
../Src/bootloader.c:2:1: note: include '<string.h>' or provide a declaration of 'memset'
    1 | #include "bootloader.h"
  +++ |+#include <string.h>
    2 | 
../Src/bootloader.c:12:17: warning: incompatible implicit declaration of built-in function 'memset' [-Wbuiltin-declaration-mismatch]
   12 |                 memset(bl_rx_buffer,0,200);
      |                 ^~~~~~
../Src/bootloader.c:12:17: note: include '<string.h>' or provide a declaration of 'memset'
../Src/bootloader.c:62:17: warning: implicit declaration of function 'sprintf' [-Wimplicit-function-declaration]
   62 |                 sprintf(payLoad,"BL_DEBUG_MSG:Invalid command code received from host \n");
      |                 ^~~~~~~
../Src/bootloader.c:2:1: note: include '<stdio.h>' or provide a declaration of 'sprintf'
    1 | #include "bootloader.h"
  +++ |+#include <stdio.h>
    2 | 
../Src/bootloader.c:62:17: warning: incompatible implicit declaration of built-in function 'sprintf' [-Wbuiltin-declaration-mismatch]
   62 |                 sprintf(payLoad,"BL_DEBUG_MSG:Invalid command code received from host \n");
      |                 ^~~~~~~
../Src/bootloader.c:62:17: note: include '<stdio.h>' or provide a declaration of 'sprintf'
../Src/bootloader.c:62:25: warning: pointer targets in passing argument 1 of 'sprintf' differ in signedness [-Wpointer-sign]
   62 |                 sprintf(payLoad,"BL_DEBUG_MSG:Invalid command code received from host \n");
      |                         ^~~~~~~
      |                         |
      |                         uint8_t * {aka unsigned char *}
../Src/bootloader.c:62:25: note: expected 'char *' but argument is of type 'uint8_t *' {aka 'unsigned char *'}
../Src/bootloader.c:8:13: warning: variable 'rcv_len' set but not used [-Wunused-but-set-variable]
    8 |     uint8_t rcv_len=0;
      |             ^~~~~~~
../Src/usart.c: In function 'usart_receive_bytes':
../Src/bootloader.c: In function 'bootloader_jump_to_user_app':
../Src/usart.c:80:36: warning: pointer targets in passing argument 1 of 'usart_receive_char' differ in signedness [-Wpointer-sign]
   80 |                 usart_receive_char(&(*data)[i]);
      |                                    ^~~~~~~~~~~
      |                                    |
      |                                    char *
../Src/bootloader.c:79:5: warning: incompatible implicit declaration of built-in function 'sprintf' [-Wbuiltin-declaration-mismatch]
   79 |     sprintf(payLoad ,"BL_DEBUG_MSG:bootloader_jump_to_user_app\n");
      |     ^~~~~~~
../Src/usart.c:69:34: note: expected 'uint8_t *' {aka 'unsigned char *'} but argument is of type 'char *'
   69 | void usart_receive_char(uint8_t *data)
      |                         ~~~~~~~~~^~~~
../Src/bootloader.c:79:5: note: include '<stdio.h>' or provide a declaration of 'sprintf'
../Src/bootloader.c:79:13: warning: pointer targets in passing argument 1 of 'sprintf' differ in signedness [-Wpointer-sign]
   79 |     sprintf(payLoad ,"BL_DEBUG_MSG:bootloader_jump_to_user_app\n");
      |             ^~~~~~~
      |             |
      |             uint8_t * {aka unsigned char *}
../Src/bootloader.c:79:13: note: expected 'char *' but argument is of type 'uint8_t *' {aka 'unsigned char *'}
../Src/bootloader.c:84:13: warning: pointer targets in passing argument 1 of 'sprintf' differ in signedness [-Wpointer-sign]
   84 |     sprintf(payLoad,"BL_DEBUG_MSG:MSP value : %#x\n",msp_value);
      |             ^~~~~~~
      |             |
      |             uint8_t * {aka unsigned char *}
../Src/bootloader.c:84:13: note: expected 'char *' but argument is of type 'uint8_t *' {aka 'unsigned char *'}
../Src/bootloader.c:84:49: warning: format '%x' expects argument of type 'unsigned int', but argument 3 has type 'uint32_t' {aka 'long unsigned int'} [-Wformat=]
   84 |     sprintf(payLoad,"BL_DEBUG_MSG:MSP value : %#x\n",msp_value);
      |                                               ~~^    ~~~~~~~~~
      |                                                 |    |
      |                                                 |    uint32_t {aka long unsigned int}
      |                                                 unsigned int
      |                                               %#lx
../Src/bootloader.c:99:13: warning: pointer targets in passing argument 1 of 'sprintf' differ in signedness [-Wpointer-sign]
   99 |     sprintf(payLoad,"BL_DEBUG_MSG: app reset handler addr : %#x\n",app_reset_handler);
      |             ^~~~~~~
      |             |
      |             uint8_t * {aka unsigned char *}
../Src/bootloader.c:99:13: note: expected 'char *' but argument is of type 'uint8_t *' {aka 'unsigned char *'}
../Src/bootloader.c:99:63: warning: format '%x' expects argument of type 'unsigned int', but argument 3 has type 'void (*)(void)' [-Wformat=]
   99 |     sprintf(payLoad,"BL_DEBUG_MSG: app reset handler addr : %#x\n",app_reset_handler);
      |                                                             ~~^    ~~~~~~~~~~~~~~~~~
      |                                                               |    |
      |                                                               |    void (*)(void)
      |                                                               unsigned int
../Src/bootloader.c: In function 'bootloader_handle_getver_cmd':
../Src/bootloader.c:114:7: warning: incompatible implicit declaration of built-in function 'sprintf' [-Wbuiltin-declaration-mismatch]
  114 |       sprintf(payLoad,"BL_DEBUG_MSG:bootloader_handle_getver_cmd\n");
      |       ^~~~~~~
../Src/bootloader.c:114:7: note: include '<stdio.h>' or provide a declaration of 'sprintf'
../Src/bootloader.c:114:15: warning: pointer targets in passing argument 1 of 'sprintf' differ in signedness [-Wpointer-sign]
  114 |       sprintf(payLoad,"BL_DEBUG_MSG:bootloader_handle_getver_cmd\n");
      |               ^~~~~~~
      |               |
      |               uint8_t * {aka unsigned char *}
../Src/bootloader.c:114:15: note: expected 'char *' but argument is of type 'uint8_t *' {aka 'unsigned char *'}
../Src/bootloader.c:122:11: warning: implicit declaration of function 'bootloader_verify_crc' [-Wimplicit-function-declaration]
  122 |     if (! bootloader_verify_crc(&bl_rx_buffer[0],command_packet_len-4,host_crc))
      |           ^~~~~~~~~~~~~~~~~~~~~
../Src/bootloader.c:124:17: warning: pointer targets in passing argument 1 of 'sprintf' differ in signedness [-Wpointer-sign]
  124 |         sprintf(payLoad,"BL_DEBUG_MSG:checksum success !!\n");
      |                 ^~~~~~~
      |                 |
      |                 uint8_t * {aka unsigned char *}
../Src/bootloader.c:124:17: note: expected 'char *' but argument is of type 'uint8_t *' {aka 'unsigned char *'}
../Src/main.c: In function 'main':
../Src/main.c:19:36: warning: pointer targets in passing argument 1 of 'usart_receive_char' differ in signedness [-Wpointer-sign]
   19 |                 usart_receive_char(&data);
      |                                    ^~~~~
      |                                    |
      |                                    char *
In file included from ../Src/main.c:2:
../Inc/usart.h:8:34: note: expected 'uint8_t *' {aka 'unsigned char *'} but argument is of type 'char *'
    8 | void usart_receive_char(uint8_t *data);
      |                         ~~~~~~~~~^~~~
../Src/bootloader.c:128:20: warning: implicit declaration of function 'get_bootloader_version' [-Wimplicit-function-declaration]
  128 |         bl_version=get_bootloader_version();
      |                    ^~~~~~~~~~~~~~~~~~~~~~
../Src/bootloader.c:129:9: warning: implicit declaration of function 'sprinf' [-Wimplicit-function-declaration]
  129 |         sprinf(payLoad,"BL_DEBUG_MSG:BL_VER : %d %#x\n",bl_version,bl_version);
      |         ^~~~~~
../Src/bootloader.c:135:17: warning: pointer targets in passing argument 1 of 'sprintf' differ in signedness [-Wpointer-sign]
  135 |         sprintf(payLoad,"BL_DEBUG_MSG:checksum fail !!\n");
      |                 ^~~~~~~
      |                 |
      |                 uint8_t * {aka unsigned char *}
../Src/bootloader.c:135:17: note: expected 'char *' but argument is of type 'uint8_t *' {aka 'unsigned char *'}
../Src/bootloader.c: In function 'bootloader_send_nack':
../Src/bootloader.c:168:26: warning: passing argument 1 of 'usart_send_bytes' makes pointer from integer without a cast [-Wint-conversion]
  168 |         usart_send_bytes(nack,sizeof(nack));
      |                          ^~~~
      |                          |
      |                          uint8_t {aka unsigned char}
In file included from ../Inc/bootloader.h:3,
                 from ../Src/bootloader.c:1:
../Inc/usart.h:7:31: note: expected 'uint8_t *' {aka 'unsigned char *'} but argument is of type 'uint8_t' {aka 'unsigned char'}
    7 | void usart_send_bytes(uint8_t data[],uint8_t byteLength);
      |                       ~~~~~~~~^~~~~~
arm-none-eabi-gcc -o "led_driver.elf" @"objects.list"   -mcpu=cortex-m4 -T"E:\RTOS_UDEMY\led_driver\STM32F411RETX_FLASH.ld" --specs=nosys.specs -Wl,-Map="led_driver.map" -Wl,--gc-sections -static --specs=nano.specs -mfpu=fpv4-sp-d16 -mfloat-abi=hard -mthumb -Wl,--start-group -lc -lm -Wl,--end-group
Finished building target: led_driver.elf
 
arm-none-eabi-size   led_driver.elf 
arm-none-eabi-objdump -h -S  led_driver.elf  > "led_driver.list"
   text	   data	    bss	    dec	    hex	filename
   1236	      8	   1568	   2812	    afc	led_driver.elf
Finished building: default.size.stdout
 
Finished building: led_driver.list
 
05:12:25 **** Incremental Build of configuration Debug for project led_driver ****
make -j4 all 
arm-none-eabi-size   led_driver.elf 
   text	   data	    bss	    dec	    hex	filename
   1236	      8	   1568	   2812	    afc	led_driver.elf
Finished building: default.size.stdout
 
05:13:26 **** Incremental Build of configuration Debug for project led_driver ****
make -j4 all 
arm-none-eabi-gcc "../Src/main.c" -mcpu=cortex-m4 -std=gnu11 -g3 -DDEBUG -DSTM32 -DSTM32F4 -DSTM32F411RETx -DSTM32F411xE -c -I../Inc -I"..//chip_headers/CMSIS/Include" -I"..//chip_headers/CMSIS/Device/ST/STM32F4xx/Include" -O0 -ffunction-sections -fdata-sections -Wall -fstack-usage -fcyclomatic-complexity -MMD -MP -MF"Src/main.d" -MT"Src/main.o" --specs=nano.specs -mfpu=fpv4-sp-d16 -mfloat-abi=hard -mthumb -o "Src/main.o"
arm-none-eabi-gcc "../Src/usart.c" -mcpu=cortex-m4 -std=gnu11 -g3 -DDEBUG -DSTM32 -DSTM32F4 -DSTM32F411RETx -DSTM32F411xE -c -I../Inc -I"..//chip_headers/CMSIS/Include" -I"..//chip_headers/CMSIS/Device/ST/STM32F4xx/Include" -O0 -ffunction-sections -fdata-sections -Wall -fstack-usage -fcyclomatic-complexity -MMD -MP -MF"Src/usart.d" -MT"Src/usart.o" --specs=nano.specs -mfpu=fpv4-sp-d16 -mfloat-abi=hard -mthumb -o "Src/usart.o"
../Src/usart.c: In function 'usart_receive_bytes':
../Src/usart.c:80:36: warning: pointer targets in passing argument 1 of 'usart_receive_char' differ in signedness [-Wpointer-sign]
   80 |                 usart_receive_char(&(*data)[i]);
      |                                    ^~~~~~~~~~~
      |                                    |
      |                                    char *
../Src/usart.c:69:34: note: expected 'uint8_t *' {aka 'unsigned char *'} but argument is of type 'char *'
   69 | void usart_receive_char(uint8_t *data)
      |                         ~~~~~~~~~^~~~
arm-none-eabi-gcc -o "led_driver.elf" @"objects.list"   -mcpu=cortex-m4 -T"E:\RTOS_UDEMY\led_driver\STM32F411RETX_FLASH.ld" --specs=nosys.specs -Wl,-Map="led_driver.map" -Wl,--gc-sections -static --specs=nano.specs -mfpu=fpv4-sp-d16 -mfloat-abi=hard -mthumb -Wl,--start-group -lc -lm -Wl,--end-group
Finished building target: led_driver.elf
 
arm-none-eabi-size   led_driver.elf 
arm-none-eabi-objdump -h -S  led_driver.elf  > "led_driver.list"
   text	   data	    bss	    dec	    hex	filename
   1236	      8	   1568	   2812	    afc	led_driver.elf
Finished building: default.size.stdout
 
Finished building: led_driver.list
 
05:13:41 **** Incremental Build of configuration Debug for project led_driver ****
make -j4 all 
arm-none-eabi-size   led_driver.elf 
   text	   data	    bss	    dec	    hex	filename
   1236	      8	   1568	   2812	    afc	led_driver.elf
Finished building: default.size.stdout
 
05:16:49 **** Incremental Build of configuration Debug for project led_driver ****
make -j4 all 
arm-none-eabi-gcc "../Src/main.c" -mcpu=cortex-m4 -std=gnu11 -g3 -DDEBUG -DSTM32 -DSTM32F4 -DSTM32F411RETx -DSTM32F411xE -c -I../Inc -I"..//chip_headers/CMSIS/Include" -I"..//chip_headers/CMSIS/Device/ST/STM32F4xx/Include" -O0 -ffunction-sections -fdata-sections -Wall -fstack-usage -fcyclomatic-complexity -MMD -MP -MF"Src/main.d" -MT"Src/main.o" --specs=nano.specs -mfpu=fpv4-sp-d16 -mfloat-abi=hard -mthumb -o "Src/main.o"
../Src/main.c: In function 'main':
../Src/main.c:19:17: warning: 'data' is used uninitialized [-Wuninitialized]
   19 |                 usart_receive_char(data);
      |                 ^~~~~~~~~~~~~~~~~~~~~~~~
arm-none-eabi-gcc -o "led_driver.elf" @"objects.list"   -mcpu=cortex-m4 -T"E:\RTOS_UDEMY\led_driver\STM32F411RETX_FLASH.ld" --specs=nosys.specs -Wl,-Map="led_driver.map" -Wl,--gc-sections -static --specs=nano.specs -mfpu=fpv4-sp-d16 -mfloat-abi=hard -mthumb -Wl,--start-group -lc -lm -Wl,--end-group
Finished building target: led_driver.elf
 
arm-none-eabi-size   led_driver.elf 
arm-none-eabi-objdump -h -S  led_driver.elf  > "led_driver.list"
   text	   data	    bss	    dec	    hex	filename
   1240	      8	   1568	   2816	    b00	led_driver.elf
Finished building: default.size.stdout
 
Finished building: led_driver.list
 
05:16:58 **** Incremental Build of configuration Debug for project led_driver ****
make -j4 all 
arm-none-eabi-size   led_driver.elf 
   text	   data	    bss	    dec	    hex	filename
   1240	      8	   1568	   2816	    b00	led_driver.elf
Finished building: default.size.stdout
 
05:18:27 **** Incremental Build of configuration Debug for project led_driver ****
make -j4 all 
arm-none-eabi-gcc "../Src/main.c" -mcpu=cortex-m4 -std=gnu11 -g3 -DDEBUG -DSTM32 -DSTM32F4 -DSTM32F411RETx -DSTM32F411xE -c -I../Inc -I"..//chip_headers/CMSIS/Include" -I"..//chip_headers/CMSIS/Device/ST/STM32F4xx/Include" -O0 -ffunction-sections -fdata-sections -Wall -fstack-usage -fcyclomatic-complexity -MMD -MP -MF"Src/main.d" -MT"Src/main.o" --specs=nano.specs -mfpu=fpv4-sp-d16 -mfloat-abi=hard -mthumb -o "Src/main.o"
../Src/main.c: In function 'main':
../Src/main.c:19:17: warning: 'data' is used uninitialized [-Wuninitialized]
   19 |                 usart_receive_char(data);
      |                 ^~~~~~~~~~~~~~~~~~~~~~~~
arm-none-eabi-gcc -o "led_driver.elf" @"objects.list"   -mcpu=cortex-m4 -T"E:\RTOS_UDEMY\led_driver\STM32F411RETX_FLASH.ld" --specs=nosys.specs -Wl,-Map="led_driver.map" -Wl,--gc-sections -static --specs=nano.specs -mfpu=fpv4-sp-d16 -mfloat-abi=hard -mthumb -Wl,--start-group -lc -lm -Wl,--end-group
Finished building target: led_driver.elf
 
arm-none-eabi-size   led_driver.elf 
arm-none-eabi-objdump -h -S  led_driver.elf  > "led_driver.list"
   text	   data	    bss	    dec	    hex	filename
   1240	      8	   1568	   2816	    b00	led_driver.elf
Finished building: default.size.stdout
 
Finished building: led_driver.list
 
